Archive member included because of file (symbol)

.\CortexM0\ARM_GCC_493\Debug\CapSenseRGB.a(cyfitter_cfg.o)
                              .\CortexM0\ARM_GCC_493\Debug\Cm0Start.o (cyfitter_cfg)
.\CortexM0\ARM_GCC_493\Debug\CapSenseRGB.a(RED.o)
                              .\CortexM0\ARM_GCC_493\Debug\main.o (RED_SetDriveMode)
.\CortexM0\ARM_GCC_493\Debug\CapSenseRGB.a(GREEN.o)
                              .\CortexM0\ARM_GCC_493\Debug\main.o (GREEN_SetDriveMode)
.\CortexM0\ARM_GCC_493\Debug\CapSenseRGB.a(BLUE.o)
                              .\CortexM0\ARM_GCC_493\Debug\main.o (BLUE_SetDriveMode)
.\CortexM0\ARM_GCC_493\Debug\CapSenseRGB.a(CyBootAsmGnu.o)
                              .\CortexM0\ARM_GCC_493\Debug\CapSenseRGB.a(cyfitter_cfg.o) (CyDelayCycles)
.\CortexM0\ARM_GCC_493\Debug\CapSenseRGB.a(CyLib.o)
                              .\CortexM0\ARM_GCC_493\Debug\CapSenseRGB.a(cyfitter_cfg.o) (CySysClkWriteImoFreq)
.\CortexM0\ARM_GCC_493\Debug\CapSenseRGB.a(CyLFClk.o)
                              .\CortexM0\ARM_GCC_493\Debug\CapSenseRGB.a(cyfitter_cfg.o) (CySysClkWcoStart)
.\CortexM0\ARM_GCC_493\Debug\CapSenseRGB.a(BLE.o)
                              .\CortexM0\ARM_GCC_493\Debug\main.o (CyBle_Start)
.\CortexM0\ARM_GCC_493\Debug\CapSenseRGB.a(BLE_gatt.o)
                              .\CortexM0\ARM_GCC_493\Debug\main.o (cyBle_state)
.\CortexM0\ARM_GCC_493\Debug\CapSenseRGB.a(BLE_eventHandler.o)
                              .\CortexM0\ARM_GCC_493\Debug\CapSenseRGB.a(BLE.o) (cyBle_connHandle)
.\CortexM0\ARM_GCC_493\Debug\CapSenseRGB.a(BLE_custom.o)
                              .\CortexM0\ARM_GCC_493\Debug\CapSenseRGB.a(BLE.o) (CyBle_CustomInit)
.\CortexM0\ARM_GCC_493\Debug\CapSenseRGB.a(RedGreenPrISM.o)
                              .\CortexM0\ARM_GCC_493\Debug\main.o (RedGreenPrISM_WritePulse0)
.\CortexM0\ARM_GCC_493\Debug\CapSenseRGB.a(BluePrISM.o)
                              .\CortexM0\ARM_GCC_493\Debug\main.o (BluePrISM_WritePulse0)
.\CortexM0\ARM_GCC_493\Debug\CapSenseRGB.a(Slider.o)
                              .\CortexM0\ARM_GCC_493\Debug\main.o (Slider_Start)
.\CortexM0\ARM_GCC_493\Debug\CapSenseRGB.a(Slider_CSHL.o)
                              .\CortexM0\ARM_GCC_493\Debug\main.o (Slider_InitializeAllBaselines)
.\CortexM0\ARM_GCC_493\Debug\CapSenseRGB.a(Slider_INT.o)
                              .\CortexM0\ARM_GCC_493\Debug\CapSenseRGB.a(Slider.o) (Slider_ISR)
.\CortexM0\ARM_GCC_493\Debug\CapSenseRGB.a(Slider_SMS.o)
                              .\CortexM0\ARM_GCC_493\Debug\CapSenseRGB.a(Slider_CSHL.o) (Slider_UpdateThresholds)
.\CortexM0\ARM_GCC_493\Debug\CapSenseRGB.a(Slider_SampleClk.o)
                              .\CortexM0\ARM_GCC_493\Debug\CapSenseRGB.a(Slider.o) (Slider_SampleClk_StartEx)
.\CortexM0\ARM_GCC_493\Debug\CapSenseRGB.a(Slider_SenseClk.o)
                              .\CortexM0\ARM_GCC_493\Debug\CapSenseRGB.a(Slider.o) (Slider_SenseClk_StartEx)
C:\Program Files (x86)\Cypress\PSoC Creator\3.3\PSoC Creator\psoc\content\cycomponentlibrary\CyComponentLibrary.cylib\BLE_v2_10\Library\gccCyBLEStack_BLE_SOC_PERIPHERAL.a(CyBle.o)
                              .\CortexM0\ARM_GCC_493\Debug\main.o (CyBle_ProcessEvents)
C:\Program Files (x86)\Cypress\PSoC Creator\3.3\PSoC Creator\psoc\content\cycomponentlibrary\CyComponentLibrary.cylib\BLE_v2_10\Library\gccCyBLEStack_BLE_SOC_PERIPHERAL.a(CyBleStackMgrIP_Interface.o)
                              C:\Program Files (x86)\Cypress\PSoC Creator\3.3\PSoC Creator\psoc\content\cycomponentlibrary\CyComponentLibrary.cylib\BLE_v2_10\Library\gccCyBLEStack_BLE_SOC_PERIPHERAL.a(CyBle.o) (CyBleStackMgr_Init)
C:\Program Files (x86)\Cypress\PSoC Creator\3.3\PSoC Creator\psoc\content\cycomponentlibrary\CyComponentLibrary.cylib\BLE_v2_10\Library\gccCyBLEStack_BLE_SOC_PERIPHERAL.a(BT_os.o)
                              C:\Program Files (x86)\Cypress\PSoC Creator\3.3\PSoC Creator\psoc\content\cycomponentlibrary\CyComponentLibrary.cylib\BLE_v2_10\Library\gccCyBLEStack_BLE_SOC_PERIPHERAL.a(CyBleStackMgrIP_Interface.o) (cyBleStackMemoryConfig)
C:\Program Files (x86)\Cypress\PSoC Creator\3.3\PSoC Creator\psoc\content\cycomponentlibrary\CyComponentLibrary.cylib\BLE_v2_10\Library\gccCyBLEStack_BLE_SOC_PERIPHERAL.a(CyBleStackMgr_StackTaskHandler.o)
                              C:\Program Files (x86)\Cypress\PSoC Creator\3.3\PSoC Creator\psoc\content\cycomponentlibrary\CyComponentLibrary.cylib\BLE_v2_10\Library\gccCyBLEStack_BLE_SOC_PERIPHERAL.a(CyBleStackMgrIP_Interface.o) (CyBle_CreateBleStackTask)
C:\Program Files (x86)\Cypress\PSoC Creator\3.3\PSoC Creator\psoc\content\cycomponentlibrary\CyComponentLibrary.cylib\BLE_v2_10\Library\gccCyBLEStack_BLE_SOC_PERIPHERAL.a(transport_sf.o)
                              C:\Program Files (x86)\Cypress\PSoC Creator\3.3\PSoC Creator\psoc\content\cycomponentlibrary\CyComponentLibrary.cylib\BLE_v2_10\Library\gccCyBLEStack_BLE_SOC_PERIPHERAL.a(CyBleStackMgr_StackTaskHandler.o) (hci_soft_transport_notify_data_received)
[...]
Memory Configuration

Name             Origin             Length             Attributes
rom              0x00000000         0x00020000         xr
ram              0x20000000         0x00004000         xrw
*default*        0x00000000         0xffffffff

Linker script and memory map

LOAD c:/program files (x86)/cypress/psoc creator/3.3/psoc creator/import/gnu/arm/4.9.3/bin/../lib/gcc/arm-none-eabi/4.9.3/armv6-m/crti.o
LOAD c:/program files (x86)/cypress/psoc creator/3.3/psoc creator/import/gnu/arm/4.9.3/bin/../lib/gcc/arm-none-eabi/4.9.3/armv6-m/crtbegin.o
LOAD c:/program files (x86)/cypress/psoc creator/3.3/psoc creator/import/gnu/arm/4.9.3/bin/../lib/gcc/arm-none-eabi/4.9.3/../../../../arm-none-eabi/lib/armv6-m/crt0.o
START GROUP
LOAD .\CortexM0\ARM_GCC_493\Debug\main.o
LOAD .\CortexM0\ARM_GCC_493\Debug\cymetadata.o
LOAD .\CortexM0\ARM_GCC_493\Debug\Cm0Start.o
LOAD .\CortexM0\ARM_GCC_493\Debug\CapSenseRGB.a
LOAD C:\Program Files (x86)\Cypress\PSoC Creator\3.3\PSoC Creator\psoc\content\cycomponentlibrary\CyComponentLibrary.cylib\BLE_v2_10\Library\gccCyBLEStack_BLE_SOC_PERIPHERAL.a
LOAD C:\Program Files (x86)\Cypress\PSoC Creator\3.3\PSoC Creator\psoc\content\cycomponentlibrary\CyComponentLibrary.cylib\CapSense_CSD_P4_v2_20\PSoC4\Library\CapsenseP4Library_GCC.a
LOAD C:\Program Files (x86)\Cypress\PSoC Creator\3.3\PSoC Creator\psoc\content\cycomponentlibrary\CyComponentLibrary.cylib\CortexM0\ARM_GCC_493\Debug\CyComponentLibrary.a
END GROUP
START GROUP
LOAD c:/program files (x86)/cypress/psoc creator/3.3/psoc creator/import/gnu/arm/4.9.3/bin/../lib/gcc/arm-none-eabi/4.9.3/armv6-m\libgcc.a
LOAD c:/program files (x86)/cypress/psoc creator/3.3/psoc creator/import/gnu/arm/4.9.3/bin/../lib/gcc/arm-none-eabi/4.9.3/../../../../arm-none-eabi/lib/armv6-m\libg_nano.a
LOAD c:/program files (x86)/cypress/psoc creator/3.3/psoc creator/import/gnu/arm/4.9.3/bin/../lib/gcc/arm-none-eabi/4.9.3/../../../../arm-none-eabi/lib/armv6-m\libc_nano.a
END GROUP
START GROUP
LOAD c:/program files (x86)/cypress/psoc creator/3.3/psoc creator/import/gnu/arm/4.9.3/bin/../lib/gcc/arm-none-eabi/4.9.3/armv6-m\libgcc.a
LOAD c:/program files (x86)/cypress/psoc creator/3.3/psoc creator/import/gnu/arm/4.9.3/bin/../lib/gcc/arm-none-eabi/4.9.3/../../../../arm-none-eabi/lib/armv6-m\libc_nano.a
END GROUP
LOAD c:/program files (x86)/cypress/psoc creator/3.3/psoc creator/import/gnu/arm/4.9.3/bin/../lib/gcc/arm-none-eabi/4.9.3/armv6-m/crtend.o
LOAD c:/program files (x86)/cypress/psoc creator/3.3/psoc creator/import/gnu/arm/4.9.3/bin/../lib/gcc/arm-none-eabi/4.9.3/armv6-m/crtn.o
START GROUP
LOAD c:/program files (x86)/cypress/psoc creator/3.3/psoc creator/import/gnu/arm/4.9.3/bin/../lib/gcc/arm-none-eabi/4.9.3/armv6-m\libgcc.a
LOAD c:/program files (x86)/cypress/psoc creator/3.3/psoc creator/import/gnu/arm/4.9.3/bin/../lib/gcc/arm-none-eabi/4.9.3/../../../../arm-none-eabi/lib/armv6-m\libc.a
LOAD c:/program files (x86)/cypress/psoc creator/3.3/psoc creator/import/gnu/arm/4.9.3/bin/../lib/gcc/arm-none-eabi/4.9.3/../../../../arm-none-eabi/lib/armv6-m\libnosys.a
END GROUP
                0x00000000                CY_APPL_ORIGIN = 0x0
                0x00000080                CY_FLASH_ROW_SIZE = 0x80
                0x00000001                CY_APPL_NUM = 0x1
                0x00000040                CY_METADATA_SIZE = 0x40
                0x20001ef8                PROVIDE (__cy_heap_start, _end)
                0x00000001                PROVIDE (__cy_region_num, ((__cy_regions_end - __cy_regions) / 0x10))
                0x20004000                PROVIDE (__cy_stack, (ORIGIN (ram) + 0x4000))
                0x20003800                PROVIDE (__cy_heap_end, (__cy_stack - 0x800))

.cybootloader   0x00000000        0x0
 *(.cybootloader)
                0x00000000                appl1_start = CY_APPL_ORIGIN?CY_APPL_ORIGIN:ALIGN (CY_FLASH_ROW_SIZE)
                0x0000ff80                appl2_start = (appl1_start + ALIGN ((((0x20000 - appl1_start) - (0x2 * CY_FLASH_ROW_SIZE)) / 0x2), CY_FLASH_ROW_SIZE))
                0x00000000                appl_start = (CY_APPL_NUM == 0x1)?appl1_start:appl2_start

.text           0x00000000     0x1d58
 CREATE_OBJECT_SYMBOLS
                0x00000000                PROVIDE (__cy_interrupt_vector, RomVectors)
 *(.romvectors)
 .romvectors    0x00000000       0x10 .\CortexM0\ARM_GCC_493\Debug\Cm0Start.o
                0x00000000                RomVectors
                0x00000001                ASSERT ((. != __cy_interrupt_vector), No interrupt vector)
                0x00000001                ASSERT (CY_APPL_ORIGIN?(SIZEOF (.cybootloader) <= CY_APPL_ORIGIN):0x1, Wrong image location)
                0x00000010                PROVIDE (__cy_reset, Reset)
 *(.text.Reset)
 .text.Reset    0x00000010        0x8 .\CortexM0\ARM_GCC_493\Debug\Cm0Start.o
                0x00000010                Reset
                0x00000001                ASSERT ((. != __cy_reset), No reset code)
 *(.psocinit)
 .psocinit      0x00000018      0x238 .\CortexM0\ARM_GCC_493\Debug\CapSenseRGB.a(cyfitter_cfg.o)
                0x00000120                cyfitter_cfg
                0x00000250                . = MAX (., 0x100)
 *(.text .text.* .gnu.linkonce.t.*)
 .text          0x00000250       0x60 c:/program files (x86)/cypress/psoc creator/3.3/psoc creator/import/gnu/arm/4.9.3/bin/../lib/gcc/arm-none-eabi/4.9.3/armv6-m/crtbegin.o
 .text.bluetoothEventHandler
                0x000002b0       0x4c .\CortexM0\ARM_GCC_493\Debug\main.o
                0x000002b0                bluetoothEventHandler
 .text.initializeSystem
                0x000002fc       0x44 .\CortexM0\ARM_GCC_493\Debug\main.o
                0x000002fc                initializeSystem
 .text.main     0x00000340        0xc .\CortexM0\ARM_GCC_493\Debug\main.o
                0x00000340                main
 .text.IntDefaultHandler
                0x0000034c        0x4 .\CortexM0\ARM_GCC_493\Debug\Cm0Start.o
                0x0000034c                IntDefaultHandler
 .text.Start_c  0x00000350       0x48 .\CortexM0\ARM_GCC_493\Debug\Cm0Start.o
                0x00000350                Start_c
 .text.initialize_psoc
                0x00000398       0x54 .\CortexM0\ARM_GCC_493\Debug\Cm0Start.o
                0x00000398                initialize_psoc
 .text.cfg_write_bytes32
                0x000003ec       0x34 .\CortexM0\ARM_GCC_493\Debug\CapSenseRGB.a(cyfitter_cfg.o)
 .text.CYMEMZERO
                0x00000420        0xc .\CortexM0\ARM_GCC_493\Debug\CapSenseRGB.a(cyfitter_cfg.o)
 .text.SetAnalogRoutingPumps
                0x0000042c       0x40 .\CortexM0\ARM_GCC_493\Debug\CapSenseRGB.a(cyfitter_cfg.o)
                0x0000042c                SetAnalogRoutingPumps
 .text.AnalogSetDefault
                0x0000046c       0x28 .\CortexM0\ARM_GCC_493\Debug\CapSenseRGB.a(cyfitter_cfg.o)
 .text.RED_SetDriveMode
                0x00000494       0x18 .\CortexM0\ARM_GCC_493\Debug\CapSenseRGB.a(RED.o)
                0x00000494                RED_SetDriveMode
 .text.GREEN_SetDriveMode
                0x000004ac       0x18 .\CortexM0\ARM_GCC_493\Debug\CapSenseRGB.a(GREEN.o)
                0x000004ac                GREEN_SetDriveMode
 .text.BLUE_SetDriveMode
                0x000004c4       0x18 .\CortexM0\ARM_GCC_493\Debug\CapSenseRGB.a(BLUE.o)
                0x000004c4                BLUE_SetDriveMode
 *fill*         0x000004dc        0x4 
 .text          0x000004e0       0x20 .\CortexM0\ARM_GCC_493\Debug\CapSenseRGB.a(CyBootAsmGnu.o)
                0x000004e0                CyDelayCycles
                0x000004f2                CyEnterCriticalSection
                0x000004fa                CyExitCriticalSection
 .text.CySysClkWriteImoFreq
                0x00000500       0x64 .\CortexM0\ARM_GCC_493\Debug\CapSenseRGB.a(CyLib.o)
                0x00000500                CySysClkWriteImoFreq
 .text.CySysClkEcoReadStatus
                0x00000564       0x10 .\CortexM0\ARM_GCC_493\Debug\CapSenseRGB.a(CyLib.o)
                0x00000564                CySysClkEcoReadStatus
 .text.CyIntEnable
                0x00000574       0x14 .\CortexM0\ARM_GCC_493\Debug\CapSenseRGB.a(CyLib.o)
                0x00000574                CyIntEnable
 .text.CyIntDisable
                0x00000588       0x14 .\CortexM0\ARM_GCC_493\Debug\CapSenseRGB.a(CyLib.o)
                0x00000588                CyIntDisable
 .text.CyIntClearPending
                0x0000059c       0x14 .\CortexM0\ARM_GCC_493\Debug\CapSenseRGB.a(CyLib.o)
                0x0000059c                CyIntClearPending
 .text.CyHalt   0x000005b0        0x4 .\CortexM0\ARM_GCC_493\Debug\CapSenseRGB.a(CyLib.o)
                0x000005b0                CyHalt
 .text.CyIntSetVector
                0x000005b4       0x24 .\CortexM0\ARM_GCC_493\Debug\CapSenseRGB.a(CyLib.o)
                0x000005b4                CyIntSetVector
 .text.CyIntSetPriority
                0x000005d8       0x4c .\CortexM0\ARM_GCC_493\Debug\CapSenseRGB.a(CyLib.o)
                0x000005d8                CyIntSetPriority
 .text.CyDelayUs
                0x00000624       0x14 .\CortexM0\ARM_GCC_493\Debug\CapSenseRGB.a(CyLib.o)
                0x00000624                CyDelayUs
 .text.CySysClkEcoStart
                0x00000638       0x54 .\CortexM0\ARM_GCC_493\Debug\CapSenseRGB.a(CyLib.o)
                0x00000638                CySysClkEcoStart
 .text.CySysWdtLocked
                0x0000068c       0x14 .\CortexM0\ARM_GCC_493\Debug\CapSenseRGB.a(CyLFClk.o)
 .text.CySysClkWcoStart
                0x000006a0       0x40 .\CortexM0\ARM_GCC_493\Debug\CapSenseRGB.a(CyLFClk.o)
                0x000006a0                CySysClkWcoStart
 .text.CySysClkWcoSetPowerMode
                0x000006e0       0x80 .\CortexM0\ARM_GCC_493\Debug\CapSenseRGB.a(CyLFClk.o)
                0x000006e0                CySysClkWcoSetPowerMode
 .text.CySysWdtLock
                0x00000760       0x1c .\CortexM0\ARM_GCC_493\Debug\CapSenseRGB.a(CyLFClk.o)
                0x00000760                CySysWdtLock
 .text.CySysWdtUnlock
                0x0000077c       0x30 .\CortexM0\ARM_GCC_493\Debug\CapSenseRGB.a(CyLFClk.o)
                0x0000077c                CySysWdtUnlock
 .text.CySysWdtClearInterrupt
                0x000007ac       0x4c .\CortexM0\ARM_GCC_493\Debug\CapSenseRGB.a(CyLFClk.o)
                0x000007ac                CySysWdtClearInterrupt
 .text.CySysWdtIsr
                0x000007f8       0xa4 .\CortexM0\ARM_GCC_493\Debug\CapSenseRGB.a(CyLFClk.o)
                0x000007f8                CySysWdtIsr
 .text.CyBle_ServiceInit
                0x0000089c        0x8 .\CortexM0\ARM_GCC_493\Debug\CapSenseRGB.a(BLE.o)
                0x0000089c                CyBle_ServiceInit
 .text.CyBle_Init
                0x000008a4       0x2c .\CortexM0\ARM_GCC_493\Debug\CapSenseRGB.a(BLE.o)
                0x000008a4                CyBle_Init
 .text.CyBle_Start
                0x000008d0       0x84 .\CortexM0\ARM_GCC_493\Debug\CapSenseRGB.a(BLE.o)
                0x000008d0                CyBle_Start
 .text.CyBle_GappStartAdvertisement
                0x00000954       0x90 .\CortexM0\ARM_GCC_493\Debug\CapSenseRGB.a(BLE.o)
                0x00000954                CyBle_GappStartAdvertisement
 .text.CyBle_ChangeAdDeviceAddress
                0x000009e4        0x4 .\CortexM0\ARM_GCC_493\Debug\CapSenseRGB.a(BLE.o)
                0x000009e4                CyBle_ChangeAdDeviceAddress
 .text.CyBle_Get16ByPtr
                0x000009e8        0xc .\CortexM0\ARM_GCC_493\Debug\CapSenseRGB.a(BLE.o)
                0x000009e8                CyBle_Get16ByPtr
 .text.CyBle_GattsWriteEventHandler
                0x000009f4       0x58 .\CortexM0\ARM_GCC_493\Debug\CapSenseRGB.a(BLE_gatt.o)
                0x000009f4                CyBle_GattsWriteEventHandler
 .text.CyBle_GattDisconnectEventHandler
                0x00000a4c       0x10 .\CortexM0\ARM_GCC_493\Debug\CapSenseRGB.a(BLE_eventHandler.o)
 .text.CyBle_IsDeviceAddressValid
                0x00000a5c       0x24 .\CortexM0\ARM_GCC_493\Debug\CapSenseRGB.a(BLE_eventHandler.o)
 .text.CyBle_WriteReqHandler
                0x00000a80       0x38 .\CortexM0\ARM_GCC_493\Debug\CapSenseRGB.a(BLE_eventHandler.o)
 .text.CyBle_EventHandler
                0x00000ab8      0x218 .\CortexM0\ARM_GCC_493\Debug\CapSenseRGB.a(BLE_eventHandler.o)
                0x00000ab8                CyBle_EventHandler
 .text.CyBle_CustomInit
                0x00000cd0        0x4 .\CortexM0\ARM_GCC_493\Debug\CapSenseRGB.a(BLE_custom.o)
                0x00000cd0                CyBle_CustomInit
 .text.RedGreenPrISM_Enable
                0x00000cd4       0x10 .\CortexM0\ARM_GCC_493\Debug\CapSenseRGB.a(RedGreenPrISM.o)
                0x00000cd4                RedGreenPrISM_Enable
 .text.RedGreenPrISM_WriteSeed
                0x00000ce4       0x18 .\CortexM0\ARM_GCC_493\Debug\CapSenseRGB.a(RedGreenPrISM.o)
                0x00000ce4                RedGreenPrISM_WriteSeed
 .text.RedGreenPrISM_WritePolynomial
                0x00000cfc        0xc .\CortexM0\ARM_GCC_493\Debug\CapSenseRGB.a(RedGreenPrISM.o)
                0x00000cfc                RedGreenPrISM_WritePolynomial
 .text.RedGreenPrISM_WritePulse0
                0x00000d08        0xc .\CortexM0\ARM_GCC_493\Debug\CapSenseRGB.a(RedGreenPrISM.o)
                0x00000d08                RedGreenPrISM_WritePulse0
 .text.RedGreenPrISM_WritePulse1
                0x00000d14        0xc .\CortexM0\ARM_GCC_493\Debug\CapSenseRGB.a(RedGreenPrISM.o)
                0x00000d14                RedGreenPrISM_WritePulse1
 .text.RedGreenPrISM_Init
                0x00000d20       0x48 .\CortexM0\ARM_GCC_493\Debug\CapSenseRGB.a(RedGreenPrISM.o)
                0x00000d20                RedGreenPrISM_Init
 .text.RedGreenPrISM_Start
                0x00000d68       0x20 .\CortexM0\ARM_GCC_493\Debug\CapSenseRGB.a(RedGreenPrISM.o)
                0x00000d68                RedGreenPrISM_Start
 .text.BluePrISM_Enable
                0x00000d88       0x10 .\CortexM0\ARM_GCC_493\Debug\CapSenseRGB.a(BluePrISM.o)
                0x00000d88                BluePrISM_Enable
 .text.BluePrISM_WriteSeed
                0x00000d98       0x18 .\CortexM0\ARM_GCC_493\Debug\CapSenseRGB.a(BluePrISM.o)
                0x00000d98                BluePrISM_WriteSeed
 .text.BluePrISM_WritePolynomial
                0x00000db0        0xc .\CortexM0\ARM_GCC_493\Debug\CapSenseRGB.a(BluePrISM.o)
                0x00000db0                BluePrISM_WritePolynomial
 .text.BluePrISM_WritePulse0
                0x00000dbc        0xc .\CortexM0\ARM_GCC_493\Debug\CapSenseRGB.a(BluePrISM.o)
                0x00000dbc                BluePrISM_WritePulse0
 .text.BluePrISM_WritePulse1
                0x00000dc8        0xc .\CortexM0\ARM_GCC_493\Debug\CapSenseRGB.a(BluePrISM.o)
                0x00000dc8                BluePrISM_WritePulse1
 .text.BluePrISM_Init
                0x00000dd4       0x48 .\CortexM0\ARM_GCC_493\Debug\CapSenseRGB.a(BluePrISM.o)
                0x00000dd4                BluePrISM_Init
 .text.BluePrISM_Start
                0x00000e1c       0x20 .\CortexM0\ARM_GCC_493\Debug\CapSenseRGB.a(BluePrISM.o)
                0x00000e1c                BluePrISM_Start
 .text.Slider_CsdHwBlockInit
                0x00000e3c       0x80 .\CortexM0\ARM_GCC_493\Debug\CapSenseRGB.a(Slider.o)
                0x00000e3c                Slider_CsdHwBlockInit
 .text.Slider_Enable
                0x00000ebc       0x40 .\CortexM0\ARM_GCC_493\Debug\CapSenseRGB.a(Slider.o)
                0x00000ebc                Slider_Enable
 .text.Slider_IsBusy
                0x00000efc       0x10 .\CortexM0\ARM_GCC_493\Debug\CapSenseRGB.a(Slider.o)
                0x00000efc                Slider_IsBusy
 .text.Slider_ReadSensorRaw
                0x00000f0c       0x10 .\CortexM0\ARM_GCC_493\Debug\CapSenseRGB.a(Slider.o)
                0x00000f0c                Slider_ReadSensorRaw
 .text.Slider_EnableSensor
                0x00000f1c       0x48 .\CortexM0\ARM_GCC_493\Debug\CapSenseRGB.a(Slider.o)
                0x00000f1c                Slider_EnableSensor
 .text.Slider_DisableSensor
                0x00000f64       0x70 .\CortexM0\ARM_GCC_493\Debug\CapSenseRGB.a(Slider.o)
                0x00000f64                Slider_DisableSensor
 .text.Slider_ClearSensors
                0x00000fd4       0x14 .\CortexM0\ARM_GCC_493\Debug\CapSenseRGB.a(Slider.o)
                0x00000fd4                Slider_ClearSensors
 .text.Slider_SetShieldDelay
                0x00000fe8       0x14 .\CortexM0\ARM_GCC_493\Debug\CapSenseRGB.a(Slider.o)
                0x00000fe8                Slider_SetShieldDelay
 .text.Slider_Init
                0x00000ffc       0x28 .\CortexM0\ARM_GCC_493\Debug\CapSenseRGB.a(Slider.o)
                0x00000ffc                Slider_Init
 .text.Slider_Start
                0x00001024       0x38 .\CortexM0\ARM_GCC_493\Debug\CapSenseRGB.a(Slider.o)
                0x00001024                Slider_Start
 .text.Slider_GetBitValue
                0x0000105c       0x1c .\CortexM0\ARM_GCC_493\Debug\CapSenseRGB.a(Slider.o)
                0x0000105c                Slider_GetBitValue
 .text.Slider_FindNextSensor
                0x00001078       0x24 .\CortexM0\ARM_GCC_493\Debug\CapSenseRGB.a(Slider.o)
                0x00001078                Slider_FindNextSensor
 .text.Slider_PreScan
                0x0000109c      0x10c .\CortexM0\ARM_GCC_493\Debug\CapSenseRGB.a(Slider.o)
                0x0000109c                Slider_PreScan
 .text.Slider_ScanSensor
                0x000011a8       0x1c .\CortexM0\ARM_GCC_493\Debug\CapSenseRGB.a(Slider.o)
                0x000011a8                Slider_ScanSensor
 .text.Slider_PostScan
                0x000011c4       0x8c .\CortexM0\ARM_GCC_493\Debug\CapSenseRGB.a(Slider.o)
                0x000011c4                Slider_PostScan
 .text.Slider_SetBitValue
                0x00001250       0x28 .\CortexM0\ARM_GCC_493\Debug\CapSenseRGB.a(Slider.o)
                0x00001250                Slider_SetBitValue
 .text.Slider_GetSensorRaw
                0x00001278       0x2c .\CortexM0\ARM_GCC_493\Debug\CapSenseRGB.a(Slider.o)
                0x00001278                Slider_GetSensorRaw
 .text.Slider_NormalizeWidgets
                0x000012a4       0x40 .\CortexM0\ARM_GCC_493\Debug\CapSenseRGB.a(Slider.o)
                0x000012a4                Slider_NormalizeWidgets
 .text.Slider_BaseInit
                0x000012e4       0x24 .\CortexM0\ARM_GCC_493\Debug\CapSenseRGB.a(Slider_CSHL.o)
                0x000012e4                Slider_BaseInit
 .text.Slider_InitializeSensorBaseline
                0x00001308       0x18 .\CortexM0\ARM_GCC_493\Debug\CapSenseRGB.a(Slider_CSHL.o)
                0x00001308                Slider_InitializeSensorBaseline
 .text.Slider_InitializeAllBaselines
                0x00001320       0x14 .\CortexM0\ARM_GCC_493\Debug\CapSenseRGB.a(Slider_CSHL.o)
                0x00001320                Slider_InitializeAllBaselines
 .text.Slider_ISR
                0x00001334       0x9c .\CortexM0\ARM_GCC_493\Debug\CapSenseRGB.a(Slider_INT.o)
                0x00001334                Slider_ISR
 .text.Slider_UpdateThresholds
                0x000013d0       0x7c .\CortexM0\ARM_GCC_493\Debug\CapSenseRGB.a(Slider_SMS.o)
                0x000013d0                Slider_UpdateThresholds
 .text.Slider_SetAnalogSwitchesSrcDirect
                0x0000144c       0x10 .\CortexM0\ARM_GCC_493\Debug\CapSenseRGB.a(Slider_SMS.o)
                0x0000144c                Slider_SetAnalogSwitchesSrcDirect
 .text.Slider_DisableBaselineIDAC
                0x0000145c       0x1c .\CortexM0\ARM_GCC_493\Debug\CapSenseRGB.a(Slider_SMS.o)
                0x0000145c                Slider_DisableBaselineIDAC
 .text.Slider_EnableBaselineIDAC
                0x00001478       0x50 .\CortexM0\ARM_GCC_493\Debug\CapSenseRGB.a(Slider_SMS.o)
                0x00001478                Slider_EnableBaselineIDAC
 .text.Slider_AutoTune
                0x000014c8       0xbc .\CortexM0\ARM_GCC_493\Debug\CapSenseRGB.a(Slider_SMS.o)
                0x000014c8                Slider_AutoTune
 .text.Slider_SampleClk_StartEx
                0x00001584       0x1c .\CortexM0\ARM_GCC_493\Debug\CapSenseRGB.a(Slider_SampleClk.o)
                0x00001584                Slider_SampleClk_StartEx
 .text.Slider_SampleClk_Stop
                0x000015a0       0x18 .\CortexM0\ARM_GCC_493\Debug\CapSenseRGB.a(Slider_SampleClk.o)
                0x000015a0                Slider_SampleClk_Stop
 .text.Slider_SampleClk_SetFractionalDividerRegister
                0x000015b8       0x20 .\CortexM0\ARM_GCC_493\Debug\CapSenseRGB.a(Slider_SampleClk.o)
                0x000015b8                Slider_SampleClk_SetFractionalDividerRegister
 .text.Slider_SenseClk_StartEx
                0x000015d8       0x1c .\CortexM0\ARM_GCC_493\Debug\CapSenseRGB.a(Slider_SenseClk.o)
                0x000015d8                Slider_SenseClk_StartEx
 .text.Slider_SenseClk_Stop
                0x000015f4       0x18 .\CortexM0\ARM_GCC_493\Debug\CapSenseRGB.a(Slider_SenseClk.o)
                0x000015f4                Slider_SenseClk_Stop
 .text.Slider_SenseClk_SetFractionalDividerRegister
                0x0000160c       0x20 .\CortexM0\ARM_GCC_493\Debug\CapSenseRGB.a(Slider_SenseClk.o)
                0x0000160c                Slider_SenseClk_SetFractionalDividerRegister
 .text.CalibrateOneDAC_P4_v2_20
                0x0000162c       0x40 C:\Program Files (x86)\Cypress\PSoC Creator\3.3\PSoC Creator\psoc\content\cycomponentlibrary\CyComponentLibrary.cylib\CapSense_CSD_P4_v2_20\PSoC4\Library\CapsenseP4Library_GCC.a(CSD_P4_SmartSense_v2_20.o)
                0x0000162c                CalibrateOneDAC_P4_v2_20
 .text.CalibrateSensors_P4_v2_20
                0x0000166c       0x22 C:\Program Files (x86)\Cypress\PSoC Creator\3.3\PSoC Creator\psoc\content\cycomponentlibrary\CyComponentLibrary.cylib\CapSense_CSD_P4_v2_20\PSoC4\Library\CapsenseP4Library_GCC.a(CSD_P4_SmartSense_v2_20.o)
                0x0000166c                CalibrateSensors_P4_v2_20
 *fill*         0x0000168e        0x2 
 .text.TunePrescalers_P4_v2_20
                0x00001690       0x48 C:\Program Files (x86)\Cypress\PSoC Creator\3.3\PSoC Creator\psoc\content\cycomponentlibrary\CyComponentLibrary.cylib\CapSense_CSD_P4_v2_20\PSoC4\Library\CapsenseP4Library_GCC.a(CSD_P4_SmartSense_v2_20.o)
                0x00001690                TunePrescalers_P4_v2_20
 .text.TuneSensitivity_P4_v2_20
                0x000016d8      0x100 C:\Program Files (x86)\Cypress\PSoC Creator\3.3\PSoC Creator\psoc\content\cycomponentlibrary\CyComponentLibrary.cylib\CapSense_CSD_P4_v2_20\PSoC4\Library\CapsenseP4Library_GCC.a(CSD_P4_SmartSense_v2_20.o)
                0x000016d8                TuneSensitivity_P4_v2_20
 .text.CalculateThresholds_P4_v2_20
                0x000017d8       0x40 C:\Program Files (x86)\Cypress\PSoC Creator\3.3\PSoC Creator\psoc\content\cycomponentlibrary\CyComponentLibrary.cylib\CapSense_CSD_P4_v2_20\PSoC4\Library\CapsenseP4Library_GCC.a(CSD_P4_SmartSense_v2_20.o)
                0x000017d8                CalculateThresholds_P4_v2_20
 .text.CySysPmSleep
                0x00001818       0x1c .\CortexM0\ARM_GCC_493\Debug\CapSenseRGB.a(cyPm.o)
                0x00001818                CySysPmSleep
 .text.CyBLE_Bless_LlRegWrite
                0x00001834        0x4 .\CortexM0\ARM_GCC_493\Debug\CapSenseRGB.a(BLE_HAL_PVT.o)
                0x00001834                CyBLE_Bless_LlRegWrite
 .text.CyBLE_Bless_RfRegWrite
                0x00001838        0x4 .\CortexM0\ARM_GCC_493\Debug\CapSenseRGB.a(BLE_HAL_PVT.o)
                0x00001838                CyBLE_Bless_RfRegWrite
 .text.CyBLE_BlessDeviceConfig
                0x0000183c       0xdc .\CortexM0\ARM_GCC_493\Debug\CapSenseRGB.a(BLE_HAL_PVT.o)
                0x0000183c                CyBLE_BlessDeviceConfig
 .text.CyBleHal_DelayUs
                0x00001918        0x8 .\CortexM0\ARM_GCC_493\Debug\CapSenseRGB.a(BLE_HAL_PVT.o)
                0x00001918                CyBleHal_DelayUs
 .text.CyBleHal_EnableGlobalInterrupts
                0x00001920        0x8 .\CortexM0\ARM_GCC_493\Debug\CapSenseRGB.a(BLE_HAL_PVT.o)
                0x00001920                CyBleHal_EnableGlobalInterrupts
 .text.CyBleHal_DisableGlobalInterrupts
                0x00001928        0x8 .\CortexM0\ARM_GCC_493\Debug\CapSenseRGB.a(BLE_HAL_PVT.o)
                0x00001928                CyBleHal_DisableGlobalInterrupts
 .text.CyBle_HalInit
                0x00001930       0x18 .\CortexM0\ARM_GCC_493\Debug\CapSenseRGB.a(BLE_HAL_PVT.o)
                0x00001930                CyBle_HalInit
 .text.CYBLE_BlessStart
                0x00001948       0x10 .\CortexM0\ARM_GCC_493\Debug\CapSenseRGB.a(BLE_HAL_PVT.o)
                0x00001948                CYBLE_BlessStart
 .text.BLE_bless_isr_SetVector
                0x00001958        0xc .\CortexM0\ARM_GCC_493\Debug\CapSenseRGB.a(BLE_bless_isr.o)
                0x00001958                BLE_bless_isr_SetVector
 .text.BLE_bless_isr_SetPriority
                0x00001964       0x20 .\CortexM0\ARM_GCC_493\Debug\CapSenseRGB.a(BLE_bless_isr.o)
                0x00001964                BLE_bless_isr_SetPriority
 .text.BLE_bless_isr_Enable
                0x00001984       0x10 .\CortexM0\ARM_GCC_493\Debug\CapSenseRGB.a(BLE_bless_isr.o)
                0x00001984                BLE_bless_isr_Enable
 .text.BLE_bless_isr_Disable
                0x00001994       0x10 .\CortexM0\ARM_GCC_493\Debug\CapSenseRGB.a(BLE_bless_isr.o)
                0x00001994                BLE_bless_isr_Disable
 .text.BLE_bless_isr_StartEx
                0x000019a4       0x1c .\CortexM0\ARM_GCC_493\Debug\CapSenseRGB.a(BLE_bless_isr.o)
                0x000019a4                BLE_bless_isr_StartEx
 .text.CyBLE_Bless_Interrupt
                0x000019c0        0x8 .\CortexM0\ARM_GCC_493\Debug\CapSenseRGB.a(BLE_HAL_INT.o)
                0x000019c0                CyBLE_Bless_Interrupt
 .text          0x000019c8      0x120 c:/program files (x86)/cypress/psoc creator/3.3/psoc creator/import/gnu/arm/4.9.3/bin/../lib/gcc/arm-none-eabi/4.9.3/armv6-m\libgcc.a(_udivsi3.o)
                0x000019c8                __aeabi_uidiv
                0x000019c8                __udivsi3
                0x00001ad4                __aeabi_uidivmod
 .text          0x00001ae8      0x1e0 c:/program files (x86)/cypress/psoc creator/3.3/psoc creator/import/gnu/arm/4.9.3/bin/../lib/gcc/arm-none-eabi/4.9.3/armv6-m\libgcc.a(_divsi3.o)
                0x00001ae8                __divsi3
                0x00001ae8                __aeabi_idiv
                0x00001cb4                __aeabi_idivmod
 .text          0x00001cc8        0x4 c:/program files (x86)/cypress/psoc creator/3.3/psoc creator/import/gnu/arm/4.9.3/bin/../lib/gcc/arm-none-eabi/4.9.3/armv6-m\libgcc.a(_dvmd_tls.o)
                0x00001cc8                __aeabi_idiv0
                0x00001cc8                __aeabi_ldiv0
 .text.__libc_init_array
                0x00001ccc       0x4c c:/program files (x86)/cypress/psoc creator/3.3/psoc creator/import/gnu/arm/4.9.3/bin/../lib/gcc/arm-none-eabi/4.9.3/../../../../arm-none-eabi/lib/armv6-m\libg_nano.a(lib_a-init.o)
                0x00001ccc                __libc_init_array
 .text.memcmp   0x00001d18       0x1e c:/program files (x86)/cypress/psoc creator/3.3/psoc creator/import/gnu/arm/4.9.3/bin/../lib/gcc/arm-none-eabi/4.9.3/../../../../arm-none-eabi/lib/armv6-m\libg_nano.a(lib_a-memcmp.o)
                0x00001d18                memcmp
 .text.memcpy   0x00001d36       0x12 c:/program files (x86)/cypress/psoc creator/3.3/psoc creator/import/gnu/arm/4.9.3/bin/../lib/gcc/arm-none-eabi/4.9.3/../../../../arm-none-eabi/lib/armv6-m\libg_nano.a(lib_a-memcpy.o)
                0x00001d36                memcpy
 .text.memset   0x00001d48       0x10 c:/program files (x86)/cypress/psoc creator/3.3/psoc creator/import/gnu/arm/4.9.3/bin/../lib/gcc/arm-none-eabi/4.9.3/../../../../arm-none-eabi/lib/armv6-m\libg_nano.a(lib_a-memset.o)
                0x00001d48                memset
 *(.plt)
 *(.gnu.warning)
 *(.glue_7t)
 .glue_7t       0x00000000        0x0 linker stubs
 *(.glue_7)
 .glue_7        0x00000000        0x0 linker stubs
 *(.vfp11_veneer)
 .vfp11_veneer  0x00000000        0x0 linker stubs
 *(.bootloader)
 *(.ARM.extab* .gnu.linkonce.armextab.*)
 *(.gcc_except_table)

.v4_bx          0x00001d58        0x0
 .v4_bx         0x00000000        0x0 linker stubs

.iplt           0x00001d58        0x0
 .iplt          0x00000000        0x0 c:/program files (x86)/cypress/psoc creator/3.3/psoc creator/import/gnu/arm/4.9.3/bin/../lib/gcc/arm-none-eabi/4.9.3/armv6-m/crtbegin.o

i.CyBle_ExitLPM
                0x00001d58        0x8
 i.CyBle_ExitLPM
                0x00001d58        0x8 C:\Program Files (x86)\Cypress\PSoC Creator\3.3\PSoC Creator\psoc\content\cycomponentlibrary\CyComponentLibrary.cylib\BLE_v2_10\Library\gccCyBLEStack_BLE_SOC_PERIPHERAL.a(CyBle.o)
                0x00001d58                CyBle_ExitLPM

i.CyBle_ProcessEvents
                0x00001d60        0x8
 i.CyBle_ProcessEvents
                0x00001d60        0x8 C:\Program Files (x86)\Cypress\PSoC Creator\3.3\PSoC Creator\psoc\content\cycomponentlibrary\CyComponentLibrary.cylib\BLE_v2_10\Library\gccCyBLEStack_BLE_SOC_PERIPHERAL.a(CyBle.o)
                0x00001d60                CyBle_ProcessEvents

i.CyBle_SetDeviceAddress
                0x00001d68       0x24
 i.CyBle_SetDeviceAddress
                0x00001d68       0x24 C:\Program Files (x86)\Cypress\PSoC Creator\3.3\PSoC Creator\psoc\content\cycomponentlibrary\CyComponentLibrary.cylib\BLE_v2_10\Library\gccCyBLEStack_BLE_SOC_PERIPHERAL.a(CyBle.o)
                0x00001d68                CyBle_SetDeviceAddress

i.CyBle_StackInit
                0x00001d8c       0xfc
 i.CyBle_StackInit
                0x00001d8c       0xfc C:\Program Files (x86)\Cypress\PSoC Creator\3.3\PSoC Creator\psoc\content\cycomponentlibrary\CyComponentLibrary.cylib\BLE_v2_10\Library\gccCyBLEStack_BLE_SOC_PERIPHERAL.a(CyBle.o)
                0x00001d8c                CyBle_StackInit

i.CyBle_StackValidateInputParams
                0x00001e88       0xf4
 i.CyBle_StackValidateInputParams
                0x00001e88       0xf4 C:\Program Files (x86)\Cypress\PSoC Creator\3.3\PSoC Creator\psoc\content\cycomponentlibrary\CyComponentLibrary.cylib\BLE_v2_10\Library\gccCyBLEStack_BLE_SOC_PERIPHERAL.a(CyBle.o)

i.__ARM_common_switch8
                0x00001f7c       0x1a
 i.__ARM_common_switch8
                0x00001f7c       0x1a C:\Program Files (x86)\Cypress\PSoC Creator\3.3\PSoC Creator\psoc\content\cycomponentlibrary\CyComponentLibrary.cylib\BLE_v2_10\Library\gccCyBLEStack_BLE_SOC_PERIPHERAL.a(CyBle.o)
                0x00001f7c                __ARM_common_switch8

i.CyBleStackMgr_Init
                0x00001f98       0x9c
 i.CyBleStackMgr_Init
                0x00001f98       0x9c C:\Program Files (x86)\Cypress\PSoC Creator\3.3\PSoC Creator\psoc\content\cycomponentlibrary\CyComponentLibrary.cylib\BLE_v2_10\Library\gccCyBLEStack_BLE_SOC_PERIPHERAL.a(CyBleStackMgrIP_Interface.o)
                0x00001f98                CyBleStackMgr_Init

i.CyBleStackMgr_ProcessBleEvents
                0x00002034       0x14
 i.CyBleStackMgr_ProcessBleEvents
                0x00002034       0x14 C:\Program Files (x86)\Cypress\PSoC Creator\3.3\PSoC Creator\psoc\content\cycomponentlibrary\CyComponentLibrary.cylib\BLE_v2_10\Library\gccCyBLEStack_BLE_SOC_PERIPHERAL.a(CyBleStackMgrIP_Interface.o)
                0x00002034                CyBleStackMgr_ProcessBleEvents

i.CyBle_GetHeapMemory
                0x00002048       0x28
 i.CyBle_GetHeapMemory
                0x00002048       0x28 C:\Program Files (x86)\Cypress\PSoC Creator\3.3\PSoC Creator\psoc\content\cycomponentlibrary\CyComponentLibrary.cylib\BLE_v2_10\Library\gccCyBLEStack_BLE_SOC_PERIPHERAL.a(CyBleStackMgrIP_Interface.o)
                0x00002048                CyBle_GetHeapMemory

i.CyBle_GetNumAppBufferPools
                0x00002070        0xc
 i.CyBle_GetNumAppBufferPools
                0x00002070        0xc C:\Program Files (x86)\Cypress\PSoC Creator\3.3\PSoC Creator\psoc\content\cycomponentlibrary\CyComponentLibrary.cylib\BLE_v2_10\Library\gccCyBLEStack_BLE_SOC_PERIPHERAL.a(CyBleStackMgrIP_Interface.o)
                0x00002070                CyBle_GetNumAppBufferPools

i.CyBle_HostStackBufferPoolInit
                0x0000207c       0xec
 i.CyBle_HostStackBufferPoolInit
                0x0000207c       0xec C:\Program Files (x86)\Cypress\PSoC Creator\3.3\PSoC Creator\psoc\content\cycomponentlibrary\CyComponentLibrary.cylib\BLE_v2_10\Library\gccCyBLEStack_BLE_SOC_PERIPHERAL.a(CyBleStackMgrIP_Interface.o)

i.ble_stack_idle_task_callback
                0x00002168        0x2
 i.ble_stack_idle_task_callback
                0x00002168        0x2 C:\Program Files (x86)\Cypress\PSoC Creator\3.3\PSoC Creator\psoc\content\cycomponentlibrary\CyComponentLibrary.cylib\BLE_v2_10\Library\gccCyBLEStack_BLE_SOC_PERIPHERAL.a(CyBleStackMgrIP_Interface.o)
                0x00002168                ble_stack_idle_task_callback

i.BT_OSFreeBuf  0x0000216c       0x20
 i.BT_OSFreeBuf
                0x0000216c       0x20 C:\Program Files (x86)\Cypress\PSoC Creator\3.3\PSoC Creator\psoc\content\cycomponentlibrary\CyComponentLibrary.cylib\BLE_v2_10\Library\gccCyBLEStack_BLE_SOC_PERIPHERAL.a(BT_os.o)
                0x0000216c                BT_OSFreeBuf

i.BT_OSGetBuF   0x0000218c       0x34
 i.BT_OSGetBuF  0x0000218c       0x34 C:\Program Files (x86)\Cypress\PSoC Creator\3.3\PSoC Creator\psoc\content\cycomponentlibrary\CyComponentLibrary.cylib\BLE_v2_10\Library\gccCyBLEStack_BLE_SOC_PERIPHERAL.a(BT_os.o)
                0x0000218c                BT_OSGetBuF

i.BT_OSMemCreate
                0x000021c0       0x3c
 i.BT_OSMemCreate
                0x000021c0       0x3c C:\Program Files (x86)\Cypress\PSoC Creator\3.3\PSoC Creator\psoc\content\cycomponentlibrary\CyComponentLibrary.cylib\BLE_v2_10\Library\gccCyBLEStack_BLE_SOC_PERIPHERAL.a(BT_os.o)
                0x000021c0                BT_OSMemCreate

i.BT_alloc_mem_ext
                0x000021fc       0x3c
 i.BT_alloc_mem_ext
                0x000021fc       0x3c C:\Program Files (x86)\Cypress\PSoC Creator\3.3\PSoC Creator\psoc\content\cycomponentlibrary\CyComponentLibrary.cylib\BLE_v2_10\Library\gccCyBLEStack_BLE_SOC_PERIPHERAL.a(BT_os.o)
                0x000021fc                BT_alloc_mem_ext

i.BT_free_mem   0x00002238        0xc
 i.BT_free_mem  0x00002238        0xc C:\Program Files (x86)\Cypress\PSoC Creator\3.3\PSoC Creator\psoc\content\cycomponentlibrary\CyComponentLibrary.cylib\BLE_v2_10\Library\gccCyBLEStack_BLE_SOC_PERIPHERAL.a(BT_os.o)
                0x00002238                BT_free_mem

i.bt_stack_create_buffer_pool
                0x00002244       0x30
 i.bt_stack_create_buffer_pool
                0x00002244       0x30 C:\Program Files (x86)\Cypress\PSoC Creator\3.3\PSoC Creator\psoc\content\cycomponentlibrary\CyComponentLibrary.cylib\BLE_v2_10\Library\gccCyBLEStack_BLE_SOC_PERIPHERAL.a(BT_os.o)
                0x00002244                bt_stack_create_buffer_pool

i.CyBle_CheckBleStackTaskStatus
                0x00002274        0x4
 i.CyBle_CheckBleStackTaskStatus
                0x00002274        0x4 C:\Program Files (x86)\Cypress\PSoC Creator\3.3\PSoC Creator\psoc\content\cycomponentlibrary\CyComponentLibrary.cylib\BLE_v2_10\Library\gccCyBLEStack_BLE_SOC_PERIPHERAL.a(CyBleStackMgr_StackTaskHandler.o)
                0x00002274                CyBle_CheckBleStackTaskStatus

i.CyBle_CreateBleStackTask
                0x00002278       0x2c
 i.CyBle_CreateBleStackTask
                0x00002278       0x2c C:\Program Files (x86)\Cypress\PSoC Creator\3.3\PSoC Creator\psoc\content\cycomponentlibrary\CyComponentLibrary.cylib\BLE_v2_10\Library\gccCyBLEStack_BLE_SOC_PERIPHERAL.a(CyBleStackMgr_StackTaskHandler.o)
                0x00002278                CyBle_CreateBleStackTask

i.CyBle_SignalBleStackTask
                0x000022a4       0x50
 i.CyBle_SignalBleStackTask
                0x000022a4       0x50 C:\Program Files (x86)\Cypress\PSoC Creator\3.3\PSoC Creator\psoc\content\cycomponentlibrary\CyComponentLibrary.cylib\BLE_v2_10\Library\gccCyBLEStack_BLE_SOC_PERIPHERAL.a(CyBleStackMgr_StackTaskHandler.o)
                0x000022a4                CyBle_SignalBleStackTask

i.CyBle_StackTaskHandler
                0x000022f4       0x5c
 i.CyBle_StackTaskHandler
                0x000022f4       0x5c C:\Program Files (x86)\Cypress\PSoC Creator\3.3\PSoC Creator\psoc\content\cycomponentlibrary\CyComponentLibrary.cylib\BLE_v2_10\Library\gccCyBLEStack_BLE_SOC_PERIPHERAL.a(CyBleStackMgr_StackTaskHandler.o)
                0x000022f4                CyBle_StackTaskHandler

i.hci_soft_transport_notify_data_received
                0x00002350        0xc
 i.hci_soft_transport_notify_data_received
                0x00002350        0xc C:\Program Files (x86)\Cypress\PSoC Creator\3.3\PSoC Creator\psoc\content\cycomponentlibrary\CyComponentLibrary.cylib\BLE_v2_10\Library\gccCyBLEStack_BLE_SOC_PERIPHERAL.a(transport_sf.o)
                0x00002350                hci_soft_transport_notify_data_received

i.hci_soft_transport_rx_data
                0x0000235c       0x40
 i.hci_soft_transport_rx_data
                0x0000235c       0x40 C:\Program Files (x86)\Cypress\PSoC Creator\3.3\PSoC Creator\psoc\content\cycomponentlibrary\CyComponentLibrary.cylib\BLE_v2_10\Library\gccCyBLEStack_BLE_SOC_PERIPHERAL.a(transport_sf.o)
                0x0000235c                hci_soft_transport_rx_data

i.hci_transport_bt_init
                0x0000239c        0x2
 i.hci_transport_bt_init
                0x0000239c        0x2 C:\Program Files (x86)\Cypress\PSoC Creator\3.3\PSoC Creator\psoc\content\cycomponentlibrary\CyComponentLibrary.cylib\BLE_v2_10\Library\gccCyBLEStack_BLE_SOC_PERIPHERAL.a(transport_sf.o)
                0x0000239c                hci_transport_bt_init

i.hci_transport_init
                0x000023a0       0x10
 i.hci_transport_init
                0x000023a0       0x10 C:\Program Files (x86)\Cypress\PSoC Creator\3.3\PSoC Creator\psoc\content\cycomponentlibrary\CyComponentLibrary.cylib\BLE_v2_10\Library\gccCyBLEStack_BLE_SOC_PERIPHERAL.a(transport_sf.o)
                0x000023a0                hci_transport_init

i.hci_transport_write_data
                0x000023b0       0xd4
 i.hci_transport_write_data
                0x000023b0       0xd4 C:\Program Files (x86)\Cypress\PSoC Creator\3.3\PSoC Creator\psoc\content\cycomponentlibrary\CyComponentLibrary.cylib\BLE_v2_10\Library\gccCyBLEStack_BLE_SOC_PERIPHERAL.a(transport_sf.o)
                0x000023b0                hci_transport_write_data

i.pf_hci_soft_transport_write
                0x00002484       0x44
 i.pf_hci_soft_transport_write
                0x00002484       0x44 C:\Program Files (x86)\Cypress\PSoC Creator\3.3\PSoC Creator\psoc\content\cycomponentlibrary\CyComponentLibrary.cylib\BLE_v2_10\Library\gccCyBLEStack_BLE_SOC_PERIPHERAL.a(transport_sf.o)
                0x00002484                pf_hci_soft_transport_write

i.pf_soft_hci_transport_init
                0x000024c8        0xc
 i.pf_soft_hci_transport_init
                0x000024c8        0xc C:\Program Files (x86)\Cypress\PSoC Creator\3.3\PSoC Creator\psoc\content\cycomponentlibrary\CyComponentLibrary.cylib\BLE_v2_10\Library\gccCyBLEStack_BLE_SOC_PERIPHERAL.a(transport_sf.o)
                0x000024c8                pf_soft_hci_transport_init

i.CyBleStackMgr_GetTime
                0x000024d4       0x14
 i.CyBleStackMgr_GetTime
                0x000024d4       0x14 C:\Program Files (x86)\Cypress\PSoC Creator\3.3\PSoC Creator\psoc\content\cycomponentlibrary\CyComponentLibrary.cylib\BLE_v2_10\Library\gccCyBLEStack_BLE_SOC_PERIPHERAL.a(CyBleStackMgr_PSoCHal.o)
                0x000024d4                CyBleStackMgr_GetTime

i.CyBleStackMgr_HalInit
                0x000024e8       0x24
 i.CyBleStackMgr_HalInit
                0x000024e8       0x24 C:\Program Files (x86)\Cypress\PSoC Creator\3.3\PSoC Creator\psoc\content\cycomponentlibrary\CyComponentLibrary.cylib\BLE_v2_10\Library\gccCyBLEStack_BLE_SOC_PERIPHERAL.a(CyBleStackMgr_PSoCHal.o)
                0x000024e8                CyBleStackMgr_HalInit

i.CyBleStackMgr_HalIntrEnable
                0x0000250c        0x8
 i.CyBleStackMgr_HalIntrEnable
                0x0000250c        0x8 C:\Program Files (x86)\Cypress\PSoC Creator\3.3\PSoC Creator\psoc\content\cycomponentlibrary\CyComponentLibrary.cylib\BLE_v2_10\Library\gccCyBLEStack_BLE_SOC_PERIPHERAL.a(CyBleStackMgr_PSoCHal.o)
                0x0000250c                CyBleStackMgr_HalIntrEnable

i.CyBleStackMgr_HandleLinkLayerTick
                0x00002514       0x5c
 i.CyBleStackMgr_HandleLinkLayerTick
                0x00002514       0x5c C:\Program Files (x86)\Cypress\PSoC Creator\3.3\PSoC Creator\psoc\content\cycomponentlibrary\CyComponentLibrary.cylib\BLE_v2_10\Library\gccCyBLEStack_BLE_SOC_PERIPHERAL.a(CyBleStackMgr_PSoCHal.o)
                0x00002514                CyBleStackMgr_HandleLinkLayerTick

i.CyBleStackMgr_HciPortInit
                0x00002570        0xc
 i.CyBleStackMgr_HciPortInit
                0x00002570        0xc C:\Program Files (x86)\Cypress\PSoC Creator\3.3\PSoC Creator\psoc\content\cycomponentlibrary\CyComponentLibrary.cylib\BLE_v2_10\Library\gccCyBLEStack_BLE_SOC_PERIPHERAL.a(CyBleStackMgr_PSoCHal.o)
                0x00002570                CyBleStackMgr_HciPortInit

i.CyBleStackMgr_HciPortReset
                0x0000257c        0x2
 i.CyBleStackMgr_HciPortReset
                0x0000257c        0x2 C:\Program Files (x86)\Cypress\PSoC Creator\3.3\PSoC Creator\psoc\content\cycomponentlibrary\CyComponentLibrary.cylib\BLE_v2_10\Library\gccCyBLEStack_BLE_SOC_PERIPHERAL.a(CyBleStackMgr_PSoCHal.o)
                0x0000257c                CyBleStackMgr_HciPortReset

i.CyBleStackMgr_HciPortWrite
                0x0000257e        0x8
 i.CyBleStackMgr_HciPortWrite
                0x0000257e        0x8 C:\Program Files (x86)\Cypress\PSoC Creator\3.3\PSoC Creator\psoc\content\cycomponentlibrary\CyComponentLibrary.cylib\BLE_v2_10\Library\gccCyBLEStack_BLE_SOC_PERIPHERAL.a(CyBleStackMgr_PSoCHal.o)
                0x0000257e                CyBleStackMgr_HciPortWrite

i.CyBleStackMgr_ResetLinkLayerTimerEntity
                0x00002588       0x14
 i.CyBleStackMgr_ResetLinkLayerTimerEntity
                0x00002588       0x14 C:\Program Files (x86)\Cypress\PSoC Creator\3.3\PSoC Creator\psoc\content\cycomponentlibrary\CyComponentLibrary.cylib\BLE_v2_10\Library\gccCyBLEStack_BLE_SOC_PERIPHERAL.a(CyBleStackMgr_PSoCHal.o)
                0x00002588                CyBleStackMgr_ResetLinkLayerTimerEntity

i.CyBleStackMgr_TimerStart
                0x0000259c       0x2c
 i.CyBleStackMgr_TimerStart
                0x0000259c       0x2c C:\Program Files (x86)\Cypress\PSoC Creator\3.3\PSoC Creator\psoc\content\cycomponentlibrary\CyComponentLibrary.cylib\BLE_v2_10\Library\gccCyBLEStack_BLE_SOC_PERIPHERAL.a(CyBleStackMgr_PSoCHal.o)
                0x0000259c                CyBleStackMgr_TimerStart

i.CyBleStackMgr_TimerStop
                0x000025c8       0x18
 i.CyBleStackMgr_TimerStop
                0x000025c8       0x18 C:\Program Files (x86)\Cypress\PSoC Creator\3.3\PSoC Creator\psoc\content\cycomponentlibrary\CyComponentLibrary.cylib\BLE_v2_10\Library\gccCyBLEStack_BLE_SOC_PERIPHERAL.a(CyBleStackMgr_PSoCHal.o)
                0x000025c8                CyBleStackMgr_TimerStop

i.CyBleStackMgr_isTimerRunning
                0x000025e0       0x10
 i.CyBleStackMgr_isTimerRunning
                0x000025e0       0x10 C:\Program Files (x86)\Cypress\PSoC Creator\3.3\PSoC Creator\psoc\content\cycomponentlibrary\CyComponentLibrary.cylib\BLE_v2_10\Library\gccCyBLEStack_BLE_SOC_PERIPHERAL.a(CyBleStackMgr_PSoCHal.o)
                0x000025e0                CyBleStackMgr_isTimerRunning

i.CyBleAtlantisRadioInit
                0x000025f0      0x110
 i.CyBleAtlantisRadioInit
                0x000025f0      0x110 C:\Program Files (x86)\Cypress\PSoC Creator\3.3\PSoC Creator\psoc\content\cycomponentlibrary\CyComponentLibrary.cylib\BLE_v2_10\Library\gccCyBLEStack_BLE_SOC_PERIPHERAL.a(CyBleStackMgr_BleSSDriver.o)

i.CyBleStackMgr_BleSSFifoRead
                0x00002700       0x38
 i.CyBleStackMgr_BleSSFifoRead
                0x00002700       0x38 C:\Program Files (x86)\Cypress\PSoC Creator\3.3\PSoC Creator\psoc\content\cycomponentlibrary\CyComponentLibrary.cylib\BLE_v2_10\Library\gccCyBLEStack_BLE_SOC_PERIPHERAL.a(CyBleStackMgr_BleSSDriver.o)
                0x00002700                CyBleStackMgr_BleSSFifoRead

i.CyBleStackMgr_BleSSFifoWrite
                0x00002738       0x30
 i.CyBleStackMgr_BleSSFifoWrite
                0x00002738       0x30 C:\Program Files (x86)\Cypress\PSoC Creator\3.3\PSoC Creator\psoc\content\cycomponentlibrary\CyComponentLibrary.cylib\BLE_v2_10\Library\gccCyBLEStack_BLE_SOC_PERIPHERAL.a(CyBleStackMgr_BleSSDriver.o)
                0x00002738                CyBleStackMgr_BleSSFifoWrite

i.CyBleStackMgr_BleSSInit
                0x00002768       0x50
 i.CyBleStackMgr_BleSSInit
                0x00002768       0x50 C:\Program Files (x86)\Cypress\PSoC Creator\3.3\PSoC Creator\psoc\content\cycomponentlibrary\CyComponentLibrary.cylib\BLE_v2_10\Library\gccCyBLEStack_BLE_SOC_PERIPHERAL.a(CyBleStackMgr_BleSSDriver.o)
                0x00002768                CyBleStackMgr_BleSSInit

i.CyBleStackMgr_BleSSMemRead
                0x000027b8       0x26
 i.CyBleStackMgr_BleSSMemRead
                0x000027b8       0x26 C:\Program Files (x86)\Cypress\PSoC Creator\3.3\PSoC Creator\psoc\content\cycomponentlibrary\CyComponentLibrary.cylib\BLE_v2_10\Library\gccCyBLEStack_BLE_SOC_PERIPHERAL.a(CyBleStackMgr_BleSSDriver.o)
                0x000027b8                CyBleStackMgr_BleSSMemRead

i.CyBleStackMgr_BleSSMemWrite
                0x000027e0       0x34
 i.CyBleStackMgr_BleSSMemWrite
                0x000027e0       0x34 C:\Program Files (x86)\Cypress\PSoC Creator\3.3\PSoC Creator\psoc\content\cycomponentlibrary\CyComponentLibrary.cylib\BLE_v2_10\Library\gccCyBLEStack_BLE_SOC_PERIPHERAL.a(CyBleStackMgr_BleSSDriver.o)
                0x000027e0                CyBleStackMgr_BleSSMemWrite

i.CyBleStackMgr_BleSSRegRead
                0x00002814        0xc
 i.CyBleStackMgr_BleSSRegRead
                0x00002814        0xc C:\Program Files (x86)\Cypress\PSoC Creator\3.3\PSoC Creator\psoc\content\cycomponentlibrary\CyComponentLibrary.cylib\BLE_v2_10\Library\gccCyBLEStack_BLE_SOC_PERIPHERAL.a(CyBleStackMgr_BleSSDriver.o)
                0x00002814                CyBleStackMgr_BleSSRegRead

i.CyBleStackMgr_BleSSRegWrite
                0x00002820        0xc
 i.CyBleStackMgr_BleSSRegWrite
                0x00002820        0xc C:\Program Files (x86)\Cypress\PSoC Creator\3.3\PSoC Creator\psoc\content\cycomponentlibrary\CyComponentLibrary.cylib\BLE_v2_10\Library\gccCyBLEStack_BLE_SOC_PERIPHERAL.a(CyBleStackMgr_BleSSDriver.o)
                0x00002820                CyBleStackMgr_BleSSRegWrite

i.CyBleStackMgr_BleSSReset
                0x0000282c       0x38
 i.CyBleStackMgr_BleSSReset
                0x0000282c       0x38 C:\Program Files (x86)\Cypress\PSoC Creator\3.3\PSoC Creator\psoc\content\cycomponentlibrary\CyComponentLibrary.cylib\BLE_v2_10\Library\gccCyBLEStack_BLE_SOC_PERIPHERAL.a(CyBleStackMgr_BleSSDriver.o)
                0x0000282c                CyBleStackMgr_BleSSReset

i.CyBleStackMgr_GenericIface
                0x00002864       0x3c
 i.CyBleStackMgr_GenericIface
                0x00002864       0x3c C:\Program Files (x86)\Cypress\PSoC Creator\3.3\PSoC Creator\psoc\content\cycomponentlibrary\CyComponentLibrary.cylib\BLE_v2_10\Library\gccCyBLEStack_BLE_SOC_PERIPHERAL.a(CyBleStackMgr_BleSSDriver.o)
                0x00002864                CyBleStackMgr_GenericIface

i.CyBleStackMgr_HandleBleSSIntr
                0x000028a0       0x90
 i.CyBleStackMgr_HandleBleSSIntr
                0x000028a0       0x90 C:\Program Files (x86)\Cypress\PSoC Creator\3.3\PSoC Creator\psoc\content\cycomponentlibrary\CyComponentLibrary.cylib\BLE_v2_10\Library\gccCyBLEStack_BLE_SOC_PERIPHERAL.a(CyBleStackMgr_BleSSDriver.o)
                0x000028a0                CyBleStackMgr_HandleBleSSIntr

i.CyBleStackMgr_SetClockParam
                0x00002930       0xb4
 i.CyBleStackMgr_SetClockParam
                0x00002930       0xb4 C:\Program Files (x86)\Cypress\PSoC Creator\3.3\PSoC Creator\psoc\content\cycomponentlibrary\CyComponentLibrary.cylib\BLE_v2_10\Library\gccCyBLEStack_BLE_SOC_PERIPHERAL.a(CyBleStackMgr_BleSSDriver.o)

i.CyBle_ExitDsmMode
                0x000029e4       0x2c
 i.CyBle_ExitDsmMode
                0x000029e4       0x2c C:\Program Files (x86)\Cypress\PSoC Creator\3.3\PSoC Creator\psoc\content\cycomponentlibrary\CyComponentLibrary.cylib\BLE_v2_10\Library\gccCyBLEStack_BLE_SOC_PERIPHERAL.a(CyBleStackMgr_BleSSDriver.o)
                0x000029e4                CyBle_ExitDsmMode

i.CyBle_GetBleSsOperationalMode
                0x00002a10        0xc
 i.CyBle_GetBleSsOperationalMode
                0x00002a10        0xc C:\Program Files (x86)\Cypress\PSoC Creator\3.3\PSoC Creator\psoc\content\cycomponentlibrary\CyComponentLibrary.cylib\BLE_v2_10\Library\gccCyBLEStack_BLE_SOC_PERIPHERAL.a(CyBleStackMgr_BleSSDriver.o)
                0x00002a10                CyBle_GetBleSsOperationalMode

i.CyBle_GetLpMode
                0x00002a1c       0x26
 i.CyBle_GetLpMode
                0x00002a1c       0x26 C:\Program Files (x86)\Cypress\PSoC Creator\3.3\PSoC Creator\psoc\content\cycomponentlibrary\CyComponentLibrary.cylib\BLE_v2_10\Library\gccCyBLEStack_BLE_SOC_PERIPHERAL.a(CyBleStackMgr_BleSSDriver.o)
                0x00002a1c                CyBle_GetLpMode

i.CyBle_GetTxGainMode
                0x00002a44       0x2c
 i.CyBle_GetTxGainMode
                0x00002a44       0x2c C:\Program Files (x86)\Cypress\PSoC Creator\3.3\PSoC Creator\psoc\content\cycomponentlibrary\CyComponentLibrary.cylib\BLE_v2_10\Library\gccCyBLEStack_BLE_SOC_PERIPHERAL.a(CyBleStackMgr_BleSSDriver.o)
                0x00002a44                CyBle_GetTxGainMode

i.CyBle_SetBleSsOperationalMode
                0x00002a70       0x20
 i.CyBle_SetBleSsOperationalMode
                0x00002a70       0x20 C:\Program Files (x86)\Cypress\PSoC Creator\3.3\PSoC Creator\psoc\content\cycomponentlibrary\CyComponentLibrary.cylib\BLE_v2_10\Library\gccCyBLEStack_BLE_SOC_PERIPHERAL.a(CyBleStackMgr_BleSSDriver.o)
                0x00002a70                CyBle_SetBleSsOperationalMode

i.CyBle_SetEventCloseState
                0x00002a90        0xc
 i.CyBle_SetEventCloseState
                0x00002a90        0xc C:\Program Files (x86)\Cypress\PSoC Creator\3.3\PSoC Creator\psoc\content\cycomponentlibrary\CyComponentLibrary.cylib\BLE_v2_10\Library\gccCyBLEStack_BLE_SOC_PERIPHERAL.a(CyBleStackMgr_BleSSDriver.o)
                0x00002a90                CyBle_SetEventCloseState

i.CyBle_SetRxGainMode
                0x00002a9c       0x20
 i.CyBle_SetRxGainMode
                0x00002a9c       0x20 C:\Program Files (x86)\Cypress\PSoC Creator\3.3\PSoC Creator\psoc\content\cycomponentlibrary\CyComponentLibrary.cylib\BLE_v2_10\Library\gccCyBLEStack_BLE_SOC_PERIPHERAL.a(CyBleStackMgr_BleSSDriver.o)
                0x00002a9c                CyBle_SetRxGainMode

i.CyBle_SetTxGainMode
                0x00002abc       0x38
 i.CyBle_SetTxGainMode
                0x00002abc       0x38 C:\Program Files (x86)\Cypress\PSoC Creator\3.3\PSoC Creator\psoc\content\cycomponentlibrary\CyComponentLibrary.cylib\BLE_v2_10\Library\gccCyBLEStack_BLE_SOC_PERIPHERAL.a(CyBleStackMgr_BleSSDriver.o)
                0x00002abc                CyBle_SetTxGainMode

i.pf_rf_get_abs_rssi
                0x00002af4       0x24
 i.pf_rf_get_abs_rssi
                0x00002af4       0x24 C:\Program Files (x86)\Cypress\PSoC Creator\3.3\PSoC Creator\psoc\content\cycomponentlibrary\CyComponentLibrary.cylib\BLE_v2_10\Library\gccCyBLEStack_BLE_SOC_PERIPHERAL.a(CyBleStackMgr_BleSSDriver.o)
                0x00002af4                pf_rf_get_abs_rssi

i.BleStackFlashStorageInit
                0x00002b18       0x74
 i.BleStackFlashStorageInit
                0x00002b18       0x74 C:\Program Files (x86)\Cypress\PSoC Creator\3.3\PSoC Creator\psoc\content\cycomponentlibrary\CyComponentLibrary.cylib\BLE_v2_10\Library\gccCyBLEStack_BLE_SOC_PERIPHERAL.a(storage_pl.o)
                0x00002b18                BleStackFlashStorageInit

i.BleStackWriteToFlashPending
                0x00002b8c       0x24
 i.BleStackWriteToFlashPending
                0x00002b8c       0x24 C:\Program Files (x86)\Cypress\PSoC Creator\3.3\PSoC Creator\psoc\content\cycomponentlibrary\CyComponentLibrary.cylib\BLE_v2_10\Library\gccCyBLEStack_BLE_SOC_PERIPHERAL.a(storage_pl.o)
                0x00002b8c                BleStackWriteToFlashPending

i.BleStackWriteToFlashRam
                0x00002bb0       0x70
 i.BleStackWriteToFlashRam
                0x00002bb0       0x70 C:\Program Files (x86)\Cypress\PSoC Creator\3.3\PSoC Creator\psoc\content\cycomponentlibrary\CyComponentLibrary.cylib\BLE_v2_10\Library\gccCyBLEStack_BLE_SOC_PERIPHERAL.a(storage_pl.o)
                0x00002bb0                BleStackWriteToFlashRam

i.storage_bt_init_pl
                0x00002c20       0x28
 i.storage_bt_init_pl
                0x00002c20       0x28 C:\Program Files (x86)\Cypress\PSoC Creator\3.3\PSoC Creator\psoc\content\cycomponentlibrary\CyComponentLibrary.cylib\BLE_v2_10\Library\gccCyBLEStack_BLE_SOC_PERIPHERAL.a(storage_pl.o)
                0x00002c20                storage_bt_init_pl

i.storage_close_pl
                0x00002c48        0x4
 i.storage_close_pl
                0x00002c48        0x4 C:\Program Files (x86)\Cypress\PSoC Creator\3.3\PSoC Creator\psoc\content\cycomponentlibrary\CyComponentLibrary.cylib\BLE_v2_10\Library\gccCyBLEStack_BLE_SOC_PERIPHERAL.a(storage_pl.o)
                0x00002c48                storage_close_pl

i.storage_open_pl
                0x00002c4c       0x1c
 i.storage_open_pl
                0x00002c4c       0x1c C:\Program Files (x86)\Cypress\PSoC Creator\3.3\PSoC Creator\psoc\content\cycomponentlibrary\CyComponentLibrary.cylib\BLE_v2_10\Library\gccCyBLEStack_BLE_SOC_PERIPHERAL.a(storage_pl.o)
                0x00002c4c                storage_open_pl

i.storage_read_pl
                0x00002c68       0x28
 i.storage_read_pl
                0x00002c68       0x28 C:\Program Files (x86)\Cypress\PSoC Creator\3.3\PSoC Creator\psoc\content\cycomponentlibrary\CyComponentLibrary.cylib\BLE_v2_10\Library\gccCyBLEStack_BLE_SOC_PERIPHERAL.a(storage_pl.o)
                0x00002c68                storage_read_pl

i.storage_read_signature_pl
                0x00002c90       0x2c
 i.storage_read_signature_pl
                0x00002c90       0x2c C:\Program Files (x86)\Cypress\PSoC Creator\3.3\PSoC Creator\psoc\content\cycomponentlibrary\CyComponentLibrary.cylib\BLE_v2_10\Library\gccCyBLEStack_BLE_SOC_PERIPHERAL.a(storage_pl.o)
                0x00002c90                storage_read_signature_pl

i.storage_register_flash_pointer
                0x00002cbc       0x20
 i.storage_register_flash_pointer
                0x00002cbc       0x20 C:\Program Files (x86)\Cypress\PSoC Creator\3.3\PSoC Creator\psoc\content\cycomponentlibrary\CyComponentLibrary.cylib\BLE_v2_10\Library\gccCyBLEStack_BLE_SOC_PERIPHERAL.a(storage_pl.o)
                0x00002cbc                storage_register_flash_pointer

i.storage_reset_storage_offset
                0x00002cdc       0x10
 i.storage_reset_storage_offset
                0x00002cdc       0x10 C:\Program Files (x86)\Cypress\PSoC Creator\3.3\PSoC Creator\psoc\content\cycomponentlibrary\CyComponentLibrary.cylib\BLE_v2_10\Library\gccCyBLEStack_BLE_SOC_PERIPHERAL.a(storage_pl.o)

i.storage_write_pl
                0x00002cec       0x24
 i.storage_write_pl
                0x00002cec       0x24 C:\Program Files (x86)\Cypress\PSoC Creator\3.3\PSoC Creator\psoc\content\cycomponentlibrary\CyComponentLibrary.cylib\BLE_v2_10\Library\gccCyBLEStack_BLE_SOC_PERIPHERAL.a(storage_pl.o)
                0x00002cec                storage_write_pl

i.storage_write_signature_pl
                0x00002d10       0x14
 i.storage_write_signature_pl
                0x00002d10       0x14 C:\Program Files (x86)\Cypress\PSoC Creator\3.3\PSoC Creator\psoc\content\cycomponentlibrary\CyComponentLibrary.cylib\BLE_v2_10\Library\gccCyBLEStack_BLE_SOC_PERIPHERAL.a(storage_pl.o)
                0x00002d10                storage_write_signature_pl

i.OS_init       0x00002d24       0x64
 i.OS_init      0x00002d24       0x64 C:\Program Files (x86)\Cypress\PSoC Creator\3.3\PSoC Creator\psoc\content\cycomponentlibrary\CyComponentLibrary.cylib\BLE_v2_10\Library\gccCyBLEStack_BLE_SOC_PERIPHERAL.a(mint_os.o)
                0x00002d24                OS_init

i.mintos_malloc
                0x00002d88       0x34
 i.mintos_malloc
                0x00002d88       0x34 C:\Program Files (x86)\Cypress\PSoC Creator\3.3\PSoC Creator\psoc\content\cycomponentlibrary\CyComponentLibrary.cylib\BLE_v2_10\Library\gccCyBLEStack_BLE_SOC_PERIPHERAL.a(mint_os.o)
                0x00002d88                mintos_malloc

i.OS_create_queue
                0x00002dbc       0x64
 i.OS_create_queue
                0x00002dbc       0x64 C:\Program Files (x86)\Cypress\PSoC Creator\3.3\PSoC Creator\psoc\content\cycomponentlibrary\CyComponentLibrary.cylib\BLE_v2_10\Library\gccCyBLEStack_BLE_SOC_PERIPHERAL.a(mint_os_queue.o)
                0x00002dbc                OS_create_queue

i.OS_enqueue_item
                0x00002e20       0x8c
 i.OS_enqueue_item
                0x00002e20       0x8c C:\Program Files (x86)\Cypress\PSoC Creator\3.3\PSoC Creator\psoc\content\cycomponentlibrary\CyComponentLibrary.cylib\BLE_v2_10\Library\gccCyBLEStack_BLE_SOC_PERIPHERAL.a(mint_os_queue.o)
                0x00002e20                OS_enqueue_item

i.OS_queue_get_num_of_items
                0x00002eac       0x28
 i.OS_queue_get_num_of_items
                0x00002eac       0x28 C:\Program Files (x86)\Cypress\PSoC Creator\3.3\PSoC Creator\psoc\content\cycomponentlibrary\CyComponentLibrary.cylib\BLE_v2_10\Library\gccCyBLEStack_BLE_SOC_PERIPHERAL.a(mint_os_queue.o)
                0x00002eac                OS_queue_get_num_of_items

i.OS_queue_mgmt_init
                0x00002ed4       0x40
 i.OS_queue_mgmt_init
                0x00002ed4       0x40 C:\Program Files (x86)\Cypress\PSoC Creator\3.3\PSoC Creator\psoc\content\cycomponentlibrary\CyComponentLibrary.cylib\BLE_v2_10\Library\gccCyBLEStack_BLE_SOC_PERIPHERAL.a(mint_os_queue.o)
                0x00002ed4                OS_queue_mgmt_init

i.OS_remove_item
                0x00002f14       0xa0
 i.OS_remove_item
                0x00002f14       0xa0 C:\Program Files (x86)\Cypress\PSoC Creator\3.3\PSoC Creator\psoc\content\cycomponentlibrary\CyComponentLibrary.cylib\BLE_v2_10\Library\gccCyBLEStack_BLE_SOC_PERIPHERAL.a(mint_os_queue.o)
                0x00002f14                OS_remove_item

i.OS_create_task
                0x00002fb4       0x88
 i.OS_create_task
                0x00002fb4       0x88 C:\Program Files (x86)\Cypress\PSoC Creator\3.3\PSoC Creator\psoc\content\cycomponentlibrary\CyComponentLibrary.cylib\BLE_v2_10\Library\gccCyBLEStack_BLE_SOC_PERIPHERAL.a(mint_os_task.o)
                0x00002fb4                OS_create_task

i.OS_isr_send_signal_to_task
                0x0000303c        0xc
 i.OS_isr_send_signal_to_task
                0x0000303c        0xc C:\Program Files (x86)\Cypress\PSoC Creator\3.3\PSoC Creator\psoc\content\cycomponentlibrary\CyComponentLibrary.cylib\BLE_v2_10\Library\gccCyBLEStack_BLE_SOC_PERIPHERAL.a(mint_os_task.o)
                0x0000303c                OS_isr_send_signal_to_task

i.OS_scheduler  0x00003048       0x64
 i.OS_scheduler
                0x00003048       0x64 C:\Program Files (x86)\Cypress\PSoC Creator\3.3\PSoC Creator\psoc\content\cycomponentlibrary\CyComponentLibrary.cylib\BLE_v2_10\Library\gccCyBLEStack_BLE_SOC_PERIPHERAL.a(mint_os_task.o)
                0x00003048                OS_scheduler

i.OS_send_signal_to_task
                0x000030ac        0xc
 i.OS_send_signal_to_task
                0x000030ac        0xc C:\Program Files (x86)\Cypress\PSoC Creator\3.3\PSoC Creator\psoc\content\cycomponentlibrary\CyComponentLibrary.cylib\BLE_v2_10\Library\gccCyBLEStack_BLE_SOC_PERIPHERAL.a(mint_os_task.o)
                0x000030ac                OS_send_signal_to_task

i.OS_send_signal_to_task_context
                0x000030b8       0x3c
 i.OS_send_signal_to_task_context
                0x000030b8       0x3c C:\Program Files (x86)\Cypress\PSoC Creator\3.3\PSoC Creator\psoc\content\cycomponentlibrary\CyComponentLibrary.cylib\BLE_v2_10\Library\gccCyBLEStack_BLE_SOC_PERIPHERAL.a(mint_os_task.o)

i.OS_task_mgmt_init
                0x000030f4       0x50
 i.OS_task_mgmt_init
                0x000030f4       0x50 C:\Program Files (x86)\Cypress\PSoC Creator\3.3\PSoC Creator\psoc\content\cycomponentlibrary\CyComponentLibrary.cylib\BLE_v2_10\Library\gccCyBLEStack_BLE_SOC_PERIPHERAL.a(mint_os_task.o)
                0x000030f4                OS_task_mgmt_init

i.mint_buf_mgmt_allocate_buffer
                0x00003144       0x4c
 i.mint_buf_mgmt_allocate_buffer
                0x00003144       0x4c C:\Program Files (x86)\Cypress\PSoC Creator\3.3\PSoC Creator\psoc\content\cycomponentlibrary\CyComponentLibrary.cylib\BLE_v2_10\Library\gccCyBLEStack_BLE_SOC_PERIPHERAL.a(mint_buf_mgmt.o)
                0x00003144                mint_buf_mgmt_allocate_buffer

i.mint_buf_mgmt_create_pool
                0x00003190       0xd0
 i.mint_buf_mgmt_create_pool
                0x00003190       0xd0 C:\Program Files (x86)\Cypress\PSoC Creator\3.3\PSoC Creator\psoc\content\cycomponentlibrary\CyComponentLibrary.cylib\BLE_v2_10\Library\gccCyBLEStack_BLE_SOC_PERIPHERAL.a(mint_buf_mgmt.o)
                0x00003190                mint_buf_mgmt_create_pool

i.mint_buf_mgmt_free_buffer
                0x00003260       0xa4
 i.mint_buf_mgmt_free_buffer
                0x00003260       0xa4 C:\Program Files (x86)\Cypress\PSoC Creator\3.3\PSoC Creator\psoc\content\cycomponentlibrary\CyComponentLibrary.cylib\BLE_v2_10\Library\gccCyBLEStack_BLE_SOC_PERIPHERAL.a(mint_buf_mgmt.o)
                0x00003260                mint_buf_mgmt_free_buffer

i.mint_buf_mgmt_init
                0x00003304       0x44
 i.mint_buf_mgmt_init
                0x00003304       0x44 C:\Program Files (x86)\Cypress\PSoC Creator\3.3\PSoC Creator\psoc\content\cycomponentlibrary\CyComponentLibrary.cylib\BLE_v2_10\Library\gccCyBLEStack_BLE_SOC_PERIPHERAL.a(mint_buf_mgmt.o)
                0x00003304                mint_buf_mgmt_init

i.mint_buf_mgmt_malloc
                0x00003348       0x2c
 i.mint_buf_mgmt_malloc
                0x00003348       0x2c C:\Program Files (x86)\Cypress\PSoC Creator\3.3\PSoC Creator\psoc\content\cycomponentlibrary\CyComponentLibrary.cylib\BLE_v2_10\Library\gccCyBLEStack_BLE_SOC_PERIPHERAL.a(mint_buf_mgmt.o)
                0x00003348                mint_buf_mgmt_malloc

i.mint_buf_mgmt_pl_init
                0x00003374       0x48
 i.mint_buf_mgmt_pl_init
                0x00003374       0x48 C:\Program Files (x86)\Cypress\PSoC Creator\3.3\PSoC Creator\psoc\content\cycomponentlibrary\CyComponentLibrary.cylib\BLE_v2_10\Library\gccCyBLEStack_BLE_SOC_PERIPHERAL.a(mint_buf_mgmt.o)
                0x00003374                mint_buf_mgmt_pl_init

i.mint_buf_mgmt_reset_pool
                0x000033bc       0x70
 i.mint_buf_mgmt_reset_pool
                0x000033bc       0x70 C:\Program Files (x86)\Cypress\PSoC Creator\3.3\PSoC Creator\psoc\content\cycomponentlibrary\CyComponentLibrary.cylib\BLE_v2_10\Library\gccCyBLEStack_BLE_SOC_PERIPHERAL.a(mint_buf_mgmt.o)
                0x000033bc                mint_buf_mgmt_reset_pool

i.mint_buf_mgmt_stack_init
                0x0000342c       0x24
 i.mint_buf_mgmt_stack_init
                0x0000342c       0x24 C:\Program Files (x86)\Cypress\PSoC Creator\3.3\PSoC Creator\psoc\content\cycomponentlibrary\CyComponentLibrary.cylib\BLE_v2_10\Library\gccCyBLEStack_BLE_SOC_PERIPHERAL.a(mint_buf_mgmt.o)
                0x0000342c                mint_buf_mgmt_stack_init

i.mint_buf_mgmt_stack_pop
                0x00003450       0x36
 i.mint_buf_mgmt_stack_pop
                0x00003450       0x36 C:\Program Files (x86)\Cypress\PSoC Creator\3.3\PSoC Creator\psoc\content\cycomponentlibrary\CyComponentLibrary.cylib\BLE_v2_10\Library\gccCyBLEStack_BLE_SOC_PERIPHERAL.a(mint_buf_mgmt.o)
                0x00003450                mint_buf_mgmt_stack_pop

i.mint_buf_mgmt_stack_push
                0x00003486       0x36
 i.mint_buf_mgmt_stack_push
                0x00003486       0x36 C:\Program Files (x86)\Cypress\PSoC Creator\3.3\PSoC Creator\psoc\content\cycomponentlibrary\CyComponentLibrary.cylib\BLE_v2_10\Library\gccCyBLEStack_BLE_SOC_PERIPHERAL.a(mint_buf_mgmt.o)
                0x00003486                mint_buf_mgmt_stack_push

i.mint_buf_mgmt_stack_reset
                0x000034bc       0x1e
 i.mint_buf_mgmt_stack_reset
                0x000034bc       0x1e C:\Program Files (x86)\Cypress\PSoC Creator\3.3\PSoC Creator\psoc\content\cycomponentlibrary\CyComponentLibrary.cylib\BLE_v2_10\Library\gccCyBLEStack_BLE_SOC_PERIPHERAL.a(mint_buf_mgmt.o)
                0x000034bc                mint_buf_mgmt_stack_reset

i.mint_buf_mgmt_stack_search_item
                0x000034da       0x30
 i.mint_buf_mgmt_stack_search_item
                0x000034da       0x30 C:\Program Files (x86)\Cypress\PSoC Creator\3.3\PSoC Creator\psoc\content\cycomponentlibrary\CyComponentLibrary.cylib\BLE_v2_10\Library\gccCyBLEStack_BLE_SOC_PERIPHERAL.a(mint_buf_mgmt.o)
                0x000034da                mint_buf_mgmt_stack_search_item

i.CyBleControllerIP_GetPingState
                0x0000350c        0xc
 i.CyBleControllerIP_GetPingState
                0x0000350c        0xc C:\Program Files (x86)\Cypress\PSoC Creator\3.3\PSoC Creator\psoc\content\cycomponentlibrary\CyComponentLibrary.cylib\BLE_v2_10\Library\gccCyBLEStack_BLE_SOC_PERIPHERAL.a(CyBleControllerIP_Interface.o)
                0x0000350c                CyBleControllerIP_GetPingState

i.CyBleController_AddDeviceToWhiteList
                0x00003518       0x40
 i.CyBleController_AddDeviceToWhiteList
                0x00003518       0x40 C:\Program Files (x86)\Cypress\PSoC Creator\3.3\PSoC Creator\psoc\content\cycomponentlibrary\CyComponentLibrary.cylib\BLE_v2_10\Library\gccCyBLEStack_BLE_SOC_PERIPHERAL.a(CyBleControllerIP_Interface.o)
                0x00003518                CyBleController_AddDeviceToWhiteList

i.CyBleController_ExitLowPowerMode
                0x00003558       0x10
 i.CyBleController_ExitLowPowerMode
                0x00003558       0x10 C:\Program Files (x86)\Cypress\PSoC Creator\3.3\PSoC Creator\psoc\content\cycomponentlibrary\CyComponentLibrary.cylib\BLE_v2_10\Library\gccCyBLEStack_BLE_SOC_PERIPHERAL.a(CyBleControllerIP_Interface.o)
                0x00003558                CyBleController_ExitLowPowerMode

i.CyBleController_Init
                0x00003568       0x32
 i.CyBleController_Init
                0x00003568       0x32 C:\Program Files (x86)\Cypress\PSoC Creator\3.3\PSoC Creator\psoc\content\cycomponentlibrary\CyComponentLibrary.cylib\BLE_v2_10\Library\gccCyBLEStack_BLE_SOC_PERIPHERAL.a(CyBleControllerIP_Interface.o)
                0x00003568                CyBleController_Init

i.CyBleController_SetDeviceAddress
                0x0000359a       0x2e
 i.CyBleController_SetDeviceAddress
                0x0000359a       0x2e C:\Program Files (x86)\Cypress\PSoC Creator\3.3\PSoC Creator\psoc\content\cycomponentlibrary\CyComponentLibrary.cylib\BLE_v2_10\Library\gccCyBLEStack_BLE_SOC_PERIPHERAL.a(CyBleControllerIP_Interface.o)
                0x0000359a                CyBleController_SetDeviceAddress

i.CyBle_GetTxPowerLevel
                0x000035c8       0x4e
 i.CyBle_GetTxPowerLevel
                0x000035c8       0x4e C:\Program Files (x86)\Cypress\PSoC Creator\3.3\PSoC Creator\psoc\content\cycomponentlibrary\CyComponentLibrary.cylib\BLE_v2_10\Library\gccCyBLEStack_BLE_SOC_PERIPHERAL.a(CyBleControllerIP_Interface.o)
                0x000035c8                CyBle_GetTxPowerLevel

i.CyBle_SetTxPowerLevel
                0x00003616       0x56
 i.CyBle_SetTxPowerLevel
                0x00003616       0x56 C:\Program Files (x86)\Cypress\PSoC Creator\3.3\PSoC Creator\psoc\content\cycomponentlibrary\CyComponentLibrary.cylib\BLE_v2_10\Library\gccCyBLEStack_BLE_SOC_PERIPHERAL.a(CyBleControllerIP_Interface.o)
                0x00003616                CyBle_SetTxPowerLevel

i.ll_check_and_mark_packet_ready_for_transmission
                0x0000366c       0x28
 i.ll_check_and_mark_packet_ready_for_transmission
                0x0000366c       0x28 C:\Program Files (x86)\Cypress\PSoC Creator\3.3\PSoC Creator\psoc\content\cycomponentlibrary\CyComponentLibrary.cylib\BLE_v2_10\Library\gccCyBLEStack_BLE_SOC_PERIPHERAL.a(ll.o)
                0x0000366c                ll_check_and_mark_packet_ready_for_transmission

i.ll_cleanup_pending_data_pdu
                0x00003694       0x38
 i.ll_cleanup_pending_data_pdu
                0x00003694       0x38 C:\Program Files (x86)\Cypress\PSoC Creator\3.3\PSoC Creator\psoc\content\cycomponentlibrary\CyComponentLibrary.cylib\BLE_v2_10\Library\gccCyBLEStack_BLE_SOC_PERIPHERAL.a(ll.o)
                0x00003694                ll_cleanup_pending_data_pdu

i.ll_exit_low_power_mode
                0x000036cc       0xac
 i.ll_exit_low_power_mode
                0x000036cc       0xac C:\Program Files (x86)\Cypress\PSoC Creator\3.3\PSoC Creator\psoc\content\cycomponentlibrary\CyComponentLibrary.cylib\BLE_v2_10\Library\gccCyBLEStack_BLE_SOC_PERIPHERAL.a(ll.o)
                0x000036cc                ll_exit_low_power_mode

i.ll_get_ack_status
                0x00003778       0x3c
 i.ll_get_ack_status
                0x00003778       0x3c C:\Program Files (x86)\Cypress\PSoC Creator\3.3\PSoC Creator\psoc\content\cycomponentlibrary\CyComponentLibrary.cylib\BLE_v2_10\Library\gccCyBLEStack_BLE_SOC_PERIPHERAL.a(ll.o)
                0x00003778                ll_get_ack_status

i.ll_get_adv_ch_tx_power
                0x000037b4       0x20
 i.ll_get_adv_ch_tx_power
                0x000037b4       0x20 C:\Program Files (x86)\Cypress\PSoC Creator\3.3\PSoC Creator\psoc\content\cycomponentlibrary\CyComponentLibrary.cylib\BLE_v2_10\Library\gccCyBLEStack_BLE_SOC_PERIPHERAL.a(ll.o)
                0x000037b4                ll_get_adv_ch_tx_power

i.ll_get_data_channel_map
                0x000037d4       0x24
 i.ll_get_data_channel_map
                0x000037d4       0x24 C:\Program Files (x86)\Cypress\PSoC Creator\3.3\PSoC Creator\psoc\content\cycomponentlibrary\CyComponentLibrary.cylib\BLE_v2_10\Library\gccCyBLEStack_BLE_SOC_PERIPHERAL.a(ll.o)
                0x000037d4                ll_get_data_channel_map

i.ll_get_max_white_list_size
                0x000037f8        0xc
 i.ll_get_max_white_list_size
                0x000037f8        0xc C:\Program Files (x86)\Cypress\PSoC Creator\3.3\PSoC Creator\psoc\content\cycomponentlibrary\CyComponentLibrary.cylib\BLE_v2_10\Library\gccCyBLEStack_BLE_SOC_PERIPHERAL.a(ll.o)
                0x000037f8                ll_get_max_white_list_size

i.ll_get_my_role
                0x00003804        0xc
 i.ll_get_my_role
                0x00003804        0xc C:\Program Files (x86)\Cypress\PSoC Creator\3.3\PSoC Creator\psoc\content\cycomponentlibrary\CyComponentLibrary.cylib\BLE_v2_10\Library\gccCyBLEStack_BLE_SOC_PERIPHERAL.a(ll.o)
                0x00003804                ll_get_my_role

i.ll_get_next_available_fifo_for_data_pdu
                0x00003810        0x8
 i.ll_get_next_available_fifo_for_data_pdu
                0x00003810        0x8 C:\Program Files (x86)\Cypress\PSoC Creator\3.3\PSoC Creator\psoc\content\cycomponentlibrary\CyComponentLibrary.cylib\BLE_v2_10\Library\gccCyBLEStack_BLE_SOC_PERIPHERAL.a(ll.o)
                0x00003810                ll_get_next_available_fifo_for_data_pdu

i.ll_get_next_available_fifo_for_ll_pdu
                0x00003818       0x24
 i.ll_get_next_available_fifo_for_ll_pdu
                0x00003818       0x24 C:\Program Files (x86)\Cypress\PSoC Creator\3.3\PSoC Creator\psoc\content\cycomponentlibrary\CyComponentLibrary.cylib\BLE_v2_10\Library\gccCyBLEStack_BLE_SOC_PERIPHERAL.a(ll.o)
                0x00003818                ll_get_next_available_fifo_for_ll_pdu

i.ll_get_rssi_value
                0x0000383c       0x26
 i.ll_get_rssi_value
                0x0000383c       0x26 C:\Program Files (x86)\Cypress\PSoC Creator\3.3\PSoC Creator\psoc\content\cycomponentlibrary\CyComponentLibrary.cylib\BLE_v2_10\Library\gccCyBLEStack_BLE_SOC_PERIPHERAL.a(ll.o)
                0x0000383c                ll_get_rssi_value

i.ll_get_transmit_power_level
                0x00003864       0x2c
 i.ll_get_transmit_power_level
                0x00003864       0x2c C:\Program Files (x86)\Cypress\PSoC Creator\3.3\PSoC Creator\psoc\content\cycomponentlibrary\CyComponentLibrary.cylib\BLE_v2_10\Library\gccCyBLEStack_BLE_SOC_PERIPHERAL.a(ll.o)
                0x00003864                ll_get_transmit_power_level

i.ll_handle_ack_received
                0x00003890       0x74
 i.ll_handle_ack_received
                0x00003890       0x74 C:\Program Files (x86)\Cypress\PSoC Creator\3.3\PSoC Creator\psoc\content\cycomponentlibrary\CyComponentLibrary.cylib\BLE_v2_10\Library\gccCyBLEStack_BLE_SOC_PERIPHERAL.a(ll.o)
                0x00003890                ll_handle_ack_received

i.ll_handle_add_device_in_whitelist
                0x00003904       0x3a
 i.ll_handle_add_device_in_whitelist
                0x00003904       0x3a C:\Program Files (x86)\Cypress\PSoC Creator\3.3\PSoC Creator\psoc\content\cycomponentlibrary\CyComponentLibrary.cylib\BLE_v2_10\Library\gccCyBLEStack_BLE_SOC_PERIPHERAL.a(ll.o)
                0x00003904                ll_handle_add_device_in_whitelist

i.ll_handle_clear_whitelist
                0x0000393e       0x16
 i.ll_handle_clear_whitelist
                0x0000393e       0x16 C:\Program Files (x86)\Cypress\PSoC Creator\3.3\PSoC Creator\psoc\content\cycomponentlibrary\CyComponentLibrary.cylib\BLE_v2_10\Library\gccCyBLEStack_BLE_SOC_PERIPHERAL.a(ll.o)
                0x0000393e                ll_handle_clear_whitelist

i.ll_handle_encrypt_host_data
                0x00003954       0x36
 i.ll_handle_encrypt_host_data
                0x00003954       0x36 C:\Program Files (x86)\Cypress\PSoC Creator\3.3\PSoC Creator\psoc\content\cycomponentlibrary\CyComponentLibrary.cylib\BLE_v2_10\Library\gccCyBLEStack_BLE_SOC_PERIPHERAL.a(ll.o)
                0x00003954                ll_handle_encrypt_host_data

i.ll_handle_host_data_packet
                0x0000398a       0x54
 i.ll_handle_host_data_packet
                0x0000398a       0x54 C:\Program Files (x86)\Cypress\PSoC Creator\3.3\PSoC Creator\psoc\content\cycomponentlibrary\CyComponentLibrary.cylib\BLE_v2_10\Library\gccCyBLEStack_BLE_SOC_PERIPHERAL.a(ll.o)
                0x0000398a                ll_handle_host_data_packet

i.ll_handle_read_host_channel_map
                0x000039de        0x4
 i.ll_handle_read_host_channel_map
                0x000039de        0x4 C:\Program Files (x86)\Cypress\PSoC Creator\3.3\PSoC Creator\psoc\content\cycomponentlibrary\CyComponentLibrary.cylib\BLE_v2_10\Library\gccCyBLEStack_BLE_SOC_PERIPHERAL.a(ll.o)
                0x000039de                ll_handle_read_host_channel_map

i.ll_handle_remove_device_in_whitelist
                0x000039e2       0x2a
 i.ll_handle_remove_device_in_whitelist
                0x000039e2       0x2a C:\Program Files (x86)\Cypress\PSoC Creator\3.3\PSoC Creator\psoc\content\cycomponentlibrary\CyComponentLibrary.cylib\BLE_v2_10\Library\gccCyBLEStack_BLE_SOC_PERIPHERAL.a(ll.o)
                0x000039e2                ll_handle_remove_device_in_whitelist

i.ll_handle_reset
                0x00003a0c        0xe
 i.ll_handle_reset
                0x00003a0c        0xe C:\Program Files (x86)\Cypress\PSoC Creator\3.3\PSoC Creator\psoc\content\cycomponentlibrary\CyComponentLibrary.cylib\BLE_v2_10\Library\gccCyBLEStack_BLE_SOC_PERIPHERAL.a(ll.o)
                0x00003a0c                ll_handle_reset

i.ll_handle_set_random_address
                0x00003a1a       0x36
 i.ll_handle_set_random_address
                0x00003a1a       0x36 C:\Program Files (x86)\Cypress\PSoC Creator\3.3\PSoC Creator\psoc\content\cycomponentlibrary\CyComponentLibrary.cylib\BLE_v2_10\Library\gccCyBLEStack_BLE_SOC_PERIPHERAL.a(ll.o)
                0x00003a1a                ll_handle_set_random_address

i.ll_init       0x00003a50       0x18
 i.ll_init      0x00003a50       0x18 C:\Program Files (x86)\Cypress\PSoC Creator\3.3\PSoC Creator\psoc\content\cycomponentlibrary\CyComponentLibrary.cylib\BLE_v2_10\Library\gccCyBLEStack_BLE_SOC_PERIPHERAL.a(ll.o)
                0x00003a50                ll_init

i.ll_initialize_device_attributes
                0x00003a68       0x4c
 i.ll_initialize_device_attributes
                0x00003a68       0x4c C:\Program Files (x86)\Cypress\PSoC Creator\3.3\PSoC Creator\psoc\content\cycomponentlibrary\CyComponentLibrary.cylib\BLE_v2_10\Library\gccCyBLEStack_BLE_SOC_PERIPHERAL.a(ll.o)
                0x00003a68                ll_initialize_device_attributes

i.ll_is_pkt_pending
                0x00003ab4       0x2a
 i.ll_is_pkt_pending
                0x00003ab4       0x2a C:\Program Files (x86)\Cypress\PSoC Creator\3.3\PSoC Creator\psoc\content\cycomponentlibrary\CyComponentLibrary.cylib\BLE_v2_10\Library\gccCyBLEStack_BLE_SOC_PERIPHERAL.a(ll.o)
                0x00003ab4                ll_is_pkt_pending

i.ll_is_sent_pkt_pending
                0x00003ade       0x1a
 i.ll_is_sent_pkt_pending
                0x00003ade       0x1a C:\Program Files (x86)\Cypress\PSoC Creator\3.3\PSoC Creator\psoc\content\cycomponentlibrary\CyComponentLibrary.cylib\BLE_v2_10\Library\gccCyBLEStack_BLE_SOC_PERIPHERAL.a(ll.o)
                0x00003ade                ll_is_sent_pkt_pending

i.ll_isr_exit_low_power_mode
                0x00003af8       0x16
 i.ll_isr_exit_low_power_mode
                0x00003af8       0x16 C:\Program Files (x86)\Cypress\PSoC Creator\3.3\PSoC Creator\psoc\content\cycomponentlibrary\CyComponentLibrary.cylib\BLE_v2_10\Library\gccCyBLEStack_BLE_SOC_PERIPHERAL.a(ll.o)
                0x00003af8                ll_isr_exit_low_power_mode

i.ll_load_host_data_packet
                0x00003b0e       0x4a
 i.ll_load_host_data_packet
                0x00003b0e       0x4a C:\Program Files (x86)\Cypress\PSoC Creator\3.3\PSoC Creator\psoc\content\cycomponentlibrary\CyComponentLibrary.cylib\BLE_v2_10\Library\gccCyBLEStack_BLE_SOC_PERIPHERAL.a(ll.o)
                0x00003b0e                ll_load_host_data_packet

i.ll_load_packet_to_fifo
                0x00003b58       0x6e
 i.ll_load_packet_to_fifo
                0x00003b58       0x6e C:\Program Files (x86)\Cypress\PSoC Creator\3.3\PSoC Creator\psoc\content\cycomponentlibrary\CyComponentLibrary.cylib\BLE_v2_10\Library\gccCyBLEStack_BLE_SOC_PERIPHERAL.a(ll.o)
                0x00003b58                ll_load_packet_to_fifo

i.ll_process_acks
                0x00003bc6       0x3c
 i.ll_process_acks
                0x00003bc6       0x3c C:\Program Files (x86)\Cypress\PSoC Creator\3.3\PSoC Creator\psoc\content\cycomponentlibrary\CyComponentLibrary.cylib\BLE_v2_10\Library\gccCyBLEStack_BLE_SOC_PERIPHERAL.a(ll.o)
                0x00003bc6                ll_process_acks

i.ll_reset      0x00003c02       0x12
 i.ll_reset     0x00003c02       0x12 C:\Program Files (x86)\Cypress\PSoC Creator\3.3\PSoC Creator\psoc\content\cycomponentlibrary\CyComponentLibrary.cylib\BLE_v2_10\Library\gccCyBLEStack_BLE_SOC_PERIPHERAL.a(ll.o)
                0x00003c02                ll_reset

i.ll_update_active_features
                0x00003c14       0x58
 i.ll_update_active_features
                0x00003c14       0x58 C:\Program Files (x86)\Cypress\PSoC Creator\3.3\PSoC Creator\psoc\content\cycomponentlibrary\CyComponentLibrary.cylib\BLE_v2_10\Library\gccCyBLEStack_BLE_SOC_PERIPHERAL.a(ll.o)
                0x00003c14                ll_update_active_features

i.ll_update_device_fsm
                0x00003c6c        0x8
 i.ll_update_device_fsm
                0x00003c6c        0x8 C:\Program Files (x86)\Cypress\PSoC Creator\3.3\PSoC Creator\psoc\content\cycomponentlibrary\CyComponentLibrary.cylib\BLE_v2_10\Library\gccCyBLEStack_BLE_SOC_PERIPHERAL.a(ll.o)
                0x00003c6c                ll_update_device_fsm

i.pf_le_start_timer
                0x00003c74       0x16
 i.pf_le_start_timer
                0x00003c74       0x16 C:\Program Files (x86)\Cypress\PSoC Creator\3.3\PSoC Creator\psoc\content\cycomponentlibrary\CyComponentLibrary.cylib\BLE_v2_10\Library\gccCyBLEStack_BLE_SOC_PERIPHERAL.a(ll.o)
                0x00003c74                pf_le_start_timer

i.pf_le_stop_timer
                0x00003c8a       0x12
 i.pf_le_stop_timer
                0x00003c8a       0x12 C:\Program Files (x86)\Cypress\PSoC Creator\3.3\PSoC Creator\psoc\content\cycomponentlibrary\CyComponentLibrary.cylib\BLE_v2_10\Library\gccCyBLEStack_BLE_SOC_PERIPHERAL.a(ll.o)
                0x00003c8a                pf_le_stop_timer

i.CyBleControllerIP_TuneAdvEventInterPktSlots
                0x00003c9c       0x44
 i.CyBleControllerIP_TuneAdvEventInterPktSlots
                0x00003c9c       0x44 C:\Program Files (x86)\Cypress\PSoC Creator\3.3\PSoC Creator\psoc\content\cycomponentlibrary\CyComponentLibrary.cylib\BLE_v2_10\Library\gccCyBLEStack_BLE_SOC_PERIPHERAL.a(ll_advertiser.o)
                0x00003c9c                CyBleControllerIP_TuneAdvEventInterPktSlots

i.ll_adv_is_configured_connection_adv
                0x00003ce0       0x1e
 i.ll_adv_is_configured_connection_adv
                0x00003ce0       0x1e C:\Program Files (x86)\Cypress\PSoC Creator\3.3\PSoC Creator\psoc\content\cycomponentlibrary\CyComponentLibrary.cylib\BLE_v2_10\Library\gccCyBLEStack_BLE_SOC_PERIPHERAL.a(ll_advertiser.o)
                0x00003ce0                ll_adv_is_configured_connection_adv

i.ll_check_random_address_in_use_by_advertiser
                0x00003cfe       0x10
 i.ll_check_random_address_in_use_by_advertiser
                0x00003cfe       0x10 C:\Program Files (x86)\Cypress\PSoC Creator\3.3\PSoC Creator\psoc\content\cycomponentlibrary\CyComponentLibrary.cylib\BLE_v2_10\Library\gccCyBLEStack_BLE_SOC_PERIPHERAL.a(ll_advertiser.o)
                0x00003cfe                ll_check_random_address_in_use_by_advertiser

i.ll_check_whitelist_in_use_by_advertiser
                0x00003d0e       0x10
 i.ll_check_whitelist_in_use_by_advertiser
                0x00003d0e       0x10 C:\Program Files (x86)\Cypress\PSoC Creator\3.3\PSoC Creator\psoc\content\cycomponentlibrary\CyComponentLibrary.cylib\BLE_v2_10\Library\gccCyBLEStack_BLE_SOC_PERIPHERAL.a(ll_advertiser.o)
                0x00003d0e                ll_check_whitelist_in_use_by_advertiser

i.ll_get_adv_status
                0x00003d1e        0xc
 i.ll_get_adv_status
                0x00003d1e        0xc C:\Program Files (x86)\Cypress\PSoC Creator\3.3\PSoC Creator\psoc\content\cycomponentlibrary\CyComponentLibrary.cylib\BLE_v2_10\Library\gccCyBLEStack_BLE_SOC_PERIPHERAL.a(ll_advertiser.o)
                0x00003d1e                ll_get_adv_status

i.ll_get_adv_type
                0x00003d2a       0x16
 i.ll_get_adv_type
                0x00003d2a       0x16 C:\Program Files (x86)\Cypress\PSoC Creator\3.3\PSoC Creator\psoc\content\cycomponentlibrary\CyComponentLibrary.cylib\BLE_v2_10\Library\gccCyBLEStack_BLE_SOC_PERIPHERAL.a(ll_advertiser.o)
                0x00003d2a                ll_get_adv_type

i.ll_handle_adv_intr
                0x00003d40       0x50
 i.ll_handle_adv_intr
                0x00003d40       0x50 C:\Program Files (x86)\Cypress\PSoC Creator\3.3\PSoC Creator\psoc\content\cycomponentlibrary\CyComponentLibrary.cylib\BLE_v2_10\Library\gccCyBLEStack_BLE_SOC_PERIPHERAL.a(ll_advertiser.o)
                0x00003d40                ll_handle_adv_intr

i.ll_handle_set_adv_data
                0x00003d90       0x14
 i.ll_handle_set_adv_data
                0x00003d90       0x14 C:\Program Files (x86)\Cypress\PSoC Creator\3.3\PSoC Creator\psoc\content\cycomponentlibrary\CyComponentLibrary.cylib\BLE_v2_10\Library\gccCyBLEStack_BLE_SOC_PERIPHERAL.a(ll_advertiser.o)
                0x00003d90                ll_handle_set_adv_data

i.ll_handle_set_adv_parameters
                0x00003da4       0x84
 i.ll_handle_set_adv_parameters
                0x00003da4       0x84 C:\Program Files (x86)\Cypress\PSoC Creator\3.3\PSoC Creator\psoc\content\cycomponentlibrary\CyComponentLibrary.cylib\BLE_v2_10\Library\gccCyBLEStack_BLE_SOC_PERIPHERAL.a(ll_advertiser.o)
                0x00003da4                ll_handle_set_adv_parameters

i.ll_handle_set_advertise_enable
                0x00003e28       0x70
 i.ll_handle_set_advertise_enable
                0x00003e28       0x70 C:\Program Files (x86)\Cypress\PSoC Creator\3.3\PSoC Creator\psoc\content\cycomponentlibrary\CyComponentLibrary.cylib\BLE_v2_10\Library\gccCyBLEStack_BLE_SOC_PERIPHERAL.a(ll_advertiser.o)
                0x00003e28                ll_handle_set_advertise_enable

i.ll_handle_set_scan_resp_data
                0x00003e98       0x14
 i.ll_handle_set_scan_resp_data
                0x00003e98       0x14 C:\Program Files (x86)\Cypress\PSoC Creator\3.3\PSoC Creator\psoc\content\cycomponentlibrary\CyComponentLibrary.cylib\BLE_v2_10\Library\gccCyBLEStack_BLE_SOC_PERIPHERAL.a(ll_advertiser.o)
                0x00003e98                ll_handle_set_scan_resp_data

i.ll_init_advertiser
                0x00003eac       0x68
 i.ll_init_advertiser
                0x00003eac       0x68 C:\Program Files (x86)\Cypress\PSoC Creator\3.3\PSoC Creator\psoc\content\cycomponentlibrary\CyComponentLibrary.cylib\BLE_v2_10\Library\gccCyBLEStack_BLE_SOC_PERIPHERAL.a(ll_advertiser.o)
                0x00003eac                ll_init_advertiser

i.is_le_connection_handle
                0x00003f14       0x28
 i.is_le_connection_handle
                0x00003f14       0x28 C:\Program Files (x86)\Cypress\PSoC Creator\3.3\PSoC Creator\psoc\content\cycomponentlibrary\CyComponentLibrary.cylib\BLE_v2_10\Library\gccCyBLEStack_BLE_SOC_PERIPHERAL.a(ll_connection.o)
                0x00003f14                is_le_connection_handle

i.le_assign_connection_handle
                0x00003f3c       0x28
 i.le_assign_connection_handle
                0x00003f3c       0x28 C:\Program Files (x86)\Cypress\PSoC Creator\3.3\PSoC Creator\psoc\content\cycomponentlibrary\CyComponentLibrary.cylib\BLE_v2_10\Library\gccCyBLEStack_BLE_SOC_PERIPHERAL.a(ll_connection.o)
                0x00003f3c                le_assign_connection_handle

i.le_get_connection_index
                0x00003f64        0x6
 i.le_get_connection_index
                0x00003f64        0x6 C:\Program Files (x86)\Cypress\PSoC Creator\3.3\PSoC Creator\psoc\content\cycomponentlibrary\CyComponentLibrary.cylib\BLE_v2_10\Library\gccCyBLEStack_BLE_SOC_PERIPHERAL.a(ll_connection.o)
                0x00003f64                le_get_connection_index

i.ll_allocate_connection
                0x00003f6c       0x44
 i.ll_allocate_connection
                0x00003f6c       0x44 C:\Program Files (x86)\Cypress\PSoC Creator\3.3\PSoC Creator\psoc\content\cycomponentlibrary\CyComponentLibrary.cylib\BLE_v2_10\Library\gccCyBLEStack_BLE_SOC_PERIPHERAL.a(ll_connection.o)
                0x00003f6c                ll_allocate_connection

i.ll_calculate_and_program_def_win_widen_drift
                0x00003fb0       0x14
 i.ll_calculate_and_program_def_win_widen_drift
                0x00003fb0       0x14 C:\Program Files (x86)\Cypress\PSoC Creator\3.3\PSoC Creator\psoc\content\cycomponentlibrary\CyComponentLibrary.cylib\BLE_v2_10\Library\gccCyBLEStack_BLE_SOC_PERIPHERAL.a(ll_connection.o)
                0x00003fb0                ll_calculate_and_program_def_win_widen_drift

i.ll_calculate_drift
                0x00003fc4       0x2c
 i.ll_calculate_drift
                0x00003fc4       0x2c C:\Program Files (x86)\Cypress\PSoC Creator\3.3\PSoC Creator\psoc\content\cycomponentlibrary\CyComponentLibrary.cylib\BLE_v2_10\Library\gccCyBLEStack_BLE_SOC_PERIPHERAL.a(ll_connection.o)
                0x00003fc4                ll_calculate_drift

i.ll_check_and_decrypt_ll_pdu
                0x00003ff0       0x68
 i.ll_check_and_decrypt_ll_pdu
                0x00003ff0       0x68 C:\Program Files (x86)\Cypress\PSoC Creator\3.3\PSoC Creator\psoc\content\cycomponentlibrary\CyComponentLibrary.cylib\BLE_v2_10\Library\gccCyBLEStack_BLE_SOC_PERIPHERAL.a(ll_connection.o)
                0x00003ff0                ll_check_and_decrypt_ll_pdu

i.ll_check_and_decrypt_packet
                0x00004058       0x6a
 i.ll_check_and_decrypt_packet
                0x00004058       0x6a C:\Program Files (x86)\Cypress\PSoC Creator\3.3\PSoC Creator\psoc\content\cycomponentlibrary\CyComponentLibrary.cylib\BLE_v2_10\Library\gccCyBLEStack_BLE_SOC_PERIPHERAL.a(ll_connection.o)
                0x00004058                ll_check_and_decrypt_packet

i.ll_check_and_encrypt_ll_pdu
                0x000040c2       0x72
 i.ll_check_and_encrypt_ll_pdu
                0x000040c2       0x72 C:\Program Files (x86)\Cypress\PSoC Creator\3.3\PSoC Creator\psoc\content\cycomponentlibrary\CyComponentLibrary.cylib\BLE_v2_10\Library\gccCyBLEStack_BLE_SOC_PERIPHERAL.a(ll_connection.o)
                0x000040c2                ll_check_and_encrypt_ll_pdu

i.ll_check_and_encrypt_packet
                0x00004134       0x8a
 i.ll_check_and_encrypt_packet
                0x00004134       0x8a C:\Program Files (x86)\Cypress\PSoC Creator\3.3\PSoC Creator\psoc\content\cycomponentlibrary\CyComponentLibrary.cylib\BLE_v2_10\Library\gccCyBLEStack_BLE_SOC_PERIPHERAL.a(ll_connection.o)
                0x00004134                ll_check_and_encrypt_packet

i.ll_check_for_allowing_incoming_connection_update
                0x000041be       0x42
 i.ll_check_for_allowing_incoming_connection_update
                0x000041be       0x42 C:\Program Files (x86)\Cypress\PSoC Creator\3.3\PSoC Creator\psoc\content\cycomponentlibrary\CyComponentLibrary.cylib\BLE_v2_10\Library\gccCyBLEStack_BLE_SOC_PERIPHERAL.a(ll_connection.o)
                0x000041be                ll_check_for_allowing_incoming_connection_update

i.ll_check_if_pdu_is_loaded_to_hardware
                0x00004200       0x1c
 i.ll_check_if_pdu_is_loaded_to_hardware
                0x00004200       0x1c C:\Program Files (x86)\Cypress\PSoC Creator\3.3\PSoC Creator\psoc\content\cycomponentlibrary\CyComponentLibrary.cylib\BLE_v2_10\Library\gccCyBLEStack_BLE_SOC_PERIPHERAL.a(ll_connection.o)
                0x00004200                ll_check_if_pdu_is_loaded_to_hardware

i.ll_check_random_address_in_use_by_initiator
                0x0000421c       0x30
 i.ll_check_random_address_in_use_by_initiator
                0x0000421c       0x30 C:\Program Files (x86)\Cypress\PSoC Creator\3.3\PSoC Creator\psoc\content\cycomponentlibrary\CyComponentLibrary.cylib\BLE_v2_10\Library\gccCyBLEStack_BLE_SOC_PERIPHERAL.a(ll_connection.o)
                0x0000421c                ll_check_random_address_in_use_by_initiator

i.ll_check_white_list_in_use_by_initiator
                0x0000424c       0x30
 i.ll_check_white_list_in_use_by_initiator
                0x0000424c       0x30 C:\Program Files (x86)\Cypress\PSoC Creator\3.3\PSoC Creator\psoc\content\cycomponentlibrary\CyComponentLibrary.cylib\BLE_v2_10\Library\gccCyBLEStack_BLE_SOC_PERIPHERAL.a(ll_connection.o)
                0x0000424c                ll_check_white_list_in_use_by_initiator

i.ll_conn_free_enc_txn_buffer
                0x0000427c       0x16
 i.ll_conn_free_enc_txn_buffer
                0x0000427c       0x16 C:\Program Files (x86)\Cypress\PSoC Creator\3.3\PSoC Creator\psoc\content\cycomponentlibrary\CyComponentLibrary.cylib\BLE_v2_10\Library\gccCyBLEStack_BLE_SOC_PERIPHERAL.a(ll_connection.o)
                0x0000427c                ll_conn_free_enc_txn_buffer

i.ll_conn_fsm_update_channel_state
                0x00004292        0x6
 i.ll_conn_fsm_update_channel_state
                0x00004292        0x6 C:\Program Files (x86)\Cypress\PSoC Creator\3.3\PSoC Creator\psoc\content\cycomponentlibrary\CyComponentLibrary.cylib\BLE_v2_10\Library\gccCyBLEStack_BLE_SOC_PERIPHERAL.a(ll_connection.o)
                0x00004292                ll_conn_fsm_update_channel_state

i.ll_conn_fsm_update_conn_update_state
                0x00004298        0x6
 i.ll_conn_fsm_update_conn_update_state
                0x00004298        0x6 C:\Program Files (x86)\Cypress\PSoC Creator\3.3\PSoC Creator\psoc\content\cycomponentlibrary\CyComponentLibrary.cylib\BLE_v2_10\Library\gccCyBLEStack_BLE_SOC_PERIPHERAL.a(ll_connection.o)
                0x00004298                ll_conn_fsm_update_conn_update_state

i.ll_conn_fsm_update_enc_state
                0x0000429e        0x6
 i.ll_conn_fsm_update_enc_state
                0x0000429e        0x6 C:\Program Files (x86)\Cypress\PSoC Creator\3.3\PSoC Creator\psoc\content\cycomponentlibrary\CyComponentLibrary.cylib\BLE_v2_10\Library\gccCyBLEStack_BLE_SOC_PERIPHERAL.a(ll_connection.o)
                0x0000429e                ll_conn_fsm_update_enc_state

i.ll_conn_fsm_update_state
                0x000042a4        0x4
 i.ll_conn_fsm_update_state
                0x000042a4        0x4 C:\Program Files (x86)\Cypress\PSoC Creator\3.3\PSoC Creator\psoc\content\cycomponentlibrary\CyComponentLibrary.cylib\BLE_v2_10\Library\gccCyBLEStack_BLE_SOC_PERIPHERAL.a(ll_connection.o)
                0x000042a4                ll_conn_fsm_update_state

i.ll_conn_handle_data_pdu_from_host_when_data_paused
                0x000042a8        0x8
 i.ll_conn_handle_data_pdu_from_host_when_data_paused
                0x000042a8        0x8 C:\Program Files (x86)\Cypress\PSoC Creator\3.3\PSoC Creator\psoc\content\cycomponentlibrary\CyComponentLibrary.cylib\BLE_v2_10\Library\gccCyBLEStack_BLE_SOC_PERIPHERAL.a(ll_connection.o)
                0x000042a8                ll_conn_handle_data_pdu_from_host_when_data_paused

i.ll_conn_handle_direct_adv_timeout
                0x000042b0       0x2a
 i.ll_conn_handle_direct_adv_timeout
                0x000042b0       0x2a C:\Program Files (x86)\Cypress\PSoC Creator\3.3\PSoC Creator\psoc\content\cycomponentlibrary\CyComponentLibrary.cylib\BLE_v2_10\Library\gccCyBLEStack_BLE_SOC_PERIPHERAL.a(ll_connection.o)
                0x000042b0                ll_conn_handle_direct_adv_timeout
