Archive member included because of file (symbol)

.\CortexM0\ARM_GCC_484\Debug\FindME.a(cyfitter_cfg.o)
                              .\CortexM0\ARM_GCC_484\Debug\Cm0Start.o (cyfitter_cfg)
.\CortexM0\ARM_GCC_484\Debug\FindME.a(BLE.o)
                              .\CortexM0\ARM_GCC_484\Debug\main.o (CyBle_Start)
.\CortexM0\ARM_GCC_484\Debug\FindME.a(BLE_gatt.o)
                              .\CortexM0\ARM_GCC_484\Debug\FindME.a(BLE.o) (cyBle_state)
.\CortexM0\ARM_GCC_484\Debug\FindME.a(BLE_ias.o)
                              .\CortexM0\ARM_GCC_484\Debug\FindME.a(BLE.o) (CyBle_IasInit)
.\CortexM0\ARM_GCC_484\Debug\FindME.a(BLE_eventHandler.o)
                              .\CortexM0\ARM_GCC_484\Debug\FindME.a(BLE.o) (cyBle_connHandle)
.\CortexM0\ARM_GCC_484\Debug\FindME.a(PWM_1.o)
                              .\CortexM0\ARM_GCC_484\Debug\main.o (PWM_1_WriteCompare)
.\CortexM0\ARM_GCC_484\Debug\FindME.a(CyBootAsmGnu.o)
                              .\CortexM0\ARM_GCC_484\Debug\FindME.a(cyfitter_cfg.o) (CyDelayCycles)
.\CortexM0\ARM_GCC_484\Debug\FindME.a(CyLib.o)
                              .\CortexM0\ARM_GCC_484\Debug\FindME.a(cyfitter_cfg.o) (CySysClkWriteImoFreq)
.\CortexM0\ARM_GCC_484\Debug\FindME.a(CyLFClk.o)
                              .\CortexM0\ARM_GCC_484\Debug\FindME.a(cyfitter_cfg.o) (CySysClkWcoStart)
.\CortexM0\ARM_GCC_484\Debug\FindME.a(PWM_2.o)
                              .\CortexM0\ARM_GCC_484\Debug\main.o (PWM_2_WriteCompare)
.\CortexM0\ARM_GCC_484\Debug\FindME.a(PWM_3.o)
                              .\CortexM0\ARM_GCC_484\Debug\main.o (PWM_3_WriteCompare)
C:\Program Files (x86)\Cypress\PSoC Creator\3.2\PSoC Creator\psoc\content\cycomponentlibrary\CyComponentLibrary.cylib\BLE_v2_0\Library\gccCyBLEStack_BLE_SOC_PERIPHERAL.a(CyBle.o)
                              .\CortexM0\ARM_GCC_484\Debug\main.o (CyBle_ProcessEvents)
C:\Program Files (x86)\Cypress\PSoC Creator\3.2\PSoC Creator\psoc\content\cycomponentlibrary\CyComponentLibrary.cylib\BLE_v2_0\Library\gccCyBLEStack_BLE_SOC_PERIPHERAL.a(CyBleStackMgrIP_Interface.o)
                              C:\Program Files (x86)\Cypress\PSoC Creator\3.2\PSoC Creator\psoc\content\cycomponentlibrary\CyComponentLibrary.cylib\BLE_v2_0\Library\gccCyBLEStack_BLE_SOC_PERIPHERAL.a(CyBle.o) (CyBleStackMgr_Init)
C:\Program Files (x86)\Cypress\PSoC Creator\3.2\PSoC Creator\psoc\content\cycomponentlibrary\CyComponentLibrary.cylib\BLE_v2_0\Library\gccCyBLEStack_BLE_SOC_PERIPHERAL.a(BT_os.o)
                              C:\Program Files (x86)\Cypress\PSoC Creator\3.2\PSoC Creator\psoc\content\cycomponentlibrary\CyComponentLibrary.cylib\BLE_v2_0\Library\gccCyBLEStack_BLE_SOC_PERIPHERAL.a(CyBleStackMgrIP_Interface.o) (cyBleStackMemoryConfig)
C:\Program Files (x86)\Cypress\PSoC Creator\3.2\PSoC Creator\psoc\content\cycomponentlibrary\CyComponentLibrary.cylib\BLE_v2_0\Library\gccCyBLEStack_BLE_SOC_PERIPHERAL.a(CyBleStackMgr_StackTaskHandler.o)
                              C:\Program Files (x86)\Cypress\PSoC Creator\3.2\PSoC Creator\psoc\content\cycomponentlibrary\CyComponentLibrary.cylib\BLE_v2_0\Library\gccCyBLEStack_BLE_SOC_PERIPHERAL.a(CyBleStackMgrIP_Interface.o) (CyBle_CreateBleStackTask)
C:\Program Files (x86)\Cypress\PSoC Creator\3.2\PSoC Creator\psoc\content\cycomponentlibrary\CyComponentLibrary.cylib\BLE_v2_0\Library\gccCyBLEStack_BLE_SOC_PERIPHERAL.a(transport_sf.o)
                              C:\Program Files (x86)\Cypress\PSoC Creator\3.2\PSoC Creator\psoc\content\cycomponentlibrary\CyComponentLibrary.cylib\BLE_v2_0\Library\gccCyBLEStack_BLE_SOC_PERIPHERAL.a(CyBleStackMgr_StackTaskHandler.o) (hci_soft_transport_notify_data_received)
C:\Program Files (x86)\Cypress\PSoC Creator\3.2\PSoC Creator\psoc\content\cycomponentlibrary\CyComponentLibrary.cylib\BLE_v2_0\Library\gccCyBLEStack_BLE_SOC_PERIPHERAL.a(CyBleStackMgr_PSoCHal.o)
                              C:\Program Files (x86)\Cypress\PSoC Creator\3.2\PSoC Creator\psoc\content\cycomponentlibrary\CyComponentLibrary.cylib\BLE_v2_0\Library\gccCyBLEStack_BLE_SOC_PERIPHERAL.a(CyBleStackMgrIP_Interface.o) (CyBleStackMgr_HalInit)
C:\Program Files (x86)\Cypress\PSoC Creator\3.2\PSoC Creator\psoc\content\cycomponentlibrary\CyComponentLibrary.cylib\BLE_v2_0\Library\gccCyBLEStack_BLE_SOC_PERIPHERAL.a(CyBleStackMgr_BleSSDriver.o)
                              C:\Program Files (x86)\Cypress\PSoC Creator\3.2\PSoC Creator\psoc\content\cycomponentlibrary\CyComponentLibrary.cylib\BLE_v2_0\Library\gccCyBLEStack_BLE_SOC_PERIPHERAL.a(CyBleStackMgrIP_Interface.o) (CyBleStackMgr_BleSSInit)
C:\Program Files (x86)\Cypress\PSoC Creator\3.2\PSoC Creator\psoc\content\cycomponentlibrary\CyComponentLibrary.cylib\BLE_v2_0\Library\gccCyBLEStack_BLE_SOC_PERIPHERAL.a(config_bin.o)
[...]
Memory Configuration

Name             Origin             Length             Attributes
rom              0x00000000         0x00020000         xr
ram              0x20000000         0x00004000         xrw
*default*        0x00000000         0xffffffff

Linker script and memory map

LOAD c:/program files (x86)/cypress/psoc creator/3.2/psoc creator/import/gnu/arm/4.8.4/bin/../lib/gcc/arm-none-eabi/4.8.4/armv6-m/crti.o
LOAD c:/program files (x86)/cypress/psoc creator/3.2/psoc creator/import/gnu/arm/4.8.4/bin/../lib/gcc/arm-none-eabi/4.8.4/armv6-m/crtbegin.o
LOAD c:/program files (x86)/cypress/psoc creator/3.2/psoc creator/import/gnu/arm/4.8.4/bin/../lib/gcc/arm-none-eabi/4.8.4/../../../../arm-none-eabi/lib/armv6-m/crt0.o
START GROUP
LOAD .\CortexM0\ARM_GCC_484\Debug\main.o
LOAD .\CortexM0\ARM_GCC_484\Debug\cymetadata.o
LOAD .\CortexM0\ARM_GCC_484\Debug\Cm0Start.o
LOAD .\CortexM0\ARM_GCC_484\Debug\FindME.a
LOAD C:\Program Files (x86)\Cypress\PSoC Creator\3.2\PSoC Creator\psoc\content\cycomponentlibrary\CyComponentLibrary.cylib\BLE_v2_0\Library\gccCyBLEStack_BLE_SOC_PERIPHERAL.a
LOAD C:\Program Files (x86)\Cypress\PSoC Creator\3.2\PSoC Creator\psoc\content\cycomponentlibrary\CyComponentLibrary.cylib\CortexM0\ARM_GCC_484\Debug\CyComponentLibrary.a
END GROUP
START GROUP
LOAD c:/program files (x86)/cypress/psoc creator/3.2/psoc creator/import/gnu/arm/4.8.4/bin/../lib/gcc/arm-none-eabi/4.8.4/armv6-m\libgcc.a
LOAD c:/program files (x86)/cypress/psoc creator/3.2/psoc creator/import/gnu/arm/4.8.4/bin/../lib/gcc/arm-none-eabi/4.8.4/../../../../arm-none-eabi/lib/armv6-m\libg_s.a
LOAD c:/program files (x86)/cypress/psoc creator/3.2/psoc creator/import/gnu/arm/4.8.4/bin/../lib/gcc/arm-none-eabi/4.8.4/../../../../arm-none-eabi/lib/armv6-m\libc_s.a
END GROUP
START GROUP
LOAD c:/program files (x86)/cypress/psoc creator/3.2/psoc creator/import/gnu/arm/4.8.4/bin/../lib/gcc/arm-none-eabi/4.8.4/armv6-m\libgcc.a
LOAD c:/program files (x86)/cypress/psoc creator/3.2/psoc creator/import/gnu/arm/4.8.4/bin/../lib/gcc/arm-none-eabi/4.8.4/../../../../arm-none-eabi/lib/armv6-m\libc_s.a
END GROUP
LOAD c:/program files (x86)/cypress/psoc creator/3.2/psoc creator/import/gnu/arm/4.8.4/bin/../lib/gcc/arm-none-eabi/4.8.4/armv6-m/crtend.o
LOAD c:/program files (x86)/cypress/psoc creator/3.2/psoc creator/import/gnu/arm/4.8.4/bin/../lib/gcc/arm-none-eabi/4.8.4/armv6-m/crtn.o
START GROUP
LOAD c:/program files (x86)/cypress/psoc creator/3.2/psoc creator/import/gnu/arm/4.8.4/bin/../lib/gcc/arm-none-eabi/4.8.4/armv6-m\libgcc.a
LOAD c:/program files (x86)/cypress/psoc creator/3.2/psoc creator/import/gnu/arm/4.8.4/bin/../lib/gcc/arm-none-eabi/4.8.4/../../../../arm-none-eabi/lib/armv6-m\libc.a
LOAD c:/program files (x86)/cypress/psoc creator/3.2/psoc creator/import/gnu/arm/4.8.4/bin/../lib/gcc/arm-none-eabi/4.8.4/../../../../arm-none-eabi/lib/armv6-m\libnosys.a
END GROUP
                0x00000000                CY_APPL_ORIGIN = 0x0
                0x00000080                CY_FLASH_ROW_SIZE = 0x80
                0x00000001                CY_APPL_NUM = 0x1
                0x00000040                CY_METADATA_SIZE = 0x40
                0x20001d18                PROVIDE (__cy_heap_start, _end)
                0x00000001                PROVIDE (__cy_region_num, ((__cy_regions_end - __cy_regions) / 0x10))
                0x20004000                PROVIDE (__cy_stack, (ORIGIN (ram) + 0x4000))
                0x20003800                PROVIDE (__cy_heap_end, (__cy_stack - 0x800))

.cybootloader   0x00000000        0x0
 *(.cybootloader)
                0x00000000                appl1_start = CY_APPL_ORIGIN?CY_APPL_ORIGIN:ALIGN (CY_FLASH_ROW_SIZE)
                0x0000ff80                appl2_start = (appl1_start + ALIGN ((((0x20000 - appl1_start) - (0x2 * CY_FLASH_ROW_SIZE)) / 0x2), CY_FLASH_ROW_SIZE))
                0x00000000                appl_start = (CY_APPL_NUM == 0x1)?appl1_start:appl2_start

.text           0x00000000     0x12e4
 CREATE_OBJECT_SYMBOLS
                0x00000000                PROVIDE (__cy_interrupt_vector, RomVectors)
 *(.romvectors)
 .romvectors    0x00000000       0x10 .\CortexM0\ARM_GCC_484\Debug\Cm0Start.o
                0x00000000                RomVectors
                0x00000001                ASSERT ((. != __cy_interrupt_vector), No interrupt vector)
                0x00000001                ASSERT (CY_APPL_ORIGIN?(SIZEOF (.cybootloader) <= CY_APPL_ORIGIN):0x1, Wrong image location)
                0x00000010                PROVIDE (__cy_reset, Reset)
 *(.text.Reset)
 .text.Reset    0x00000010        0x8 .\CortexM0\ARM_GCC_484\Debug\Cm0Start.o
                0x00000010                Reset
                0x00000001                ASSERT ((. != __cy_reset), No reset code)
 *(.psocinit)
 .psocinit      0x00000018      0x1e0 .\CortexM0\ARM_GCC_484\Debug\FindME.a(cyfitter_cfg.o)
                0x000000f8                cyfitter_cfg
                0x000001f8                . = MAX (., 0x100)
 *(.text .text.* .gnu.linkonce.t.*)
 .text          0x000001f8       0x60 c:/program files (x86)/cypress/psoc creator/3.2/psoc creator/import/gnu/arm/4.8.4/bin/../lib/gcc/arm-none-eabi/4.8.4/armv6-m/crtbegin.o
 .text.StackEventHandler
                0x00000258       0x14 .\CortexM0\ARM_GCC_484\Debug\main.o
                0x00000258                StackEventHandler
 .text.main     0x0000026c       0x2c .\CortexM0\ARM_GCC_484\Debug\main.o
                0x0000026c                main
 .text.HandleAlertLEDs
                0x00000298       0x4c .\CortexM0\ARM_GCC_484\Debug\main.o
                0x00000298                HandleAlertLEDs
 .text.IasEventHandler
                0x000002e4       0x24 .\CortexM0\ARM_GCC_484\Debug\main.o
                0x000002e4                IasEventHandler
 .text.IntDefaultHandler
                0x00000308        0x4 .\CortexM0\ARM_GCC_484\Debug\Cm0Start.o
                0x00000308                IntDefaultHandler
 .text.Start_c  0x0000030c       0x48 .\CortexM0\ARM_GCC_484\Debug\Cm0Start.o
                0x0000030c                Start_c
 .text.initialize_psoc
                0x00000354       0x58 .\CortexM0\ARM_GCC_484\Debug\Cm0Start.o
                0x00000354                initialize_psoc
 .text.cfg_write_bytes32
                0x000003ac       0x38 .\CortexM0\ARM_GCC_484\Debug\FindME.a(cyfitter_cfg.o)
 .text.AnalogSetDefault
                0x000003e4       0x20 .\CortexM0\ARM_GCC_484\Debug\FindME.a(cyfitter_cfg.o)
 .text.CYMEMZERO
                0x00000404        0xc .\CortexM0\ARM_GCC_484\Debug\FindME.a(cyfitter_cfg.o)
 .text.CyBle_ServiceInit
                0x00000410        0x8 .\CortexM0\ARM_GCC_484\Debug\FindME.a(BLE.o)
                0x00000410                CyBle_ServiceInit
 .text.CyBle_Init
                0x00000418       0x2c .\CortexM0\ARM_GCC_484\Debug\FindME.a(BLE.o)
                0x00000418                CyBle_Init
 .text.CyBle_Start
                0x00000444       0x74 .\CortexM0\ARM_GCC_484\Debug\FindME.a(BLE.o)
                0x00000444                CyBle_Start
 .text.CyBle_GappStartAdvertisement
                0x000004b8       0x8c .\CortexM0\ARM_GCC_484\Debug\FindME.a(BLE.o)
                0x000004b8                CyBle_GappStartAdvertisement
 .text.CyBle_ChangeAdDeviceAddress
                0x00000544        0x4 .\CortexM0\ARM_GCC_484\Debug\FindME.a(BLE.o)
                0x00000544                CyBle_ChangeAdDeviceAddress
 .text.CyBle_Get16ByPtr
                0x00000548        0xc .\CortexM0\ARM_GCC_484\Debug\FindME.a(BLE.o)
                0x00000548                CyBle_Get16ByPtr
 .text.CyBle_GattsWriteEventHandler
                0x00000554       0x58 .\CortexM0\ARM_GCC_484\Debug\FindME.a(BLE_gatt.o)
                0x00000554                CyBle_GattsWriteEventHandler
 .text.CyBle_IasInit
                0x000005ac        0x4 .\CortexM0\ARM_GCC_484\Debug\FindME.a(BLE_ias.o)
                0x000005ac                CyBle_IasInit
 .text.CyBle_IasRegisterAttrCallback
                0x000005b0        0xc .\CortexM0\ARM_GCC_484\Debug\FindME.a(BLE_ias.o)
                0x000005b0                CyBle_IasRegisterAttrCallback
 .text.CyBle_IassDisconnectEventHandler
                0x000005bc       0x28 .\CortexM0\ARM_GCC_484\Debug\FindME.a(BLE_ias.o)
                0x000005bc                CyBle_IassDisconnectEventHandler
 .text.CyBle_IassWriteCmdEventHandler
                0x000005e4       0x64 .\CortexM0\ARM_GCC_484\Debug\FindME.a(BLE_ias.o)
                0x000005e4                CyBle_IassWriteCmdEventHandler
 .text.CyBle_IassGetCharacteristicValue
                0x00000648       0x3c .\CortexM0\ARM_GCC_484\Debug\FindME.a(BLE_ias.o)
                0x00000648                CyBle_IassGetCharacteristicValue
 .text.CyBle_IsDeviceAddressValid
                0x00000684       0x24 .\CortexM0\ARM_GCC_484\Debug\FindME.a(BLE_eventHandler.o)
 .text.CyBle_GattDisconnectEventHandler
                0x000006a8       0x14 .\CortexM0\ARM_GCC_484\Debug\FindME.a(BLE_eventHandler.o)
 .text.CyBle_WriteReqHandler
                0x000006bc       0x38 .\CortexM0\ARM_GCC_484\Debug\FindME.a(BLE_eventHandler.o)
 .text.CyBle_EventHandler
                0x000006f4      0x22c .\CortexM0\ARM_GCC_484\Debug\FindME.a(BLE_eventHandler.o)
                0x000006f4                CyBle_EventHandler
 .text.PWM_1_WriteCounter
                0x00000920       0x10 .\CortexM0\ARM_GCC_484\Debug\FindME.a(PWM_1.o)
                0x00000920                PWM_1_WriteCounter
 .text.PWM_1_WritePeriod
                0x00000930       0x10 .\CortexM0\ARM_GCC_484\Debug\FindME.a(PWM_1.o)
                0x00000930                PWM_1_WritePeriod
 .text.PWM_1_WriteCompare
                0x00000940       0x10 .\CortexM0\ARM_GCC_484\Debug\FindME.a(PWM_1.o)
                0x00000940                PWM_1_WriteCompare
 .text.PWM_1_TriggerCommand
                0x00000950       0x1c .\CortexM0\ARM_GCC_484\Debug\FindME.a(PWM_1.o)
                0x00000950                PWM_1_TriggerCommand
 .text.PWM_1_Enable
                0x0000096c       0x24 .\CortexM0\ARM_GCC_484\Debug\FindME.a(PWM_1.o)
                0x0000096c                PWM_1_Enable
 .text.PWM_1_SetInterruptMode
                0x00000990        0xc .\CortexM0\ARM_GCC_484\Debug\FindME.a(PWM_1.o)
                0x00000990                PWM_1_SetInterruptMode
 .text.PWM_1_Init
                0x0000099c       0x44 .\CortexM0\ARM_GCC_484\Debug\FindME.a(PWM_1.o)
                0x0000099c                PWM_1_Init
 .text.PWM_1_Start
                0x000009e0       0x20 .\CortexM0\ARM_GCC_484\Debug\FindME.a(PWM_1.o)
                0x000009e0                PWM_1_Start
 .text          0x00000a00       0x20 .\CortexM0\ARM_GCC_484\Debug\FindME.a(CyBootAsmGnu.o)
                0x00000a00                CyDelayCycles
                0x00000a12                CyEnterCriticalSection
                0x00000a1a                CyExitCriticalSection
 .text.CySysClkWriteImoFreq
                0x00000a20       0x64 .\CortexM0\ARM_GCC_484\Debug\FindME.a(CyLib.o)
                0x00000a20                CySysClkWriteImoFreq
 .text.CySysClkEcoReadStatus
                0x00000a84       0x10 .\CortexM0\ARM_GCC_484\Debug\FindME.a(CyLib.o)
                0x00000a84                CySysClkEcoReadStatus
 .text.CyIntEnable
                0x00000a94       0x14 .\CortexM0\ARM_GCC_484\Debug\FindME.a(CyLib.o)
                0x00000a94                CyIntEnable
 .text.CyHalt   0x00000aa8        0x4 .\CortexM0\ARM_GCC_484\Debug\FindME.a(CyLib.o)
                0x00000aa8                CyHalt
 .text.CyIntSetVector
                0x00000aac       0x20 .\CortexM0\ARM_GCC_484\Debug\FindME.a(CyLib.o)
                0x00000aac                CyIntSetVector
 .text.CyDelay  0x00000acc       0x30 .\CortexM0\ARM_GCC_484\Debug\FindME.a(CyLib.o)
                0x00000acc                CyDelay
 .text.CyDelayUs
                0x00000afc       0x14 .\CortexM0\ARM_GCC_484\Debug\FindME.a(CyLib.o)
                0x00000afc                CyDelayUs
 .text.CySysClkEcoStart
                0x00000b10       0x54 .\CortexM0\ARM_GCC_484\Debug\FindME.a(CyLib.o)
                0x00000b10                CySysClkEcoStart
 .text.CySysWdtLocked
                0x00000b64       0x18 .\CortexM0\ARM_GCC_484\Debug\FindME.a(CyLFClk.o)
 .text.CySysClkWcoStart
                0x00000b7c       0x40 .\CortexM0\ARM_GCC_484\Debug\FindME.a(CyLFClk.o)
                0x00000b7c                CySysClkWcoStart
 .text.CySysClkWcoSetPowerMode
                0x00000bbc       0x84 .\CortexM0\ARM_GCC_484\Debug\FindME.a(CyLFClk.o)
                0x00000bbc                CySysClkWcoSetPowerMode
 .text.CySysWdtLock
                0x00000c40       0x1c .\CortexM0\ARM_GCC_484\Debug\FindME.a(CyLFClk.o)
                0x00000c40                CySysWdtLock
 .text.CySysWdtUnlock
                0x00000c5c       0x30 .\CortexM0\ARM_GCC_484\Debug\FindME.a(CyLFClk.o)
                0x00000c5c                CySysWdtUnlock
 .text.CySysWdtClearInterrupt
                0x00000c8c       0x4c .\CortexM0\ARM_GCC_484\Debug\FindME.a(CyLFClk.o)
                0x00000c8c                CySysWdtClearInterrupt
 .text.CySysWdtIsr
                0x00000cd8       0xa4 .\CortexM0\ARM_GCC_484\Debug\FindME.a(CyLFClk.o)
                0x00000cd8                CySysWdtIsr
 .text.PWM_2_WriteCounter
                0x00000d7c       0x10 .\CortexM0\ARM_GCC_484\Debug\FindME.a(PWM_2.o)
                0x00000d7c                PWM_2_WriteCounter
 .text.PWM_2_WritePeriod
                0x00000d8c       0x10 .\CortexM0\ARM_GCC_484\Debug\FindME.a(PWM_2.o)
                0x00000d8c                PWM_2_WritePeriod
 .text.PWM_2_WriteCompare
                0x00000d9c       0x10 .\CortexM0\ARM_GCC_484\Debug\FindME.a(PWM_2.o)
                0x00000d9c                PWM_2_WriteCompare
 .text.PWM_2_TriggerCommand
                0x00000dac       0x1c .\CortexM0\ARM_GCC_484\Debug\FindME.a(PWM_2.o)
                0x00000dac                PWM_2_TriggerCommand
 .text.PWM_2_Enable
                0x00000dc8       0x24 .\CortexM0\ARM_GCC_484\Debug\FindME.a(PWM_2.o)
                0x00000dc8                PWM_2_Enable
 .text.PWM_2_SetInterruptMode
                0x00000dec        0xc .\CortexM0\ARM_GCC_484\Debug\FindME.a(PWM_2.o)
                0x00000dec                PWM_2_SetInterruptMode
 .text.PWM_2_Init
                0x00000df8       0x44 .\CortexM0\ARM_GCC_484\Debug\FindME.a(PWM_2.o)
                0x00000df8                PWM_2_Init
 .text.PWM_2_Start
                0x00000e3c       0x20 .\CortexM0\ARM_GCC_484\Debug\FindME.a(PWM_2.o)
                0x00000e3c                PWM_2_Start
 .text.PWM_3_WriteCounter
                0x00000e5c       0x10 .\CortexM0\ARM_GCC_484\Debug\FindME.a(PWM_3.o)
                0x00000e5c                PWM_3_WriteCounter
 .text.PWM_3_WritePeriod
                0x00000e6c       0x10 .\CortexM0\ARM_GCC_484\Debug\FindME.a(PWM_3.o)
                0x00000e6c                PWM_3_WritePeriod
 .text.PWM_3_WriteCompare
                0x00000e7c       0x10 .\CortexM0\ARM_GCC_484\Debug\FindME.a(PWM_3.o)
                0x00000e7c                PWM_3_WriteCompare
 .text.PWM_3_TriggerCommand
                0x00000e8c       0x1c .\CortexM0\ARM_GCC_484\Debug\FindME.a(PWM_3.o)
                0x00000e8c                PWM_3_TriggerCommand
 .text.PWM_3_Enable
                0x00000ea8       0x24 .\CortexM0\ARM_GCC_484\Debug\FindME.a(PWM_3.o)
                0x00000ea8                PWM_3_Enable
 .text.PWM_3_SetInterruptMode
                0x00000ecc        0xc .\CortexM0\ARM_GCC_484\Debug\FindME.a(PWM_3.o)
                0x00000ecc                PWM_3_SetInterruptMode
 .text.PWM_3_Init
                0x00000ed8       0x44 .\CortexM0\ARM_GCC_484\Debug\FindME.a(PWM_3.o)
                0x00000ed8                PWM_3_Init
 .text.PWM_3_Start
                0x00000f1c       0x20 .\CortexM0\ARM_GCC_484\Debug\FindME.a(PWM_3.o)
                0x00000f1c                PWM_3_Start
 .text.CyBLE_Bless_LlRegWrite
                0x00000f3c        0x4 .\CortexM0\ARM_GCC_484\Debug\FindME.a(BLE_HAL_PVT.o)
                0x00000f3c                CyBLE_Bless_LlRegWrite
 .text.CyBLE_Bless_RfRegWrite
                0x00000f40        0x4 .\CortexM0\ARM_GCC_484\Debug\FindME.a(BLE_HAL_PVT.o)
                0x00000f40                CyBLE_Bless_RfRegWrite
 .text.CyBLE_BlessDeviceConfig
                0x00000f44       0xdc .\CortexM0\ARM_GCC_484\Debug\FindME.a(BLE_HAL_PVT.o)
                0x00000f44                CyBLE_BlessDeviceConfig
 .text.CyBleHal_DelayUs
                0x00001020        0x8 .\CortexM0\ARM_GCC_484\Debug\FindME.a(BLE_HAL_PVT.o)
                0x00001020                CyBleHal_DelayUs
 .text.CyBleHal_DelayMs
                0x00001028        0x8 .\CortexM0\ARM_GCC_484\Debug\FindME.a(BLE_HAL_PVT.o)
                0x00001028                CyBleHal_DelayMs
 .text.CyBleHal_EnableGlobalInterrupts
                0x00001030        0x8 .\CortexM0\ARM_GCC_484\Debug\FindME.a(BLE_HAL_PVT.o)
                0x00001030                CyBleHal_EnableGlobalInterrupts
 .text.CyBleHal_DisableGlobalInterrupts
                0x00001038        0x8 .\CortexM0\ARM_GCC_484\Debug\FindME.a(BLE_HAL_PVT.o)
                0x00001038                CyBleHal_DisableGlobalInterrupts
 .text.CyBle_HalInit
                0x00001040       0x18 .\CortexM0\ARM_GCC_484\Debug\FindME.a(BLE_HAL_PVT.o)
                0x00001040                CyBle_HalInit
 .text.CYBLE_BlessStart
                0x00001058       0x10 .\CortexM0\ARM_GCC_484\Debug\FindME.a(BLE_HAL_PVT.o)
                0x00001058                CYBLE_BlessStart
 .text.BLE_bless_isr_SetVector
                0x00001068        0xc .\CortexM0\ARM_GCC_484\Debug\FindME.a(BLE_bless_isr.o)
                0x00001068                BLE_bless_isr_SetVector
 .text.BLE_bless_isr_SetPriority
                0x00001074       0x24 .\CortexM0\ARM_GCC_484\Debug\FindME.a(BLE_bless_isr.o)
                0x00001074                BLE_bless_isr_SetPriority
 .text.BLE_bless_isr_Enable
                0x00001098       0x10 .\CortexM0\ARM_GCC_484\Debug\FindME.a(BLE_bless_isr.o)
                0x00001098                BLE_bless_isr_Enable
 .text.BLE_bless_isr_Disable
                0x000010a8       0x10 .\CortexM0\ARM_GCC_484\Debug\FindME.a(BLE_bless_isr.o)
                0x000010a8                BLE_bless_isr_Disable
 .text.BLE_bless_isr_StartEx
                0x000010b8       0x1c .\CortexM0\ARM_GCC_484\Debug\FindME.a(BLE_bless_isr.o)
                0x000010b8                BLE_bless_isr_StartEx
 .text.CySysPmSleep
                0x000010d4       0x1c .\CortexM0\ARM_GCC_484\Debug\FindME.a(cyPm.o)
                0x000010d4                CySysPmSleep
 .text.CyBLE_Bless_Interrupt
                0x000010f0        0x8 .\CortexM0\ARM_GCC_484\Debug\FindME.a(BLE_HAL_INT.o)
                0x000010f0                CyBLE_Bless_Interrupt
 .text          0x000010f8       0x9c c:/program files (x86)/cypress/psoc creator/3.2/psoc creator/import/gnu/arm/4.8.4/bin/../lib/gcc/arm-none-eabi/4.8.4/armv6-m\libgcc.a(_udivsi3.o)
                0x000010f8                __aeabi_uidiv
                0x000010f8                __udivsi3
                0x00001180                __aeabi_uidivmod
 .text          0x00001194       0xc0 c:/program files (x86)/cypress/psoc creator/3.2/psoc creator/import/gnu/arm/4.8.4/bin/../lib/gcc/arm-none-eabi/4.8.4/armv6-m\libgcc.a(_divsi3.o)
                0x00001194                __divsi3
                0x00001194                __aeabi_idiv
                0x00001240                __aeabi_idivmod
 .text          0x00001254        0x4 c:/program files (x86)/cypress/psoc creator/3.2/psoc creator/import/gnu/arm/4.8.4/bin/../lib/gcc/arm-none-eabi/4.8.4/armv6-m\libgcc.a(_dvmd_tls.o)
                0x00001254                __aeabi_idiv0
                0x00001254                __aeabi_ldiv0
 .text.__libc_init_array
                0x00001258       0x4c c:/program files (x86)/cypress/psoc creator/3.2/psoc creator/import/gnu/arm/4.8.4/bin/../lib/gcc/arm-none-eabi/4.8.4/../../../../arm-none-eabi/lib/armv6-m\libg_s.a(lib_a-init.o)
                0x00001258                __libc_init_array
 .text.memcmp   0x000012a4       0x1e c:/program files (x86)/cypress/psoc creator/3.2/psoc creator/import/gnu/arm/4.8.4/bin/../lib/gcc/arm-none-eabi/4.8.4/../../../../arm-none-eabi/lib/armv6-m\libg_s.a(lib_a-memcmp.o)
                0x000012a4                memcmp
 .text.memcpy   0x000012c2       0x12 c:/program files (x86)/cypress/psoc creator/3.2/psoc creator/import/gnu/arm/4.8.4/bin/../lib/gcc/arm-none-eabi/4.8.4/../../../../arm-none-eabi/lib/armv6-m\libg_s.a(lib_a-memcpy-stub.o)
                0x000012c2                memcpy
 .text.memset   0x000012d4       0x10 c:/program files (x86)/cypress/psoc creator/3.2/psoc creator/import/gnu/arm/4.8.4/bin/../lib/gcc/arm-none-eabi/4.8.4/../../../../arm-none-eabi/lib/armv6-m\libg_s.a(lib_a-memset.o)
                0x000012d4                memset
 *(.plt)
 *(.gnu.warning)
 *(.glue_7t)
 .glue_7t       0x00000000        0x0 linker stubs
 *(.glue_7)
 .glue_7        0x00000000        0x0 linker stubs
 *(.vfp11_veneer)
 .vfp11_veneer  0x00000000        0x0 linker stubs
 *(.bootloader)
 *(.ARM.extab* .gnu.linkonce.armextab.*)
 *(.gcc_except_table)

.v4_bx          0x000012e4        0x0
 .v4_bx         0x00000000        0x0 linker stubs

.iplt           0x000012e4        0x0
 .iplt          0x00000000        0x0 c:/program files (x86)/cypress/psoc creator/3.2/psoc creator/import/gnu/arm/4.8.4/bin/../lib/gcc/arm-none-eabi/4.8.4/armv6-m/crtbegin.o

i.CyBle_ExitLPM
                0x000012e4        0x8
 i.CyBle_ExitLPM
                0x000012e4        0x8 C:\Program Files (x86)\Cypress\PSoC Creator\3.2\PSoC Creator\psoc\content\cycomponentlibrary\CyComponentLibrary.cylib\BLE_v2_0\Library\gccCyBLEStack_BLE_SOC_PERIPHERAL.a(CyBle.o)
                0x000012e4                CyBle_ExitLPM

i.CyBle_ProcessEvents
                0x000012ec        0x8
 i.CyBle_ProcessEvents
                0x000012ec        0x8 C:\Program Files (x86)\Cypress\PSoC Creator\3.2\PSoC Creator\psoc\content\cycomponentlibrary\CyComponentLibrary.cylib\BLE_v2_0\Library\gccCyBLEStack_BLE_SOC_PERIPHERAL.a(CyBle.o)
                0x000012ec                CyBle_ProcessEvents

i.CyBle_SetDeviceAddress
                0x000012f4       0x24
 i.CyBle_SetDeviceAddress
                0x000012f4       0x24 C:\Program Files (x86)\Cypress\PSoC Creator\3.2\PSoC Creator\psoc\content\cycomponentlibrary\CyComponentLibrary.cylib\BLE_v2_0\Library\gccCyBLEStack_BLE_SOC_PERIPHERAL.a(CyBle.o)
                0x000012f4                CyBle_SetDeviceAddress

i.CyBle_StackInit
                0x00001318       0x80
 i.CyBle_StackInit
                0x00001318       0x80 C:\Program Files (x86)\Cypress\PSoC Creator\3.2\PSoC Creator\psoc\content\cycomponentlibrary\CyComponentLibrary.cylib\BLE_v2_0\Library\gccCyBLEStack_BLE_SOC_PERIPHERAL.a(CyBle.o)
                0x00001318                CyBle_StackInit

i.CyBleStackMgr_Init
                0x00001398       0xb4
 i.CyBleStackMgr_Init
                0x00001398       0xb4 C:\Program Files (x86)\Cypress\PSoC Creator\3.2\PSoC Creator\psoc\content\cycomponentlibrary\CyComponentLibrary.cylib\BLE_v2_0\Library\gccCyBLEStack_BLE_SOC_PERIPHERAL.a(CyBleStackMgrIP_Interface.o)
                0x00001398                CyBleStackMgr_Init

i.CyBleStackMgr_ProcessBleEvents
                0x0000144c       0x14
 i.CyBleStackMgr_ProcessBleEvents
                0x0000144c       0x14 C:\Program Files (x86)\Cypress\PSoC Creator\3.2\PSoC Creator\psoc\content\cycomponentlibrary\CyComponentLibrary.cylib\BLE_v2_0\Library\gccCyBLEStack_BLE_SOC_PERIPHERAL.a(CyBleStackMgrIP_Interface.o)
                0x0000144c                CyBleStackMgr_ProcessBleEvents

i.CyBle_GetHeapMemory
                0x00001460       0x28
 i.CyBle_GetHeapMemory
                0x00001460       0x28 C:\Program Files (x86)\Cypress\PSoC Creator\3.2\PSoC Creator\psoc\content\cycomponentlibrary\CyComponentLibrary.cylib\BLE_v2_0\Library\gccCyBLEStack_BLE_SOC_PERIPHERAL.a(CyBleStackMgrIP_Interface.o)
                0x00001460                CyBle_GetHeapMemory

i.CyBle_GetNumAppBufferPools
                0x00001488        0xc
 i.CyBle_GetNumAppBufferPools
                0x00001488        0xc C:\Program Files (x86)\Cypress\PSoC Creator\3.2\PSoC Creator\psoc\content\cycomponentlibrary\CyComponentLibrary.cylib\BLE_v2_0\Library\gccCyBLEStack_BLE_SOC_PERIPHERAL.a(CyBleStackMgrIP_Interface.o)
                0x00001488                CyBle_GetNumAppBufferPools

i.CyBle_GetReservedPoolInfo
                0x00001494       0x3c
 i.CyBle_GetReservedPoolInfo
                0x00001494       0x3c C:\Program Files (x86)\Cypress\PSoC Creator\3.2\PSoC Creator\psoc\content\cycomponentlibrary\CyComponentLibrary.cylib\BLE_v2_0\Library\gccCyBLEStack_BLE_SOC_PERIPHERAL.a(CyBleStackMgrIP_Interface.o)
                0x00001494                CyBle_GetReservedPoolInfo

i.CyBle_HostStackBufferPoolInit
                0x000014d0       0x7c
 i.CyBle_HostStackBufferPoolInit
                0x000014d0       0x7c C:\Program Files (x86)\Cypress\PSoC Creator\3.2\PSoC Creator\psoc\content\cycomponentlibrary\CyComponentLibrary.cylib\BLE_v2_0\Library\gccCyBLEStack_BLE_SOC_PERIPHERAL.a(CyBleStackMgrIP_Interface.o)

i.ble_stack_idle_task_callback
                0x0000154c        0x2
 i.ble_stack_idle_task_callback
                0x0000154c        0x2 C:\Program Files (x86)\Cypress\PSoC Creator\3.2\PSoC Creator\psoc\content\cycomponentlibrary\CyComponentLibrary.cylib\BLE_v2_0\Library\gccCyBLEStack_BLE_SOC_PERIPHERAL.a(CyBleStackMgrIP_Interface.o)
                0x0000154c                ble_stack_idle_task_callback

i.BT_OSFreeBuf  0x00001550       0x20
 i.BT_OSFreeBuf
                0x00001550       0x20 C:\Program Files (x86)\Cypress\PSoC Creator\3.2\PSoC Creator\psoc\content\cycomponentlibrary\CyComponentLibrary.cylib\BLE_v2_0\Library\gccCyBLEStack_BLE_SOC_PERIPHERAL.a(BT_os.o)
                0x00001550                BT_OSFreeBuf

i.BT_OSGetBuF   0x00001570       0x30
 i.BT_OSGetBuF  0x00001570       0x30 C:\Program Files (x86)\Cypress\PSoC Creator\3.2\PSoC Creator\psoc\content\cycomponentlibrary\CyComponentLibrary.cylib\BLE_v2_0\Library\gccCyBLEStack_BLE_SOC_PERIPHERAL.a(BT_os.o)
                0x00001570                BT_OSGetBuF

i.BT_OSMemCreate
                0x000015a0       0x3c
 i.BT_OSMemCreate
                0x000015a0       0x3c C:\Program Files (x86)\Cypress\PSoC Creator\3.2\PSoC Creator\psoc\content\cycomponentlibrary\CyComponentLibrary.cylib\BLE_v2_0\Library\gccCyBLEStack_BLE_SOC_PERIPHERAL.a(BT_os.o)
                0x000015a0                BT_OSMemCreate

i.BT_alloc_mem_ext
                0x000015dc       0x40
 i.BT_alloc_mem_ext
                0x000015dc       0x40 C:\Program Files (x86)\Cypress\PSoC Creator\3.2\PSoC Creator\psoc\content\cycomponentlibrary\CyComponentLibrary.cylib\BLE_v2_0\Library\gccCyBLEStack_BLE_SOC_PERIPHERAL.a(BT_os.o)
                0x000015dc                BT_alloc_mem_ext

i.BT_buff_alloc_from_cfg_pool_ext
                0x0000161c       0x18
 i.BT_buff_alloc_from_cfg_pool_ext
                0x0000161c       0x18 C:\Program Files (x86)\Cypress\PSoC Creator\3.2\PSoC Creator\psoc\content\cycomponentlibrary\CyComponentLibrary.cylib\BLE_v2_0\Library\gccCyBLEStack_BLE_SOC_PERIPHERAL.a(BT_os.o)
                0x0000161c                BT_buff_alloc_from_cfg_pool_ext

i.BT_free_mem   0x00001634        0xc
 i.BT_free_mem  0x00001634        0xc C:\Program Files (x86)\Cypress\PSoC Creator\3.2\PSoC Creator\psoc\content\cycomponentlibrary\CyComponentLibrary.cylib\BLE_v2_0\Library\gccCyBLEStack_BLE_SOC_PERIPHERAL.a(BT_os.o)
                0x00001634                BT_free_mem

i.bt_stack_create_buffer_pool
                0x00001640       0x30
 i.bt_stack_create_buffer_pool
                0x00001640       0x30 C:\Program Files (x86)\Cypress\PSoC Creator\3.2\PSoC Creator\psoc\content\cycomponentlibrary\CyComponentLibrary.cylib\BLE_v2_0\Library\gccCyBLEStack_BLE_SOC_PERIPHERAL.a(BT_os.o)
                0x00001640                bt_stack_create_buffer_pool

i.CyBle_CheckBleStackTaskStatus
                0x00001670        0x4
 i.CyBle_CheckBleStackTaskStatus
                0x00001670        0x4 C:\Program Files (x86)\Cypress\PSoC Creator\3.2\PSoC Creator\psoc\content\cycomponentlibrary\CyComponentLibrary.cylib\BLE_v2_0\Library\gccCyBLEStack_BLE_SOC_PERIPHERAL.a(CyBleStackMgr_StackTaskHandler.o)
                0x00001670                CyBle_CheckBleStackTaskStatus

i.CyBle_CreateBleStackTask
                0x00001674       0x2c
 i.CyBle_CreateBleStackTask
                0x00001674       0x2c C:\Program Files (x86)\Cypress\PSoC Creator\3.2\PSoC Creator\psoc\content\cycomponentlibrary\CyComponentLibrary.cylib\BLE_v2_0\Library\gccCyBLEStack_BLE_SOC_PERIPHERAL.a(CyBleStackMgr_StackTaskHandler.o)
                0x00001674                CyBle_CreateBleStackTask

i.CyBle_SignalBleStackTask
                0x000016a0       0x50
 i.CyBle_SignalBleStackTask
                0x000016a0       0x50 C:\Program Files (x86)\Cypress\PSoC Creator\3.2\PSoC Creator\psoc\content\cycomponentlibrary\CyComponentLibrary.cylib\BLE_v2_0\Library\gccCyBLEStack_BLE_SOC_PERIPHERAL.a(CyBleStackMgr_StackTaskHandler.o)
                0x000016a0                CyBle_SignalBleStackTask

i.CyBle_StackTaskHandler
                0x000016f0       0x5c
 i.CyBle_StackTaskHandler
                0x000016f0       0x5c C:\Program Files (x86)\Cypress\PSoC Creator\3.2\PSoC Creator\psoc\content\cycomponentlibrary\CyComponentLibrary.cylib\BLE_v2_0\Library\gccCyBLEStack_BLE_SOC_PERIPHERAL.a(CyBleStackMgr_StackTaskHandler.o)
                0x000016f0                CyBle_StackTaskHandler

i.__ARM_common_switch8
                0x0000174c       0x1a
 i.__ARM_common_switch8
                0x0000174c       0x1a C:\Program Files (x86)\Cypress\PSoC Creator\3.2\PSoC Creator\psoc\content\cycomponentlibrary\CyComponentLibrary.cylib\BLE_v2_0\Library\gccCyBLEStack_BLE_SOC_PERIPHERAL.a(CyBleStackMgr_StackTaskHandler.o)
                0x0000174c                __ARM_common_switch8

i.hci_soft_transport_notify_data_received
                0x00001768        0xc
 i.hci_soft_transport_notify_data_received
                0x00001768        0xc C:\Program Files (x86)\Cypress\PSoC Creator\3.2\PSoC Creator\psoc\content\cycomponentlibrary\CyComponentLibrary.cylib\BLE_v2_0\Library\gccCyBLEStack_BLE_SOC_PERIPHERAL.a(transport_sf.o)
                0x00001768                hci_soft_transport_notify_data_received

i.hci_soft_transport_rx_data
                0x00001774       0x40
 i.hci_soft_transport_rx_data
                0x00001774       0x40 C:\Program Files (x86)\Cypress\PSoC Creator\3.2\PSoC Creator\psoc\content\cycomponentlibrary\CyComponentLibrary.cylib\BLE_v2_0\Library\gccCyBLEStack_BLE_SOC_PERIPHERAL.a(transport_sf.o)
                0x00001774                hci_soft_transport_rx_data

i.hci_transport_bt_init
                0x000017b4        0x2
 i.hci_transport_bt_init
                0x000017b4        0x2 C:\Program Files (x86)\Cypress\PSoC Creator\3.2\PSoC Creator\psoc\content\cycomponentlibrary\CyComponentLibrary.cylib\BLE_v2_0\Library\gccCyBLEStack_BLE_SOC_PERIPHERAL.a(transport_sf.o)
                0x000017b4                hci_transport_bt_init

i.hci_transport_init
                0x000017b8       0x10
 i.hci_transport_init
                0x000017b8       0x10 C:\Program Files (x86)\Cypress\PSoC Creator\3.2\PSoC Creator\psoc\content\cycomponentlibrary\CyComponentLibrary.cylib\BLE_v2_0\Library\gccCyBLEStack_BLE_SOC_PERIPHERAL.a(transport_sf.o)
                0x000017b8                hci_transport_init

i.hci_transport_write_data
                0x000017c8       0xd4
 i.hci_transport_write_data
                0x000017c8       0xd4 C:\Program Files (x86)\Cypress\PSoC Creator\3.2\PSoC Creator\psoc\content\cycomponentlibrary\CyComponentLibrary.cylib\BLE_v2_0\Library\gccCyBLEStack_BLE_SOC_PERIPHERAL.a(transport_sf.o)
                0x000017c8                hci_transport_write_data

i.pf_hci_soft_transport_write
                0x0000189c       0x44
 i.pf_hci_soft_transport_write
                0x0000189c       0x44 C:\Program Files (x86)\Cypress\PSoC Creator\3.2\PSoC Creator\psoc\content\cycomponentlibrary\CyComponentLibrary.cylib\BLE_v2_0\Library\gccCyBLEStack_BLE_SOC_PERIPHERAL.a(transport_sf.o)
                0x0000189c                pf_hci_soft_transport_write

i.pf_soft_hci_transport_init
                0x000018e0        0xc
 i.pf_soft_hci_transport_init
                0x000018e0        0xc C:\Program Files (x86)\Cypress\PSoC Creator\3.2\PSoC Creator\psoc\content\cycomponentlibrary\CyComponentLibrary.cylib\BLE_v2_0\Library\gccCyBLEStack_BLE_SOC_PERIPHERAL.a(transport_sf.o)
                0x000018e0                pf_soft_hci_transport_init

i.CyBleStackMgr_GetTime
                0x000018ec       0x14
 i.CyBleStackMgr_GetTime
                0x000018ec       0x14 C:\Program Files (x86)\Cypress\PSoC Creator\3.2\PSoC Creator\psoc\content\cycomponentlibrary\CyComponentLibrary.cylib\BLE_v2_0\Library\gccCyBLEStack_BLE_SOC_PERIPHERAL.a(CyBleStackMgr_PSoCHal.o)
                0x000018ec                CyBleStackMgr_GetTime

i.CyBleStackMgr_HalInit
                0x00001900       0x24
 i.CyBleStackMgr_HalInit
                0x00001900       0x24 C:\Program Files (x86)\Cypress\PSoC Creator\3.2\PSoC Creator\psoc\content\cycomponentlibrary\CyComponentLibrary.cylib\BLE_v2_0\Library\gccCyBLEStack_BLE_SOC_PERIPHERAL.a(CyBleStackMgr_PSoCHal.o)
                0x00001900                CyBleStackMgr_HalInit

i.CyBleStackMgr_HalIntrEnable
                0x00001924        0x8
 i.CyBleStackMgr_HalIntrEnable
                0x00001924        0x8 C:\Program Files (x86)\Cypress\PSoC Creator\3.2\PSoC Creator\psoc\content\cycomponentlibrary\CyComponentLibrary.cylib\BLE_v2_0\Library\gccCyBLEStack_BLE_SOC_PERIPHERAL.a(CyBleStackMgr_PSoCHal.o)
                0x00001924                CyBleStackMgr_HalIntrEnable

i.CyBleStackMgr_HandleLinkLayerTick
                0x0000192c       0x5c
 i.CyBleStackMgr_HandleLinkLayerTick
                0x0000192c       0x5c C:\Program Files (x86)\Cypress\PSoC Creator\3.2\PSoC Creator\psoc\content\cycomponentlibrary\CyComponentLibrary.cylib\BLE_v2_0\Library\gccCyBLEStack_BLE_SOC_PERIPHERAL.a(CyBleStackMgr_PSoCHal.o)
                0x0000192c                CyBleStackMgr_HandleLinkLayerTick

i.CyBleStackMgr_HciPortInit
                0x00001988        0xc
 i.CyBleStackMgr_HciPortInit
                0x00001988        0xc C:\Program Files (x86)\Cypress\PSoC Creator\3.2\PSoC Creator\psoc\content\cycomponentlibrary\CyComponentLibrary.cylib\BLE_v2_0\Library\gccCyBLEStack_BLE_SOC_PERIPHERAL.a(CyBleStackMgr_PSoCHal.o)
                0x00001988                CyBleStackMgr_HciPortInit

i.CyBleStackMgr_HciPortReset
                0x00001994        0x2
 i.CyBleStackMgr_HciPortReset
                0x00001994        0x2 C:\Program Files (x86)\Cypress\PSoC Creator\3.2\PSoC Creator\psoc\content\cycomponentlibrary\CyComponentLibrary.cylib\BLE_v2_0\Library\gccCyBLEStack_BLE_SOC_PERIPHERAL.a(CyBleStackMgr_PSoCHal.o)
                0x00001994                CyBleStackMgr_HciPortReset

i.CyBleStackMgr_HciPortWrite
                0x00001996        0x8
 i.CyBleStackMgr_HciPortWrite
                0x00001996        0x8 C:\Program Files (x86)\Cypress\PSoC Creator\3.2\PSoC Creator\psoc\content\cycomponentlibrary\CyComponentLibrary.cylib\BLE_v2_0\Library\gccCyBLEStack_BLE_SOC_PERIPHERAL.a(CyBleStackMgr_PSoCHal.o)
                0x00001996                CyBleStackMgr_HciPortWrite

i.CyBleStackMgr_ResetLinkLayerTimerEntity
                0x000019a0       0x14
 i.CyBleStackMgr_ResetLinkLayerTimerEntity
                0x000019a0       0x14 C:\Program Files (x86)\Cypress\PSoC Creator\3.2\PSoC Creator\psoc\content\cycomponentlibrary\CyComponentLibrary.cylib\BLE_v2_0\Library\gccCyBLEStack_BLE_SOC_PERIPHERAL.a(CyBleStackMgr_PSoCHal.o)
                0x000019a0                CyBleStackMgr_ResetLinkLayerTimerEntity

i.CyBleStackMgr_TimerStart
                0x000019b4       0x2c
 i.CyBleStackMgr_TimerStart
                0x000019b4       0x2c C:\Program Files (x86)\Cypress\PSoC Creator\3.2\PSoC Creator\psoc\content\cycomponentlibrary\CyComponentLibrary.cylib\BLE_v2_0\Library\gccCyBLEStack_BLE_SOC_PERIPHERAL.a(CyBleStackMgr_PSoCHal.o)
                0x000019b4                CyBleStackMgr_TimerStart

i.CyBleStackMgr_TimerStop
                0x000019e0       0x18
 i.CyBleStackMgr_TimerStop
                0x000019e0       0x18 C:\Program Files (x86)\Cypress\PSoC Creator\3.2\PSoC Creator\psoc\content\cycomponentlibrary\CyComponentLibrary.cylib\BLE_v2_0\Library\gccCyBLEStack_BLE_SOC_PERIPHERAL.a(CyBleStackMgr_PSoCHal.o)
                0x000019e0                CyBleStackMgr_TimerStop

i.CyBleStackMgr_isTimerRunning
                0x000019f8       0x10
 i.CyBleStackMgr_isTimerRunning
                0x000019f8       0x10 C:\Program Files (x86)\Cypress\PSoC Creator\3.2\PSoC Creator\psoc\content\cycomponentlibrary\CyComponentLibrary.cylib\BLE_v2_0\Library\gccCyBLEStack_BLE_SOC_PERIPHERAL.a(CyBleStackMgr_PSoCHal.o)
                0x000019f8                CyBleStackMgr_isTimerRunning

i.CyBleAtlantisRadioInit
                0x00001a08      0x150
 i.CyBleAtlantisRadioInit
                0x00001a08      0x150 C:\Program Files (x86)\Cypress\PSoC Creator\3.2\PSoC Creator\psoc\content\cycomponentlibrary\CyComponentLibrary.cylib\BLE_v2_0\Library\gccCyBLEStack_BLE_SOC_PERIPHERAL.a(CyBleStackMgr_BleSSDriver.o)

i.CyBleStackMgr_BleSSFifoRead
                0x00001b58       0x38
 i.CyBleStackMgr_BleSSFifoRead
                0x00001b58       0x38 C:\Program Files (x86)\Cypress\PSoC Creator\3.2\PSoC Creator\psoc\content\cycomponentlibrary\CyComponentLibrary.cylib\BLE_v2_0\Library\gccCyBLEStack_BLE_SOC_PERIPHERAL.a(CyBleStackMgr_BleSSDriver.o)
                0x00001b58                CyBleStackMgr_BleSSFifoRead

i.CyBleStackMgr_BleSSFifoWrite
                0x00001b90       0x30
 i.CyBleStackMgr_BleSSFifoWrite
                0x00001b90       0x30 C:\Program Files (x86)\Cypress\PSoC Creator\3.2\PSoC Creator\psoc\content\cycomponentlibrary\CyComponentLibrary.cylib\BLE_v2_0\Library\gccCyBLEStack_BLE_SOC_PERIPHERAL.a(CyBleStackMgr_BleSSDriver.o)
                0x00001b90                CyBleStackMgr_BleSSFifoWrite

i.CyBleStackMgr_BleSSInit
                0x00001bc0       0x50
 i.CyBleStackMgr_BleSSInit
                0x00001bc0       0x50 C:\Program Files (x86)\Cypress\PSoC Creator\3.2\PSoC Creator\psoc\content\cycomponentlibrary\CyComponentLibrary.cylib\BLE_v2_0\Library\gccCyBLEStack_BLE_SOC_PERIPHERAL.a(CyBleStackMgr_BleSSDriver.o)
                0x00001bc0                CyBleStackMgr_BleSSInit

i.CyBleStackMgr_BleSSMemRead
                0x00001c10       0x26
 i.CyBleStackMgr_BleSSMemRead
                0x00001c10       0x26 C:\Program Files (x86)\Cypress\PSoC Creator\3.2\PSoC Creator\psoc\content\cycomponentlibrary\CyComponentLibrary.cylib\BLE_v2_0\Library\gccCyBLEStack_BLE_SOC_PERIPHERAL.a(CyBleStackMgr_BleSSDriver.o)
                0x00001c10                CyBleStackMgr_BleSSMemRead

i.CyBleStackMgr_BleSSMemWrite
                0x00001c38       0x34
 i.CyBleStackMgr_BleSSMemWrite
                0x00001c38       0x34 C:\Program Files (x86)\Cypress\PSoC Creator\3.2\PSoC Creator\psoc\content\cycomponentlibrary\CyComponentLibrary.cylib\BLE_v2_0\Library\gccCyBLEStack_BLE_SOC_PERIPHERAL.a(CyBleStackMgr_BleSSDriver.o)
                0x00001c38                CyBleStackMgr_BleSSMemWrite

i.CyBleStackMgr_BleSSRegRead
                0x00001c6c        0xc
 i.CyBleStackMgr_BleSSRegRead
                0x00001c6c        0xc C:\Program Files (x86)\Cypress\PSoC Creator\3.2\PSoC Creator\psoc\content\cycomponentlibrary\CyComponentLibrary.cylib\BLE_v2_0\Library\gccCyBLEStack_BLE_SOC_PERIPHERAL.a(CyBleStackMgr_BleSSDriver.o)
                0x00001c6c                CyBleStackMgr_BleSSRegRead

i.CyBleStackMgr_BleSSRegWrite
                0x00001c78        0xc
 i.CyBleStackMgr_BleSSRegWrite
                0x00001c78        0xc C:\Program Files (x86)\Cypress\PSoC Creator\3.2\PSoC Creator\psoc\content\cycomponentlibrary\CyComponentLibrary.cylib\BLE_v2_0\Library\gccCyBLEStack_BLE_SOC_PERIPHERAL.a(CyBleStackMgr_BleSSDriver.o)
                0x00001c78                CyBleStackMgr_BleSSRegWrite

i.CyBleStackMgr_BleSSReset
                0x00001c84       0x38
 i.CyBleStackMgr_BleSSReset
                0x00001c84       0x38 C:\Program Files (x86)\Cypress\PSoC Creator\3.2\PSoC Creator\psoc\content\cycomponentlibrary\CyComponentLibrary.cylib\BLE_v2_0\Library\gccCyBLEStack_BLE_SOC_PERIPHERAL.a(CyBleStackMgr_BleSSDriver.o)
                0x00001c84                CyBleStackMgr_BleSSReset

i.CyBleStackMgr_GenericIface
                0x00001cbc       0x3c
 i.CyBleStackMgr_GenericIface
                0x00001cbc       0x3c C:\Program Files (x86)\Cypress\PSoC Creator\3.2\PSoC Creator\psoc\content\cycomponentlibrary\CyComponentLibrary.cylib\BLE_v2_0\Library\gccCyBLEStack_BLE_SOC_PERIPHERAL.a(CyBleStackMgr_BleSSDriver.o)
                0x00001cbc                CyBleStackMgr_GenericIface

i.CyBleStackMgr_HandleBleSSIntr
                0x00001cf8       0x90
 i.CyBleStackMgr_HandleBleSSIntr
                0x00001cf8       0x90 C:\Program Files (x86)\Cypress\PSoC Creator\3.2\PSoC Creator\psoc\content\cycomponentlibrary\CyComponentLibrary.cylib\BLE_v2_0\Library\gccCyBLEStack_BLE_SOC_PERIPHERAL.a(CyBleStackMgr_BleSSDriver.o)
                0x00001cf8                CyBleStackMgr_HandleBleSSIntr

i.CyBleStackMgr_SetClockParam
                0x00001d88       0xb4
 i.CyBleStackMgr_SetClockParam
                0x00001d88       0xb4 C:\Program Files (x86)\Cypress\PSoC Creator\3.2\PSoC Creator\psoc\content\cycomponentlibrary\CyComponentLibrary.cylib\BLE_v2_0\Library\gccCyBLEStack_BLE_SOC_PERIPHERAL.a(CyBleStackMgr_BleSSDriver.o)

i.CyBle_ExitDsmMode
                0x00001e3c       0x2c
 i.CyBle_ExitDsmMode
                0x00001e3c       0x2c C:\Program Files (x86)\Cypress\PSoC Creator\3.2\PSoC Creator\psoc\content\cycomponentlibrary\CyComponentLibrary.cylib\BLE_v2_0\Library\gccCyBLEStack_BLE_SOC_PERIPHERAL.a(CyBleStackMgr_BleSSDriver.o)
                0x00001e3c                CyBle_ExitDsmMode

i.CyBle_GetBleSsOperationalMode
                0x00001e68        0xc
 i.CyBle_GetBleSsOperationalMode
                0x00001e68        0xc C:\Program Files (x86)\Cypress\PSoC Creator\3.2\PSoC Creator\psoc\content\cycomponentlibrary\CyComponentLibrary.cylib\BLE_v2_0\Library\gccCyBLEStack_BLE_SOC_PERIPHERAL.a(CyBleStackMgr_BleSSDriver.o)
                0x00001e68                CyBle_GetBleSsOperationalMode

i.CyBle_GetLpMode
                0x00001e74       0x26
 i.CyBle_GetLpMode
                0x00001e74       0x26 C:\Program Files (x86)\Cypress\PSoC Creator\3.2\PSoC Creator\psoc\content\cycomponentlibrary\CyComponentLibrary.cylib\BLE_v2_0\Library\gccCyBLEStack_BLE_SOC_PERIPHERAL.a(CyBleStackMgr_BleSSDriver.o)
                0x00001e74                CyBle_GetLpMode

i.CyBle_GetTxGainMode
                0x00001e9c       0x2c
 i.CyBle_GetTxGainMode
                0x00001e9c       0x2c C:\Program Files (x86)\Cypress\PSoC Creator\3.2\PSoC Creator\psoc\content\cycomponentlibrary\CyComponentLibrary.cylib\BLE_v2_0\Library\gccCyBLEStack_BLE_SOC_PERIPHERAL.a(CyBleStackMgr_BleSSDriver.o)
                0x00001e9c                CyBle_GetTxGainMode

i.CyBle_SetBleSsOperationalMode
                0x00001ec8       0x20
 i.CyBle_SetBleSsOperationalMode
                0x00001ec8       0x20 C:\Program Files (x86)\Cypress\PSoC Creator\3.2\PSoC Creator\psoc\content\cycomponentlibrary\CyComponentLibrary.cylib\BLE_v2_0\Library\gccCyBLEStack_BLE_SOC_PERIPHERAL.a(CyBleStackMgr_BleSSDriver.o)
                0x00001ec8                CyBle_SetBleSsOperationalMode

i.CyBle_SetEventCloseState
                0x00001ee8        0xc
 i.CyBle_SetEventCloseState
                0x00001ee8        0xc C:\Program Files (x86)\Cypress\PSoC Creator\3.2\PSoC Creator\psoc\content\cycomponentlibrary\CyComponentLibrary.cylib\BLE_v2_0\Library\gccCyBLEStack_BLE_SOC_PERIPHERAL.a(CyBleStackMgr_BleSSDriver.o)
                0x00001ee8                CyBle_SetEventCloseState

i.CyBle_SetRxGainMode
                0x00001ef4       0x20
 i.CyBle_SetRxGainMode
                0x00001ef4       0x20 C:\Program Files (x86)\Cypress\PSoC Creator\3.2\PSoC Creator\psoc\content\cycomponentlibrary\CyComponentLibrary.cylib\BLE_v2_0\Library\gccCyBLEStack_BLE_SOC_PERIPHERAL.a(CyBleStackMgr_BleSSDriver.o)
                0x00001ef4                CyBle_SetRxGainMode

i.CyBle_SetTxGainMode
                0x00001f14       0x38
 i.CyBle_SetTxGainMode
                0x00001f14       0x38 C:\Program Files (x86)\Cypress\PSoC Creator\3.2\PSoC Creator\psoc\content\cycomponentlibrary\CyComponentLibrary.cylib\BLE_v2_0\Library\gccCyBLEStack_BLE_SOC_PERIPHERAL.a(CyBleStackMgr_BleSSDriver.o)
                0x00001f14                CyBle_SetTxGainMode

i.pf_rf_get_abs_rssi
                0x00001f4c       0x24
 i.pf_rf_get_abs_rssi
                0x00001f4c       0x24 C:\Program Files (x86)\Cypress\PSoC Creator\3.2\PSoC Creator\psoc\content\cycomponentlibrary\CyComponentLibrary.cylib\BLE_v2_0\Library\gccCyBLEStack_BLE_SOC_PERIPHERAL.a(CyBleStackMgr_BleSSDriver.o)
                0x00001f4c                pf_rf_get_abs_rssi

i.OS_init       0x00001f70       0x64
 i.OS_init      0x00001f70       0x64 C:\Program Files (x86)\Cypress\PSoC Creator\3.2\PSoC Creator\psoc\content\cycomponentlibrary\CyComponentLibrary.cylib\BLE_v2_0\Library\gccCyBLEStack_BLE_SOC_PERIPHERAL.a(mint_os.o)
                0x00001f70                OS_init

i.mintos_malloc
                0x00001fd4       0x34
 i.mintos_malloc
                0x00001fd4       0x34 C:\Program Files (x86)\Cypress\PSoC Creator\3.2\PSoC Creator\psoc\content\cycomponentlibrary\CyComponentLibrary.cylib\BLE_v2_0\Library\gccCyBLEStack_BLE_SOC_PERIPHERAL.a(mint_os.o)
                0x00001fd4                mintos_malloc

i.OS_create_queue
                0x00002008       0x64
 i.OS_create_queue
                0x00002008       0x64 C:\Program Files (x86)\Cypress\PSoC Creator\3.2\PSoC Creator\psoc\content\cycomponentlibrary\CyComponentLibrary.cylib\BLE_v2_0\Library\gccCyBLEStack_BLE_SOC_PERIPHERAL.a(mint_os_queue.o)
                0x00002008                OS_create_queue

i.OS_enqueue_item
                0x0000206c       0x8c
 i.OS_enqueue_item
                0x0000206c       0x8c C:\Program Files (x86)\Cypress\PSoC Creator\3.2\PSoC Creator\psoc\content\cycomponentlibrary\CyComponentLibrary.cylib\BLE_v2_0\Library\gccCyBLEStack_BLE_SOC_PERIPHERAL.a(mint_os_queue.o)
                0x0000206c                OS_enqueue_item

i.OS_queue_get_num_of_items
                0x000020f8       0x28
 i.OS_queue_get_num_of_items
                0x000020f8       0x28 C:\Program Files (x86)\Cypress\PSoC Creator\3.2\PSoC Creator\psoc\content\cycomponentlibrary\CyComponentLibrary.cylib\BLE_v2_0\Library\gccCyBLEStack_BLE_SOC_PERIPHERAL.a(mint_os_queue.o)
                0x000020f8                OS_queue_get_num_of_items

i.OS_queue_mgmt_init
                0x00002120       0x40
 i.OS_queue_mgmt_init
                0x00002120       0x40 C:\Program Files (x86)\Cypress\PSoC Creator\3.2\PSoC Creator\psoc\content\cycomponentlibrary\CyComponentLibrary.cylib\BLE_v2_0\Library\gccCyBLEStack_BLE_SOC_PERIPHERAL.a(mint_os_queue.o)
                0x00002120                OS_queue_mgmt_init

i.OS_remove_item
                0x00002160       0xa0
 i.OS_remove_item
                0x00002160       0xa0 C:\Program Files (x86)\Cypress\PSoC Creator\3.2\PSoC Creator\psoc\content\cycomponentlibrary\CyComponentLibrary.cylib\BLE_v2_0\Library\gccCyBLEStack_BLE_SOC_PERIPHERAL.a(mint_os_queue.o)
                0x00002160                OS_remove_item

i.OS_create_task
                0x00002200       0x88
 i.OS_create_task
                0x00002200       0x88 C:\Program Files (x86)\Cypress\PSoC Creator\3.2\PSoC Creator\psoc\content\cycomponentlibrary\CyComponentLibrary.cylib\BLE_v2_0\Library\gccCyBLEStack_BLE_SOC_PERIPHERAL.a(mint_os_task.o)
                0x00002200                OS_create_task

i.OS_isr_send_signal_to_task
                0x00002288        0xc
 i.OS_isr_send_signal_to_task
                0x00002288        0xc C:\Program Files (x86)\Cypress\PSoC Creator\3.2\PSoC Creator\psoc\content\cycomponentlibrary\CyComponentLibrary.cylib\BLE_v2_0\Library\gccCyBLEStack_BLE_SOC_PERIPHERAL.a(mint_os_task.o)
                0x00002288                OS_isr_send_signal_to_task

i.OS_scheduler  0x00002294       0x64
 i.OS_scheduler
                0x00002294       0x64 C:\Program Files (x86)\Cypress\PSoC Creator\3.2\PSoC Creator\psoc\content\cycomponentlibrary\CyComponentLibrary.cylib\BLE_v2_0\Library\gccCyBLEStack_BLE_SOC_PERIPHERAL.a(mint_os_task.o)
                0x00002294                OS_scheduler

i.OS_send_signal_to_task
                0x000022f8        0xc
 i.OS_send_signal_to_task
                0x000022f8        0xc C:\Program Files (x86)\Cypress\PSoC Creator\3.2\PSoC Creator\psoc\content\cycomponentlibrary\CyComponentLibrary.cylib\BLE_v2_0\Library\gccCyBLEStack_BLE_SOC_PERIPHERAL.a(mint_os_task.o)
                0x000022f8                OS_send_signal_to_task

i.OS_send_signal_to_task_context
                0x00002304       0x3c
 i.OS_send_signal_to_task_context
                0x00002304       0x3c C:\Program Files (x86)\Cypress\PSoC Creator\3.2\PSoC Creator\psoc\content\cycomponentlibrary\CyComponentLibrary.cylib\BLE_v2_0\Library\gccCyBLEStack_BLE_SOC_PERIPHERAL.a(mint_os_task.o)

i.OS_task_mgmt_init
                0x00002340       0x50
 i.OS_task_mgmt_init
                0x00002340       0x50 C:\Program Files (x86)\Cypress\PSoC Creator\3.2\PSoC Creator\psoc\content\cycomponentlibrary\CyComponentLibrary.cylib\BLE_v2_0\Library\gccCyBLEStack_BLE_SOC_PERIPHERAL.a(mint_os_task.o)
                0x00002340                OS_task_mgmt_init

i.mint_buf_mgmt_allocate_buffer
                0x00002390       0x4c
 i.mint_buf_mgmt_allocate_buffer
                0x00002390       0x4c C:\Program Files (x86)\Cypress\PSoC Creator\3.2\PSoC Creator\psoc\content\cycomponentlibrary\CyComponentLibrary.cylib\BLE_v2_0\Library\gccCyBLEStack_BLE_SOC_PERIPHERAL.a(mint_buf_mgmt.o)
                0x00002390                mint_buf_mgmt_allocate_buffer

i.mint_buf_mgmt_create_pool
                0x000023dc       0xd0
 i.mint_buf_mgmt_create_pool
                0x000023dc       0xd0 C:\Program Files (x86)\Cypress\PSoC Creator\3.2\PSoC Creator\psoc\content\cycomponentlibrary\CyComponentLibrary.cylib\BLE_v2_0\Library\gccCyBLEStack_BLE_SOC_PERIPHERAL.a(mint_buf_mgmt.o)
                0x000023dc                mint_buf_mgmt_create_pool

i.mint_buf_mgmt_free_buffer
                0x000024ac       0xa4
 i.mint_buf_mgmt_free_buffer
                0x000024ac       0xa4 C:\Program Files (x86)\Cypress\PSoC Creator\3.2\PSoC Creator\psoc\content\cycomponentlibrary\CyComponentLibrary.cylib\BLE_v2_0\Library\gccCyBLEStack_BLE_SOC_PERIPHERAL.a(mint_buf_mgmt.o)
                0x000024ac                mint_buf_mgmt_free_buffer

i.mint_buf_mgmt_init
                0x00002550       0x44
 i.mint_buf_mgmt_init
                0x00002550       0x44 C:\Program Files (x86)\Cypress\PSoC Creator\3.2\PSoC Creator\psoc\content\cycomponentlibrary\CyComponentLibrary.cylib\BLE_v2_0\Library\gccCyBLEStack_BLE_SOC_PERIPHERAL.a(mint_buf_mgmt.o)
                0x00002550                mint_buf_mgmt_init

i.mint_buf_mgmt_malloc
                0x00002594       0x2c
 i.mint_buf_mgmt_malloc
                0x00002594       0x2c C:\Program Files (x86)\Cypress\PSoC Creator\3.2\PSoC Creator\psoc\content\cycomponentlibrary\CyComponentLibrary.cylib\BLE_v2_0\Library\gccCyBLEStack_BLE_SOC_PERIPHERAL.a(mint_buf_mgmt.o)
                0x00002594                mint_buf_mgmt_malloc

i.mint_buf_mgmt_pl_init
                0x000025c0       0x40
 i.mint_buf_mgmt_pl_init
                0x000025c0       0x40 C:\Program Files (x86)\Cypress\PSoC Creator\3.2\PSoC Creator\psoc\content\cycomponentlibrary\CyComponentLibrary.cylib\BLE_v2_0\Library\gccCyBLEStack_BLE_SOC_PERIPHERAL.a(mint_buf_mgmt.o)
                0x000025c0                mint_buf_mgmt_pl_init

i.mint_buf_mgmt_reset_pool
                0x00002600       0x70
 i.mint_buf_mgmt_reset_pool
                0x00002600       0x70 C:\Program Files (x86)\Cypress\PSoC Creator\3.2\PSoC Creator\psoc\content\cycomponentlibrary\CyComponentLibrary.cylib\BLE_v2_0\Library\gccCyBLEStack_BLE_SOC_PERIPHERAL.a(mint_buf_mgmt.o)
                0x00002600                mint_buf_mgmt_reset_pool

i.mint_buf_mgmt_stack_init
                0x00002670       0x24
 i.mint_buf_mgmt_stack_init
                0x00002670       0x24 C:\Program Files (x86)\Cypress\PSoC Creator\3.2\PSoC Creator\psoc\content\cycomponentlibrary\CyComponentLibrary.cylib\BLE_v2_0\Library\gccCyBLEStack_BLE_SOC_PERIPHERAL.a(mint_buf_mgmt.o)
                0x00002670                mint_buf_mgmt_stack_init

i.mint_buf_mgmt_stack_pop
                0x00002694       0x36
 i.mint_buf_mgmt_stack_pop
                0x00002694       0x36 C:\Program Files (x86)\Cypress\PSoC Creator\3.2\PSoC Creator\psoc\content\cycomponentlibrary\CyComponentLibrary.cylib\BLE_v2_0\Library\gccCyBLEStack_BLE_SOC_PERIPHERAL.a(mint_buf_mgmt.o)
                0x00002694                mint_buf_mgmt_stack_pop

i.mint_buf_mgmt_stack_push
                0x000026ca       0x36
 i.mint_buf_mgmt_stack_push
                0x000026ca       0x36 C:\Program Files (x86)\Cypress\PSoC Creator\3.2\PSoC Creator\psoc\content\cycomponentlibrary\CyComponentLibrary.cylib\BLE_v2_0\Library\gccCyBLEStack_BLE_SOC_PERIPHERAL.a(mint_buf_mgmt.o)
                0x000026ca                mint_buf_mgmt_stack_push

i.mint_buf_mgmt_stack_reset
                0x00002700       0x1e
 i.mint_buf_mgmt_stack_reset
                0x00002700       0x1e C:\Program Files (x86)\Cypress\PSoC Creator\3.2\PSoC Creator\psoc\content\cycomponentlibrary\CyComponentLibrary.cylib\BLE_v2_0\Library\gccCyBLEStack_BLE_SOC_PERIPHERAL.a(mint_buf_mgmt.o)
                0x00002700                mint_buf_mgmt_stack_reset

i.mint_buf_mgmt_stack_search_item
                0x0000271e       0x30
 i.mint_buf_mgmt_stack_search_item
                0x0000271e       0x30 C:\Program Files (x86)\Cypress\PSoC Creator\3.2\PSoC Creator\psoc\content\cycomponentlibrary\CyComponentLibrary.cylib\BLE_v2_0\Library\gccCyBLEStack_BLE_SOC_PERIPHERAL.a(mint_buf_mgmt.o)
                0x0000271e                mint_buf_mgmt_stack_search_item

i.CyBleControllerIP_GetPingState
                0x00002750        0xc
 i.CyBleControllerIP_GetPingState
                0x00002750        0xc C:\Program Files (x86)\Cypress\PSoC Creator\3.2\PSoC Creator\psoc\content\cycomponentlibrary\CyComponentLibrary.cylib\BLE_v2_0\Library\gccCyBLEStack_BLE_SOC_PERIPHERAL.a(CyBleControllerIP_Interface.o)
                0x00002750                CyBleControllerIP_GetPingState

i.CyBleController_AddDeviceToWhiteList
                0x0000275c       0x40
 i.CyBleController_AddDeviceToWhiteList
                0x0000275c       0x40 C:\Program Files (x86)\Cypress\PSoC Creator\3.2\PSoC Creator\psoc\content\cycomponentlibrary\CyComponentLibrary.cylib\BLE_v2_0\Library\gccCyBLEStack_BLE_SOC_PERIPHERAL.a(CyBleControllerIP_Interface.o)
                0x0000275c                CyBleController_AddDeviceToWhiteList

i.CyBleController_ExitLowPowerMode
                0x0000279c       0x10
 i.CyBleController_ExitLowPowerMode
                0x0000279c       0x10 C:\Program Files (x86)\Cypress\PSoC Creator\3.2\PSoC Creator\psoc\content\cycomponentlibrary\CyComponentLibrary.cylib\BLE_v2_0\Library\gccCyBLEStack_BLE_SOC_PERIPHERAL.a(CyBleControllerIP_Interface.o)
                0x0000279c                CyBleController_ExitLowPowerMode

i.CyBleController_Init
                0x000027ac       0x32
 i.CyBleController_Init
                0x000027ac       0x32 C:\Program Files (x86)\Cypress\PSoC Creator\3.2\PSoC Creator\psoc\content\cycomponentlibrary\CyComponentLibrary.cylib\BLE_v2_0\Library\gccCyBLEStack_BLE_SOC_PERIPHERAL.a(CyBleControllerIP_Interface.o)
                0x000027ac                CyBleController_Init

i.CyBleController_SetDeviceAddress
                0x000027de       0x2e
 i.CyBleController_SetDeviceAddress
                0x000027de       0x2e C:\Program Files (x86)\Cypress\PSoC Creator\3.2\PSoC Creator\psoc\content\cycomponentlibrary\CyComponentLibrary.cylib\BLE_v2_0\Library\gccCyBLEStack_BLE_SOC_PERIPHERAL.a(CyBleControllerIP_Interface.o)
                0x000027de                CyBleController_SetDeviceAddress

i.CyBle_GetTxPowerLevel
                0x0000280c       0x4e
 i.CyBle_GetTxPowerLevel
                0x0000280c       0x4e C:\Program Files (x86)\Cypress\PSoC Creator\3.2\PSoC Creator\psoc\content\cycomponentlibrary\CyComponentLibrary.cylib\BLE_v2_0\Library\gccCyBLEStack_BLE_SOC_PERIPHERAL.a(CyBleControllerIP_Interface.o)
                0x0000280c                CyBle_GetTxPowerLevel

i.CyBle_SetTxPowerLevel
                0x0000285a       0x56
 i.CyBle_SetTxPowerLevel
                0x0000285a       0x56 C:\Program Files (x86)\Cypress\PSoC Creator\3.2\PSoC Creator\psoc\content\cycomponentlibrary\CyComponentLibrary.cylib\BLE_v2_0\Library\gccCyBLEStack_BLE_SOC_PERIPHERAL.a(CyBleControllerIP_Interface.o)
                0x0000285a                CyBle_SetTxPowerLevel

i.ll_check_and_mark_packet_ready_for_transmission
                0x000028b0       0x28
 i.ll_check_and_mark_packet_ready_for_transmission
                0x000028b0       0x28 C:\Program Files (x86)\Cypress\PSoC Creator\3.2\PSoC Creator\psoc\content\cycomponentlibrary\CyComponentLibrary.cylib\BLE_v2_0\Library\gccCyBLEStack_BLE_SOC_PERIPHERAL.a(ll.o)
                0x000028b0                ll_check_and_mark_packet_ready_for_transmission

i.ll_cleanup_pending_data_pdu
                0x000028d8       0x38
 i.ll_cleanup_pending_data_pdu
                0x000028d8       0x38 C:\Program Files (x86)\Cypress\PSoC Creator\3.2\PSoC Creator\psoc\content\cycomponentlibrary\CyComponentLibrary.cylib\BLE_v2_0\Library\gccCyBLEStack_BLE_SOC_PERIPHERAL.a(ll.o)
                0x000028d8                ll_cleanup_pending_data_pdu

i.ll_exit_low_power_mode
                0x00002910       0xac
 i.ll_exit_low_power_mode
                0x00002910       0xac C:\Program Files (x86)\Cypress\PSoC Creator\3.2\PSoC Creator\psoc\content\cycomponentlibrary\CyComponentLibrary.cylib\BLE_v2_0\Library\gccCyBLEStack_BLE_SOC_PERIPHERAL.a(ll.o)
                0x00002910                ll_exit_low_power_mode

i.ll_get_ack_status
                0x000029bc       0x3c
 i.ll_get_ack_status
                0x000029bc       0x3c C:\Program Files (x86)\Cypress\PSoC Creator\3.2\PSoC Creator\psoc\content\cycomponentlibrary\CyComponentLibrary.cylib\BLE_v2_0\Library\gccCyBLEStack_BLE_SOC_PERIPHERAL.a(ll.o)
                0x000029bc                ll_get_ack_status

i.ll_get_adv_ch_tx_power
                0x000029f8       0x20
 i.ll_get_adv_ch_tx_power
                0x000029f8       0x20 C:\Program Files (x86)\Cypress\PSoC Creator\3.2\PSoC Creator\psoc\content\cycomponentlibrary\CyComponentLibrary.cylib\BLE_v2_0\Library\gccCyBLEStack_BLE_SOC_PERIPHERAL.a(ll.o)
                0x000029f8                ll_get_adv_ch_tx_power

i.ll_get_data_channel_map
                0x00002a18       0x24
 i.ll_get_data_channel_map
                0x00002a18       0x24 C:\Program Files (x86)\Cypress\PSoC Creator\3.2\PSoC Creator\psoc\content\cycomponentlibrary\CyComponentLibrary.cylib\BLE_v2_0\Library\gccCyBLEStack_BLE_SOC_PERIPHERAL.a(ll.o)
                0x00002a18                ll_get_data_channel_map

i.ll_get_max_white_list_size
                0x00002a3c        0xc
 i.ll_get_max_white_list_size
                0x00002a3c        0xc C:\Program Files (x86)\Cypress\PSoC Creator\3.2\PSoC Creator\psoc\content\cycomponentlibrary\CyComponentLibrary.cylib\BLE_v2_0\Library\gccCyBLEStack_BLE_SOC_PERIPHERAL.a(ll.o)
                0x00002a3c                ll_get_max_white_list_size

i.ll_get_my_role
                0x00002a48        0xc
 i.ll_get_my_role
                0x00002a48        0xc C:\Program Files (x86)\Cypress\PSoC Creator\3.2\PSoC Creator\psoc\content\cycomponentlibrary\CyComponentLibrary.cylib\BLE_v2_0\Library\gccCyBLEStack_BLE_SOC_PERIPHERAL.a(ll.o)
                0x00002a48                ll_get_my_role

i.ll_get_next_available_fifo_for_data_pdu
                0x00002a54        0x8
 i.ll_get_next_available_fifo_for_data_pdu
                0x00002a54        0x8 C:\Program Files (x86)\Cypress\PSoC Creator\3.2\PSoC Creator\psoc\content\cycomponentlibrary\CyComponentLibrary.cylib\BLE_v2_0\Library\gccCyBLEStack_BLE_SOC_PERIPHERAL.a(ll.o)
                0x00002a54                ll_get_next_available_fifo_for_data_pdu

i.ll_get_next_available_fifo_for_ll_pdu
                0x00002a5c       0x24
 i.ll_get_next_available_fifo_for_ll_pdu
                0x00002a5c       0x24 C:\Program Files (x86)\Cypress\PSoC Creator\3.2\PSoC Creator\psoc\content\cycomponentlibrary\CyComponentLibrary.cylib\BLE_v2_0\Library\gccCyBLEStack_BLE_SOC_PERIPHERAL.a(ll.o)
                0x00002a5c                ll_get_next_available_fifo_for_ll_pdu

i.ll_get_rssi_value
                0x00002a80       0x26
 i.ll_get_rssi_value
                0x00002a80       0x26 C:\Program Files (x86)\Cypress\PSoC Creator\3.2\PSoC Creator\psoc\content\cycomponentlibrary\CyComponentLibrary.cylib\BLE_v2_0\Library\gccCyBLEStack_BLE_SOC_PERIPHERAL.a(ll.o)
                0x00002a80                ll_get_rssi_value

i.ll_get_transmit_power_level
                0x00002aa8       0x2c
 i.ll_get_transmit_power_level
                0x00002aa8       0x2c C:\Program Files (x86)\Cypress\PSoC Creator\3.2\PSoC Creator\psoc\content\cycomponentlibrary\CyComponentLibrary.cylib\BLE_v2_0\Library\gccCyBLEStack_BLE_SOC_PERIPHERAL.a(ll.o)
                0x00002aa8                ll_get_transmit_power_level

i.ll_handle_ack_received
                0x00002ad4       0x74
 i.ll_handle_ack_received
                0x00002ad4       0x74 C:\Program Files (x86)\Cypress\PSoC Creator\3.2\PSoC Creator\psoc\content\cycomponentlibrary\CyComponentLibrary.cylib\BLE_v2_0\Library\gccCyBLEStack_BLE_SOC_PERIPHERAL.a(ll.o)
                0x00002ad4                ll_handle_ack_received

i.ll_handle_add_device_in_whitelist
                0x00002b48       0x3a
 i.ll_handle_add_device_in_whitelist
                0x00002b48       0x3a C:\Program Files (x86)\Cypress\PSoC Creator\3.2\PSoC Creator\psoc\content\cycomponentlibrary\CyComponentLibrary.cylib\BLE_v2_0\Library\gccCyBLEStack_BLE_SOC_PERIPHERAL.a(ll.o)
                0x00002b48                ll_handle_add_device_in_whitelist

i.ll_handle_clear_whitelist
                0x00002b82       0x16
 i.ll_handle_clear_whitelist
                0x00002b82       0x16 C:\Program Files (x86)\Cypress\PSoC Creator\3.2\PSoC Creator\psoc\content\cycomponentlibrary\CyComponentLibrary.cylib\BLE_v2_0\Library\gccCyBLEStack_BLE_SOC_PERIPHERAL.a(ll.o)
                0x00002b82                ll_handle_clear_whitelist

i.ll_handle_encrypt_host_data
                0x00002b98       0x36
 i.ll_handle_encrypt_host_data
                0x00002b98       0x36 C:\Program Files (x86)\Cypress\PSoC Creator\3.2\PSoC Creator\psoc\content\cycomponentlibrary\CyComponentLibrary.cylib\BLE_v2_0\Library\gccCyBLEStack_BLE_SOC_PERIPHERAL.a(ll.o)
                0x00002b98                ll_handle_encrypt_host_data

i.ll_handle_host_data_packet
                0x00002bce       0x54
 i.ll_handle_host_data_packet
                0x00002bce       0x54 C:\Program Files (x86)\Cypress\PSoC Creator\3.2\PSoC Creator\psoc\content\cycomponentlibrary\CyComponentLibrary.cylib\BLE_v2_0\Library\gccCyBLEStack_BLE_SOC_PERIPHERAL.a(ll.o)
                0x00002bce                ll_handle_host_data_packet

i.ll_handle_read_host_channel_map
                0x00002c22        0x4
 i.ll_handle_read_host_channel_map
                0x00002c22        0x4 C:\Program Files (x86)\Cypress\PSoC Creator\3.2\PSoC Creator\psoc\content\cycomponentlibrary\CyComponentLibrary.cylib\BLE_v2_0\Library\gccCyBLEStack_BLE_SOC_PERIPHERAL.a(ll.o)
                0x00002c22                ll_handle_read_host_channel_map

i.ll_handle_remove_device_in_whitelist
                0x00002c26       0x2a
 i.ll_handle_remove_device_in_whitelist
                0x00002c26       0x2a C:\Program Files (x86)\Cypress\PSoC Creator\3.2\PSoC Creator\psoc\content\cycomponentlibrary\CyComponentLibrary.cylib\BLE_v2_0\Library\gccCyBLEStack_BLE_SOC_PERIPHERAL.a(ll.o)
                0x00002c26                ll_handle_remove_device_in_whitelist

i.ll_handle_reset
                0x00002c50        0xe
 i.ll_handle_reset
                0x00002c50        0xe C:\Program Files (x86)\Cypress\PSoC Creator\3.2\PSoC Creator\psoc\content\cycomponentlibrary\CyComponentLibrary.cylib\BLE_v2_0\Library\gccCyBLEStack_BLE_SOC_PERIPHERAL.a(ll.o)
                0x00002c50                ll_handle_reset

i.ll_handle_set_random_address
                0x00002c5e       0x36
 i.ll_handle_set_random_address
                0x00002c5e       0x36 C:\Program Files (x86)\Cypress\PSoC Creator\3.2\PSoC Creator\psoc\content\cycomponentlibrary\CyComponentLibrary.cylib\BLE_v2_0\Library\gccCyBLEStack_BLE_SOC_PERIPHERAL.a(ll.o)
                0x00002c5e                ll_handle_set_random_address

i.ll_init       0x00002c94       0x18
 i.ll_init      0x00002c94       0x18 C:\Program Files (x86)\Cypress\PSoC Creator\3.2\PSoC Creator\psoc\content\cycomponentlibrary\CyComponentLibrary.cylib\BLE_v2_0\Library\gccCyBLEStack_BLE_SOC_PERIPHERAL.a(ll.o)
                0x00002c94                ll_init

i.ll_initialize_device_attributes
                0x00002cac       0x4c
 i.ll_initialize_device_attributes
                0x00002cac       0x4c C:\Program Files (x86)\Cypress\PSoC Creator\3.2\PSoC Creator\psoc\content\cycomponentlibrary\CyComponentLibrary.cylib\BLE_v2_0\Library\gccCyBLEStack_BLE_SOC_PERIPHERAL.a(ll.o)
                0x00002cac                ll_initialize_device_attributes

i.ll_is_pkt_pending
                0x00002cf8       0x2a
 i.ll_is_pkt_pending
                0x00002cf8       0x2a C:\Program Files (x86)\Cypress\PSoC Creator\3.2\PSoC Creator\psoc\content\cycomponentlibrary\CyComponentLibrary.cylib\BLE_v2_0\Library\gccCyBLEStack_BLE_SOC_PERIPHERAL.a(ll.o)
                0x00002cf8                ll_is_pkt_pending

i.ll_is_sent_pkt_pending
                0x00002d22       0x1a
 i.ll_is_sent_pkt_pending
                0x00002d22       0x1a C:\Program Files (x86)\Cypress\PSoC Creator\3.2\PSoC Creator\psoc\content\cycomponentlibrary\CyComponentLibrary.cylib\BLE_v2_0\Library\gccCyBLEStack_BLE_SOC_PERIPHERAL.a(ll.o)
                0x00002d22                ll_is_sent_pkt_pending

i.ll_isr_exit_low_power_mode
                0x00002d3c       0x16
 i.ll_isr_exit_low_power_mode
                0x00002d3c       0x16 C:\Program Files (x86)\Cypress\PSoC Creator\3.2\PSoC Creator\psoc\content\cycomponentlibrary\CyComponentLibrary.cylib\BLE_v2_0\Library\gccCyBLEStack_BLE_SOC_PERIPHERAL.a(ll.o)
                0x00002d3c                ll_isr_exit_low_power_mode

i.ll_load_host_data_packet
                0x00002d52       0x4a
 i.ll_load_host_data_packet
                0x00002d52       0x4a C:\Program Files (x86)\Cypress\PSoC Creator\3.2\PSoC Creator\psoc\content\cycomponentlibrary\CyComponentLibrary.cylib\BLE_v2_0\Library\gccCyBLEStack_BLE_SOC_PERIPHERAL.a(ll.o)
                0x00002d52                ll_load_host_data_packet

i.ll_load_packet_to_fifo
                0x00002d9c       0x6e
 i.ll_load_packet_to_fifo
                0x00002d9c       0x6e C:\Program Files (x86)\Cypress\PSoC Creator\3.2\PSoC Creator\psoc\content\cycomponentlibrary\CyComponentLibrary.cylib\BLE_v2_0\Library\gccCyBLEStack_BLE_SOC_PERIPHERAL.a(ll.o)
                0x00002d9c                ll_load_packet_to_fifo

i.ll_process_acks
                0x00002e0a       0x3c
 i.ll_process_acks
                0x00002e0a       0x3c C:\Program Files (x86)\Cypress\PSoC Creator\3.2\PSoC Creator\psoc\content\cycomponentlibrary\CyComponentLibrary.cylib\BLE_v2_0\Library\gccCyBLEStack_BLE_SOC_PERIPHERAL.a(ll.o)
                0x00002e0a                ll_process_acks

i.ll_reset      0x00002e46       0x12
 i.ll_reset     0x00002e46       0x12 C:\Program Files (x86)\Cypress\PSoC Creator\3.2\PSoC Creator\psoc\content\cycomponentlibrary\CyComponentLibrary.cylib\BLE_v2_0\Library\gccCyBLEStack_BLE_SOC_PERIPHERAL.a(ll.o)
                0x00002e46                ll_reset

i.ll_update_active_features
                0x00002e58       0x58
 i.ll_update_active_features
                0x00002e58       0x58 C:\Program Files (x86)\Cypress\PSoC Creator\3.2\PSoC Creator\psoc\content\cycomponentlibrary\CyComponentLibrary.cylib\BLE_v2_0\Library\gccCyBLEStack_BLE_SOC_PERIPHERAL.a(ll.o)
                0x00002e58                ll_update_active_features

i.ll_update_device_fsm
                0x00002eb0        0x8
 i.ll_update_device_fsm
                0x00002eb0        0x8 C:\Program Files (x86)\Cypress\PSoC Creator\3.2\PSoC Creator\psoc\content\cycomponentlibrary\CyComponentLibrary.cylib\BLE_v2_0\Library\gccCyBLEStack_BLE_SOC_PERIPHERAL.a(ll.o)
                0x00002eb0                ll_update_device_fsm

i.pf_le_start_timer
                0x00002eb8       0x16
 i.pf_le_start_timer
                0x00002eb8       0x16 C:\Program Files (x86)\Cypress\PSoC Creator\3.2\PSoC Creator\psoc\content\cycomponentlibrary\CyComponentLibrary.cylib\BLE_v2_0\Library\gccCyBLEStack_BLE_SOC_PERIPHERAL.a(ll.o)
                0x00002eb8                pf_le_start_timer

i.pf_le_stop_timer
                0x00002ece       0x12
 i.pf_le_stop_timer
                0x00002ece       0x12 C:\Program Files (x86)\Cypress\PSoC Creator\3.2\PSoC Creator\psoc\content\cycomponentlibrary\CyComponentLibrary.cylib\BLE_v2_0\Library\gccCyBLEStack_BLE_SOC_PERIPHERAL.a(ll.o)
                0x00002ece                pf_le_stop_timer

i.CyBleControllerIP_TuneAdvEventInterPktSlots
                0x00002ee0       0x44
 i.CyBleControllerIP_TuneAdvEventInterPktSlots
                0x00002ee0       0x44 C:\Program Files (x86)\Cypress\PSoC Creator\3.2\PSoC Creator\psoc\content\cycomponentlibrary\CyComponentLibrary.cylib\BLE_v2_0\Library\gccCyBLEStack_BLE_SOC_PERIPHERAL.a(ll_advertiser.o)
                0x00002ee0                CyBleControllerIP_TuneAdvEventInterPktSlots

i.ll_adv_is_configured_connection_adv
                0x00002f24       0x1e
 i.ll_adv_is_configured_connection_adv
                0x00002f24       0x1e C:\Program Files (x86)\Cypress\PSoC Creator\3.2\PSoC Creator\psoc\content\cycomponentlibrary\CyComponentLibrary.cylib\BLE_v2_0\Library\gccCyBLEStack_BLE_SOC_PERIPHERAL.a(ll_advertiser.o)
                0x00002f24                ll_adv_is_configured_connection_adv

i.ll_check_random_address_in_use_by_advertiser
                0x00002f42       0x10
 i.ll_check_random_address_in_use_by_advertiser
                0x00002f42       0x10 C:\Program Files (x86)\Cypress\PSoC Creator\3.2\PSoC Creator\psoc\content\cycomponentlibrary\CyComponentLibrary.cylib\BLE_v2_0\Library\gccCyBLEStack_BLE_SOC_PERIPHERAL.a(ll_advertiser.o)
                0x00002f42                ll_check_random_address_in_use_by_advertiser

i.ll_check_whitelist_in_use_by_advertiser
                0x00002f52       0x10
 i.ll_check_whitelist_in_use_by_advertiser
                0x00002f52       0x10 C:\Program Files (x86)\Cypress\PSoC Creator\3.2\PSoC Creator\psoc\content\cycomponentlibrary\CyComponentLibrary.cylib\BLE_v2_0\Library\gccCyBLEStack_BLE_SOC_PERIPHERAL.a(ll_advertiser.o)
                0x00002f52                ll_check_whitelist_in_use_by_advertiser

i.ll_get_adv_status
                0x00002f62        0xc
 i.ll_get_adv_status
                0x00002f62        0xc C:\Program Files (x86)\Cypress\PSoC Creator\3.2\PSoC Creator\psoc\content\cycomponentlibrary\CyComponentLibrary.cylib\BLE_v2_0\Library\gccCyBLEStack_BLE_SOC_PERIPHERAL.a(ll_advertiser.o)
                0x00002f62                ll_get_adv_status

i.ll_get_adv_type
                0x00002f6e       0x16
 i.ll_get_adv_type
                0x00002f6e       0x16 C:\Program Files (x86)\Cypress\PSoC Creator\3.2\PSoC Creator\psoc\content\cycomponentlibrary\CyComponentLibrary.cylib\BLE_v2_0\Library\gccCyBLEStack_BLE_SOC_PERIPHERAL.a(ll_advertiser.o)
                0x00002f6e                ll_get_adv_type

i.ll_handle_adv_intr
                0x00002f84       0x50
 i.ll_handle_adv_intr
                0x00002f84       0x50 C:\Program Files (x86)\Cypress\PSoC Creator\3.2\PSoC Creator\psoc\content\cycomponentlibrary\CyComponentLibrary.cylib\BLE_v2_0\Library\gccCyBLEStack_BLE_SOC_PERIPHERAL.a(ll_advertiser.o)
                0x00002f84                ll_handle_adv_intr

i.ll_handle_set_adv_data
                0x00002fd4       0x14
 i.ll_handle_set_adv_data
                0x00002fd4       0x14 C:\Program Files (x86)\Cypress\PSoC Creator\3.2\PSoC Creator\psoc\content\cycomponentlibrary\CyComponentLibrary.cylib\BLE_v2_0\Library\gccCyBLEStack_BLE_SOC_PERIPHERAL.a(ll_advertiser.o)
                0x00002fd4                ll_handle_set_adv_data

i.ll_handle_set_adv_parameters
                0x00002fe8       0x84
 i.ll_handle_set_adv_parameters
                0x00002fe8       0x84 C:\Program Files (x86)\Cypress\PSoC Creator\3.2\PSoC Creator\psoc\content\cycomponentlibrary\CyComponentLibrary.cylib\BLE_v2_0\Library\gccCyBLEStack_BLE_SOC_PERIPHERAL.a(ll_advertiser.o)
                0x00002fe8                ll_handle_set_adv_parameters

i.ll_handle_set_advertise_enable
                0x0000306c       0x70
 i.ll_handle_set_advertise_enable
                0x0000306c       0x70 C:\Program Files (x86)\Cypress\PSoC Creator\3.2\PSoC Creator\psoc\content\cycomponentlibrary\CyComponentLibrary.cylib\BLE_v2_0\Library\gccCyBLEStack_BLE_SOC_PERIPHERAL.a(ll_advertiser.o)
                0x0000306c                ll_handle_set_advertise_enable

i.ll_handle_set_scan_resp_data
                0x000030dc       0x14
 i.ll_handle_set_scan_resp_data
                0x000030dc       0x14 C:\Program Files (x86)\Cypress\PSoC Creator\3.2\PSoC Creator\psoc\content\cycomponentlibrary\CyComponentLibrary.cylib\BLE_v2_0\Library\gccCyBLEStack_BLE_SOC_PERIPHERAL.a(ll_advertiser.o)
                0x000030dc                ll_handle_set_scan_resp_data

i.ll_init_advertiser
                0x000030f0       0x68
 i.ll_init_advertiser
                0x000030f0       0x68 C:\Program Files (x86)\Cypress\PSoC Creator\3.2\PSoC Creator\psoc\content\cycomponentlibrary\CyComponentLibrary.cylib\BLE_v2_0\Library\gccCyBLEStack_BLE_SOC_PERIPHERAL.a(ll_advertiser.o)
                0x000030f0                ll_init_advertiser

i.is_le_connection_handle
                0x00003158       0x28
 i.is_le_connection_handle
                0x00003158       0x28 C:\Program Files (x86)\Cypress\PSoC Creator\3.2\PSoC Creator\psoc\content\cycomponentlibrary\CyComponentLibrary.cylib\BLE_v2_0\Library\gccCyBLEStack_BLE_SOC_PERIPHERAL.a(ll_connection.o)
                0x00003158                is_le_connection_handle

i.le_assign_connection_handle
                0x00003180       0x28
 i.le_assign_connection_handle
                0x00003180       0x28 C:\Program Files (x86)\Cypress\PSoC Creator\3.2\PSoC Creator\psoc\content\cycomponentlibrary\CyComponentLibrary.cylib\BLE_v2_0\Library\gccCyBLEStack_BLE_SOC_PERIPHERAL.a(ll_connection.o)
                0x00003180                le_assign_connection_handle

i.le_get_connection_index
                0x000031a8        0x6
 i.le_get_connection_index
                0x000031a8        0x6 C:\Program Files (x86)\Cypress\PSoC Creator\3.2\PSoC Creator\psoc\content\cycomponentlibrary\CyComponentLibrary.cylib\BLE_v2_0\Library\gccCyBLEStack_BLE_SOC_PERIPHERAL.a(ll_connection.o)
                0x000031a8                le_get_connection_index

i.ll_allocate_connection
                0x000031b0       0x44
 i.ll_allocate_connection
                0x000031b0       0x44 C:\Program Files (x86)\Cypress\PSoC Creator\3.2\PSoC Creator\psoc\content\cycomponentlibrary\CyComponentLibrary.cylib\BLE_v2_0\Library\gccCyBLEStack_BLE_SOC_PERIPHERAL.a(ll_connection.o)
                0x000031b0                ll_allocate_connection

i.ll_calculate_and_program_def_win_widen_drift
                0x000031f4       0x14
 i.ll_calculate_and_program_def_win_widen_drift
                0x000031f4       0x14 C:\Program Files (x86)\Cypress\PSoC Creator\3.2\PSoC Creator\psoc\content\cycomponentlibrary\CyComponentLibrary.cylib\BLE_v2_0\Library\gccCyBLEStack_BLE_SOC_PERIPHERAL.a(ll_connection.o)
                0x000031f4                ll_calculate_and_program_def_win_widen_drift

i.ll_calculate_drift
                0x00003208       0x2c
 i.ll_calculate_drift
                0x00003208       0x2c C:\Program Files (x86)\Cypress\PSoC Creator\3.2\PSoC Creator\psoc\content\cycomponentlibrary\CyComponentLibrary.cylib\BLE_v2_0\Library\gccCyBLEStack_BLE_SOC_PERIPHERAL.a(ll_connection.o)
                0x00003208                ll_calculate_drift

i.ll_check_and_decrypt_ll_pdu
                0x00003234       0x68
 i.ll_check_and_decrypt_ll_pdu
                0x00003234       0x68 C:\Program Files (x86)\Cypress\PSoC Creator\3.2\PSoC Creator\psoc\content\cycomponentlibrary\CyComponentLibrary.cylib\BLE_v2_0\Library\gccCyBLEStack_BLE_SOC_PERIPHERAL.a(ll_connection.o)
                0x00003234                ll_check_and_decrypt_ll_pdu

i.ll_check_and_decrypt_packet
                0x0000329c       0x6a
 i.ll_check_and_decrypt_packet
                0x0000329c       0x6a C:\Program Files (x86)\Cypress\PSoC Creator\3.2\PSoC Creator\psoc\content\cycomponentlibrary\CyComponentLibrary.cylib\BLE_v2_0\Library\gccCyBLEStack_BLE_SOC_PERIPHERAL.a(ll_connection.o)
                0x0000329c                ll_check_and_decrypt_packet

i.ll_check_and_encrypt_ll_pdu
                0x00003306       0x72
 i.ll_check_and_encrypt_ll_pdu
                0x00003306       0x72 C:\Program Files (x86)\Cypress\PSoC Creator\3.2\PSoC Creator\psoc\content\cycomponentlibrary\CyComponentLibrary.cylib\BLE_v2_0\Library\gccCyBLEStack_BLE_SOC_PERIPHERAL.a(ll_connection.o)
                0x00003306                ll_check_and_encrypt_ll_pdu

i.ll_check_and_encrypt_packet
                0x00003378       0x8a
 i.ll_check_and_encrypt_packet
                0x00003378       0x8a C:\Program Files (x86)\Cypress\PSoC Creator\3.2\PSoC Creator\psoc\content\cycomponentlibrary\CyComponentLibrary.cylib\BLE_v2_0\Library\gccCyBLEStack_BLE_SOC_PERIPHERAL.a(ll_connection.o)
                0x00003378                ll_check_and_encrypt_packet

i.ll_check_for_allowing_incoming_connection_update
                0x00003402       0x42
 i.ll_check_for_allowing_incoming_connection_update
                0x00003402       0x42 C:\Program Files (x86)\Cypress\PSoC Creator\3.2\PSoC Creator\psoc\content\cycomponentlibrary\CyComponentLibrary.cylib\BLE_v2_0\Library\gccCyBLEStack_BLE_SOC_PERIPHERAL.a(ll_connection.o)
                0x00003402                ll_check_for_allowing_incoming_connection_update

i.ll_check_if_pdu_is_loaded_to_hardware
                0x00003444       0x1c
 i.ll_check_if_pdu_is_loaded_to_hardware
                0x00003444       0x1c C:\Program Files (x86)\Cypress\PSoC Creator\3.2\PSoC Creator\psoc\content\cycomponentlibrary\CyComponentLibrary.cylib\BLE_v2_0\Library\gccCyBLEStack_BLE_SOC_PERIPHERAL.a(ll_connection.o)
                0x00003444                ll_check_if_pdu_is_loaded_to_hardware

i.ll_check_random_address_in_use_by_initiator
                0x00003460       0x30
 i.ll_check_random_address_in_use_by_initiator
                0x00003460       0x30 C:\Program Files (x86)\Cypress\PSoC Creator\3.2\PSoC Creator\psoc\content\cycomponentlibrary\CyComponentLibrary.cylib\BLE_v2_0\Library\gccCyBLEStack_BLE_SOC_PERIPHERAL.a(ll_connection.o)
                0x00003460                ll_check_random_address_in_use_by_initiator

i.ll_check_white_list_in_use_by_initiator
                0x00003490       0x30
 i.ll_check_white_list_in_use_by_initiator
                0x00003490       0x30 C:\Program Files (x86)\Cypress\PSoC Creator\3.2\PSoC Creator\psoc\content\cycomponentlibrary\CyComponentLibrary.cylib\BLE_v2_0\Library\gccCyBLEStack_BLE_SOC_PERIPHERAL.a(ll_connection.o)
                0x00003490                ll_check_white_list_in_use_by_initiator

i.ll_conn_free_enc_txn_buffer
                0x000034c0       0x16
 i.ll_conn_free_enc_txn_buffer
                0x000034c0       0x16 C:\Program Files (x86)\Cypress\PSoC Creator\3.2\PSoC Creator\psoc\content\cycomponentlibrary\CyComponentLibrary.cylib\BLE_v2_0\Library\gccCyBLEStack_BLE_SOC_PERIPHERAL.a(ll_connection.o)
                0x000034c0                ll_conn_free_enc_txn_buffer

i.ll_conn_fsm_update_channel_state
                0x000034d6        0x6
 i.ll_conn_fsm_update_channel_state
                0x000034d6        0x6 C:\Program Files (x86)\Cypress\PSoC Creator\3.2\PSoC Creator\psoc\content\cycomponentlibrary\CyComponentLibrary.cylib\BLE_v2_0\Library\gccCyBLEStack_BLE_SOC_PERIPHERAL.a(ll_connection.o)
                0x000034d6                ll_conn_fsm_update_channel_state

i.ll_conn_fsm_update_conn_update_state
                0x000034dc        0x6
 i.ll_conn_fsm_update_conn_update_state
                0x000034dc        0x6 C:\Program Files (x86)\Cypress\PSoC Creator\3.2\PSoC Creator\psoc\content\cycomponentlibrary\CyComponentLibrary.cylib\BLE_v2_0\Library\gccCyBLEStack_BLE_SOC_PERIPHERAL.a(ll_connection.o)
                0x000034dc                ll_conn_fsm_update_conn_update_state

i.ll_conn_fsm_update_enc_state
                0x000034e2        0x6
 i.ll_conn_fsm_update_enc_state
                0x000034e2        0x6 C:\Program Files (x86)\Cypress\PSoC Creator\3.2\PSoC Creator\psoc\content\cycomponentlibrary\CyComponentLibrary.cylib\BLE_v2_0\Library\gccCyBLEStack_BLE_SOC_PERIPHERAL.a(ll_connection.o)
                0x000034e2                ll_conn_fsm_update_enc_state

i.ll_conn_fsm_update_state
                0x000034e8        0x4
 i.ll_conn_fsm_update_state
                0x000034e8        0x4 C:\Program Files (x86)\Cypress\PSoC Creator\3.2\PSoC Creator\psoc\content\cycomponentlibrary\CyComponentLibrary.cylib\BLE_v2_0\Library\gccCyBLEStack_BLE_SOC_PERIPHERAL.a(ll_connection.o)
                0x000034e8                ll_conn_fsm_update_state

i.ll_conn_handle_data_pdu_from_host_when_data_paused
                0x000034ec        0x8
 i.ll_conn_handle_data_pdu_from_host_when_data_paused
                0x000034ec        0x8 C:\Program Files (x86)\Cypress\PSoC Creator\3.2\PSoC Creator\psoc\content\cycomponentlibrary\CyComponentLibrary.cylib\BLE_v2_0\Library\gccCyBLEStack_BLE_SOC_PERIPHERAL.a(ll_connection.o)
                0x000034ec                ll_conn_handle_data_pdu_from_host_when_data_paused

i.ll_conn_handle_direct_adv_timeout
                0x000034f4       0x2a
 i.ll_conn_handle_direct_adv_timeout
                0x000034f4       0x2a C:\Program Files (x86)\Cypress\PSoC Creator\3.2\PSoC Creator\psoc\content\cycomponentlibrary\CyComponentLibrary.cylib\BLE_v2_0\Library\gccCyBLEStack_BLE_SOC_PERIPHERAL.a(ll_connection.o)
                0x000034f4                ll_conn_handle_direct_adv_timeout

i.ll_conn_handle_ping_timer_expired_interrupt
                0x00003520       0x1c
 i.ll_conn_handle_ping_timer_expired_interrupt
                0x00003520       0x1c C:\Program Files (x86)\Cypress\PSoC Creator\3.2\PSoC Creator\psoc\content\cycomponentlibrary\CyComponentLibrary.cylib\BLE_v2_0\Library\gccCyBLEStack_BLE_SOC_PERIPHERAL.a(ll_connection.o)
                0x00003520                ll_conn_handle_ping_timer_expired_interrupt

i.ll_conn_handle_ping_timer_nearly_expired_interrupt
                0x0000353c       0x20
 i.ll_conn_handle_ping_timer_nearly_expired_interrupt
                0x0000353c       0x20 C:\Program Files (x86)\Cypress\PSoC Creator\3.2\PSoC Creator\psoc\content\cycomponentlibrary\CyComponentLibrary.cylib\BLE_v2_0\Library\gccCyBLEStack_BLE_SOC_PERIPHERAL.a(ll_connection.o)
                0x0000353c                ll_conn_handle_ping_timer_nearly_expired_interrupt

i.ll_conn_handle_stop_connectable_adv
                0x0000355c       0x12
 i.ll_conn_handle_stop_connectable_adv
                0x0000355c       0x12 C:\Program Files (x86)\Cypress\PSoC Creator\3.2\PSoC Creator\psoc\content\cycomponentlibrary\CyComponentLibrary.cylib\BLE_v2_0\Library\gccCyBLEStack_BLE_SOC_PERIPHERAL.a(ll_connection.o)
                0x0000355c                ll_conn_handle_stop_connectable_adv

i.ll_conn_process_pending_transactions
                0x0000356e        0x4
 i.ll_conn_process_pending_transactions
                0x0000356e        0x4 C:\Program Files (x86)\Cypress\PSoC Creator\3.2\PSoC Creator\psoc\content\cycomponentlibrary\CyComponentLibrary.cylib\BLE_v2_0\Library\gccCyBLEStack_BLE_SOC_PERIPHERAL.a(ll_connection.o)
                0x0000356e                ll_conn_process_pending_transactions

i.ll_conn_program_authenticated_payload_timer
                0x00003574       0x50
 i.ll_conn_program_authenticated_payload_timer
                0x00003574       0x50 C:\Program Files (x86)\Cypress\PSoC Creator\3.2\PSoC Creator\psoc\content\cycomponentlibrary\CyComponentLibrary.cylib\BLE_v2_0\Library\gccCyBLEStack_BLE_SOC_PERIPHERAL.a(ll_connection.o)
                0x00003574                ll_conn_program_authenticated_payload_timer

i.ll_conn_read_data_pdu_from_hardware
                0x000035c4       0x14
 i.ll_conn_read_data_pdu_from_hardware
                0x000035c4       0x14 C:\Program Files (x86)\Cypress\PSoC Creator\3.2\PSoC Creator\psoc\content\cycomponentlibrary\CyComponentLibrary.cylib\BLE_v2_0\Library\gccCyBLEStack_BLE_SOC_PERIPHERAL.a(ll_connection.o)
                0x000035c4                ll_conn_read_data_pdu_from_hardware

i.ll_conn_send_ping_req_pdu
                0x000035d8       0x40
 i.ll_conn_send_ping_req_pdu
                0x000035d8       0x40 C:\Program Files (x86)\Cypress\PSoC Creator\3.2\PSoC Creator\psoc\content\cycomponentlibrary\CyComponentLibrary.cylib\BLE_v2_0\Library\gccCyBLEStack_BLE_SOC_PERIPHERAL.a(ll_connection.o)
                0x000035d8                ll_conn_send_ping_req_pdu

i.ll_conn_store_pending_tx_pdu
                0x00003618       0x1a
 i.ll_conn_store_pending_tx_pdu
                0x00003618       0x1a C:\Program Files (x86)\Cypress\PSoC Creator\3.2\PSoC Creator\psoc\content\cycomponentlibrary\CyComponentLibrary.cylib\BLE_v2_0\Library\gccCyBLEStack_BLE_SOC_PERIPHERAL.a(ll_connection.o)
                0x00003618                ll_conn_store_pending_tx_pdu

i.ll_conn_update_rssi
                0x00003632       0x16
 i.ll_conn_update_rssi
                0x00003632       0x16 C:\Program Files (x86)\Cypress\PSoC Creator\3.2\PSoC Creator\psoc\content\cycomponentlibrary\CyComponentLibrary.cylib\BLE_v2_0\Library\gccCyBLEStack_BLE_SOC_PERIPHERAL.a(ll_connection.o)
                0x00003632                ll_conn_update_rssi

i.ll_convert_hci_llid_to_ll_llid_host_to_controller
                0x00003648        0x8
 i.ll_convert_hci_llid_to_ll_llid_host_to_controller
                0x00003648        0x8 C:\Program Files (x86)\Cypress\PSoC Creator\3.2\PSoC Creator\psoc\content\cycomponentlibrary\CyComponentLibrary.cylib\BLE_v2_0\Library\gccCyBLEStack_BLE_SOC_PERIPHERAL.a(ll_connection.o)
                0x00003648                ll_convert_hci_llid_to_ll_llid_host_to_controller

i.ll_convert_ll_llid_to_hci_llid_controller_to_host
                0x00003650        0x2
 i.ll_convert_ll_llid_to_hci_llid_controller_to_host
                0x00003650        0x2 C:\Program Files (x86)\Cypress\PSoC Creator\3.2\PSoC Creator\psoc\content\cycomponentlibrary\CyComponentLibrary.cylib\BLE_v2_0\Library\gccCyBLEStack_BLE_SOC_PERIPHERAL.a(ll_connection.o)
                0x00003650                ll_convert_ll_llid_to_hci_llid_controller_to_host

i.ll_decode_and_program_connect_req
                0x00003654       0xec
 i.ll_decode_and_program_connect_req
                0x00003654       0xec C:\Program Files (x86)\Cypress\PSoC Creator\3.2\PSoC Creator\psoc\content\cycomponentlibrary\CyComponentLibrary.cylib\BLE_v2_0\Library\gccCyBLEStack_BLE_SOC_PERIPHERAL.a(ll_connection.o)
                0x00003654                ll_decode_and_program_connect_req

i.ll_enc_fsm_derive_session_key
                0x00003740       0x46
 i.ll_enc_fsm_derive_session_key
                0x00003740       0x46 C:\Program Files (x86)\Cypress\PSoC Creator\3.2\PSoC Creator\psoc\content\cycomponentlibrary\CyComponentLibrary.cylib\BLE_v2_0\Library\gccCyBLEStack_BLE_SOC_PERIPHERAL.a(ll_connection.o)
                0x00003740                ll_enc_fsm_derive_session_key

i.ll_enc_handle_enc_complete
                0x00003786       0x68
 i.ll_enc_handle_enc_complete
                0x00003786       0x68 C:\Program Files (x86)\Cypress\PSoC Creator\3.2\PSoC Creator\psoc\content\cycomponentlibrary\CyComponentLibrary.cylib\BLE_v2_0\Library\gccCyBLEStack_BLE_SOC_PERIPHERAL.a(ll_connection.o)
                0x00003786                ll_enc_handle_enc_complete

i.ll_enc_handle_enc_failure
                0x000037f0       0xa4
 i.ll_enc_handle_enc_failure
                0x000037f0       0xa4 C:\Program Files (x86)\Cypress\PSoC Creator\3.2\PSoC Creator\psoc\content\cycomponentlibrary\CyComponentLibrary.cylib\BLE_v2_0\Library\gccCyBLEStack_BLE_SOC_PERIPHERAL.a(ll_connection.o)
                0x000037f0                ll_enc_handle_enc_failure

i.ll_enc_handle_ll_reject_pdu_cb
                0x00003894       0x24
 i.ll_enc_handle_ll_reject_pdu_cb
                0x00003894       0x24 C:\Program Files (x86)\Cypress\PSoC Creator\3.2\PSoC Creator\psoc\content\cycomponentlibrary\CyComponentLibrary.cylib\BLE_v2_0\Library\gccCyBLEStack_BLE_SOC_PERIPHERAL.a(ll_connection.o)
                0x00003894                ll_enc_handle_ll_reject_pdu_cb

i.ll_enc_handle_ll_terminate_pdu
                0x000038b8       0x16
 i.ll_enc_handle_ll_terminate_pdu
                0x000038b8       0x16 C:\Program Files (x86)\Cypress\PSoC Creator\3.2\PSoC Creator\psoc\content\cycomponentlibrary\CyComponentLibrary.cylib\BLE_v2_0\Library\gccCyBLEStack_BLE_SOC_PERIPHERAL.a(ll_connection.o)
                0x000038b8                ll_enc_handle_ll_terminate_pdu

i.ll_enc_handle_ll_unknown_resp_pdu_cb
                0x000038ce       0x24
 i.ll_enc_handle_ll_unknown_resp_pdu_cb
                0x000038ce       0x24 C:\Program Files (x86)\Cypress\PSoC Creator\3.2\PSoC Creator\psoc\content\cycomponentlibrary\CyComponentLibrary.cylib\BLE_v2_0\Library\gccCyBLEStack_BLE_SOC_PERIPHERAL.a(ll_connection.o)
                0x000038ce                ll_enc_handle_ll_unknown_resp_pdu_cb

i.ll_enc_handle_slave_await_to_start_cb
                0x000038f4       0x80
 i.ll_enc_handle_slave_await_to_start_cb
                0x000038f4       0x80 C:\Program Files (x86)\Cypress\PSoC Creator\3.2\PSoC Creator\psoc\content\cycomponentlibrary\CyComponentLibrary.cylib\BLE_v2_0\Library\gccCyBLEStack_BLE_SOC_PERIPHERAL.a(ll_connection.o)
                0x000038f4                ll_enc_handle_slave_await_to_start_cb

i.ll_enc_handle_slave_enc_resp_ack_cb
                0x00003974       0x28
 i.ll_enc_handle_slave_enc_resp_ack_cb
                0x00003974       0x28 C:\Program Files (x86)\Cypress\PSoC Creator\3.2\PSoC Creator\psoc\content\cycomponentlibrary\CyComponentLibrary.cylib\BLE_v2_0\Library\gccCyBLEStack_BLE_SOC_PERIPHERAL.a(ll_connection.o)
                0x00003974                ll_enc_handle_slave_enc_resp_ack_cb

i.ll_enc_handle_slave_ltk_neg_reply_cb
                0x0000399c       0x60
 i.ll_enc_handle_slave_ltk_neg_reply_cb
                0x0000399c       0x60 C:\Program Files (x86)\Cypress\PSoC Creator\3.2\PSoC Creator\psoc\content\cycomponentlibrary\CyComponentLibrary.cylib\BLE_v2_0\Library\gccCyBLEStack_BLE_SOC_PERIPHERAL.a(ll_connection.o)
                0x0000399c                ll_enc_handle_slave_ltk_neg_reply_cb

i.ll_enc_handle_slave_pause_enc_req_cb
                0x000039fc       0x46
 i.ll_enc_handle_slave_pause_enc_req_cb
                0x000039fc       0x46 C:\Program Files (x86)\Cypress\PSoC Creator\3.2\PSoC Creator\psoc\content\cycomponentlibrary\CyComponentLibrary.cylib\BLE_v2_0\Library\gccCyBLEStack_BLE_SOC_PERIPHERAL.a(ll_connection.o)
                0x000039fc                ll_enc_handle_slave_pause_enc_req_cb

i.ll_enc_handle_slave_pause_enc_resp_cb
                0x00003a42       0x10
 i.ll_enc_handle_slave_pause_enc_resp_cb
                0x00003a42       0x10 C:\Program Files (x86)\Cypress\PSoC Creator\3.2\PSoC Creator\psoc\content\cycomponentlibrary\CyComponentLibrary.cylib\BLE_v2_0\Library\gccCyBLEStack_BLE_SOC_PERIPHERAL.a(ll_connection.o)
                0x00003a42                ll_enc_handle_slave_pause_enc_resp_cb

i.ll_enc_handle_slave_reject_ind_ack_cb
                0x00003a52       0x22