Archive member included because of file (symbol)

.\CortexM0\ARM_GCC_484\Debug\FindME.a(cyfitter_cfg.o)
                              .\CortexM0\ARM_GCC_484\Debug\Cm0Start.o (cyfitter_cfg)
.\CortexM0\ARM_GCC_484\Debug\FindME.a(BLE.o)
                              .\CortexM0\ARM_GCC_484\Debug\main.o (CyBle_Start)
.\CortexM0\ARM_GCC_484\Debug\FindME.a(BLE_gatt.o)
                              .\CortexM0\ARM_GCC_484\Debug\FindME.a(BLE.o) (cyBle_state)
.\CortexM0\ARM_GCC_484\Debug\FindME.a(BLE_ias.o)
                              .\CortexM0\ARM_GCC_484\Debug\FindME.a(BLE.o) (CyBle_IasInit)
.\CortexM0\ARM_GCC_484\Debug\FindME.a(BLE_eventHandler.o)
                              .\CortexM0\ARM_GCC_484\Debug\FindME.a(BLE.o) (cyBle_connHandle)
.\CortexM0\ARM_GCC_484\Debug\FindME.a(PWM_1.o)
                              .\CortexM0\ARM_GCC_484\Debug\main.o (PWM_1_WriteCompare)
.\CortexM0\ARM_GCC_484\Debug\FindME.a(CyBootAsmGnu.o)
                              .\CortexM0\ARM_GCC_484\Debug\FindME.a(cyfitter_cfg.o) (CyDelayCycles)
.\CortexM0\ARM_GCC_484\Debug\FindME.a(CyLib.o)
                              .\CortexM0\ARM_GCC_484\Debug\FindME.a(cyfitter_cfg.o) (CySysClkWriteImoFreq)
.\CortexM0\ARM_GCC_484\Debug\FindME.a(CyLFClk.o)
                              .\CortexM0\ARM_GCC_484\Debug\FindME.a(cyfitter_cfg.o) (CySysClkWcoStart)
.\CortexM0\ARM_GCC_484\Debug\FindME.a(PWM_2.o)
                              .\CortexM0\ARM_GCC_484\Debug\main.o (PWM_2_WriteCompare)
.\CortexM0\ARM_GCC_484\Debug\FindME.a(PWM_3.o)
                              .\CortexM0\ARM_GCC_484\Debug\main.o (PWM_3_WriteCompare)
C:\Program Files (x86)\Cypress\PSoC Creator\3.2\PSoC Creator\psoc\content\cycomponentlibrary\CyComponentLibrary.cylib\BLE_v2_0\Library\gccCyBLEStack_BLE_SOC_PERIPHERAL.a(CyBle.o)
                              .\CortexM0\ARM_GCC_484\Debug\main.o (CyBle_ProcessEvents)
C:\Program Files (x86)\Cypress\PSoC Creator\3.2\PSoC Creator\psoc\content\cycomponentlibrary\CyComponentLibrary.cylib\BLE_v2_0\Library\gccCyBLEStack_BLE_SOC_PERIPHERAL.a(CyBleStackMgrIP_Interface.o)
                              C:\Program Files (x86)\Cypress\PSoC Creator\3.2\PSoC Creator\psoc\content\cycomponentlibrary\CyComponentLibrary.cylib\BLE_v2_0\Library\gccCyBLEStack_BLE_SOC_PERIPHERAL.a(CyBle.o) (CyBleStackMgr_Init)
C:\Program Files (x86)\Cypress\PSoC Creator\3.2\PSoC Creator\psoc\content\cycomponentlibrary\CyComponentLibrary.cylib\BLE_v2_0\Library\gccCyBLEStack_BLE_SOC_PERIPHERAL.a(BT_os.o)
                              C:\Program Files (x86)\Cypress\PSoC Creator\3.2\PSoC Creator\psoc\content\cycomponentlibrary\CyComponentLibrary.cylib\BLE_v2_0\Library\gccCyBLEStack_BLE_SOC_PERIPHERAL.a(CyBleStackMgrIP_Interface.o) (cyBleStackMemoryConfig)
C:\Program Files (x86)\Cypress\PSoC Creator\3.2\PSoC Creator\psoc\content\cycomponentlibrary\CyComponentLibrary.cylib\BLE_v2_0\Library\gccCyBLEStack_BLE_SOC_PERIPHERAL.a(CyBleStackMgr_StackTaskHandler.o)
                              C:\Program Files (x86)\Cypress\PSoC Creator\3.2\PSoC Creator\psoc\content\cycomponentlibrary\CyComponentLibrary.cylib\BLE_v2_0\Library\gccCyBLEStack_BLE_SOC_PERIPHERAL.a(CyBleStackMgrIP_Interface.o) (CyBle_CreateBleStackTask)
C:\Program Files (x86)\Cypress\PSoC Creator\3.2\PSoC Creator\psoc\content\cycomponentlibrary\CyComponentLibrary.cylib\BLE_v2_0\Library\gccCyBLEStack_BLE_SOC_PERIPHERAL.a(transport_sf.o)
                              C:\Program Files (x86)\Cypress\PSoC Creator\3.2\PSoC Creator\psoc\content\cycomponentlibrary\CyComponentLibrary.cylib\BLE_v2_0\Library\gccCyBLEStack_BLE_SOC_PERIPHERAL.a(CyBleStackMgr_StackTaskHandler.o) (hci_soft_transport_notify_data_received)
C:\Program Files (x86)\Cypress\PSoC Creator\3.2\PSoC Creator\psoc\content\cycomponentlibrary\CyComponentLibrary.cylib\BLE_v2_0\Library\gccCyBLEStack_BLE_SOC_PERIPHERAL.a(CyBleStackMgr_PSoCHal.o)
                              C:\Program Files (x86)\Cypress\PSoC Creator\3.2\PSoC Creator\psoc\content\cycomponentlibrary\CyComponentLibrary.cylib\BLE_v2_0\Library\gccCyBLEStack_BLE_SOC_PERIPHERAL.a(CyBleStackMgrIP_Interface.o) (CyBleStackMgr_HalInit)
C:\Program Files (x86)\Cypress\PSoC Creator\3.2\PSoC Creator\psoc\content\cycomponentlibrary\CyComponentLibrary.cylib\BLE_v2_0\Library\gccCyBLEStack_BLE_SOC_PERIPHERAL.a(CyBleStackMgr_BleSSDriver.o)
                              C:\Program Files (x86)\Cypress\PSoC Creator\3.2\PSoC Creator\psoc\content\cycomponentlibrary\CyComponentLibrary.cylib\BLE_v2_0\Library\gccCyBLEStack_BLE_SOC_PERIPHERAL.a(CyBleStackMgrIP_Interface.o) (CyBleStackMgr_BleSSInit)
C:\Program Files (x86)\Cypress\PSoC Creator\3.2\PSoC Creator\psoc\content\cycomponentlibrary\CyComponentLibrary.cylib\BLE_v2_0\Library\gccCyBLEStack_BLE_SOC_PERIPHERAL.a(config_bin.o)
[...]
Memory Configuration

Name             Origin             Length             Attributes
rom              0x00000000         0x00020000         xr
ram              0x20000000         0x00004000         xrw
*default*        0x00000000         0xffffffff

Linker script and memory map

LOAD c:/program files (x86)/cypress/psoc creator/3.2/psoc creator/import/gnu/arm/4.8.4/bin/../lib/gcc/arm-none-eabi/4.8.4/armv6-m/crti.o
LOAD c:/program files (x86)/cypress/psoc creator/3.2/psoc creator/import/gnu/arm/4.8.4/bin/../lib/gcc/arm-none-eabi/4.8.4/armv6-m/crtbegin.o
LOAD c:/program files (x86)/cypress/psoc creator/3.2/psoc creator/import/gnu/arm/4.8.4/bin/../lib/gcc/arm-none-eabi/4.8.4/../../../../arm-none-eabi/lib/armv6-m/crt0.o
START GROUP
LOAD .\CortexM0\ARM_GCC_484\Debug\main.o
LOAD .\CortexM0\ARM_GCC_484\Debug\cymetadata.o
LOAD .\CortexM0\ARM_GCC_484\Debug\Cm0Start.o
LOAD .\CortexM0\ARM_GCC_484\Debug\FindME.a
LOAD C:\Program Files (x86)\Cypress\PSoC Creator\3.2\PSoC Creator\psoc\content\cycomponentlibrary\CyComponentLibrary.cylib\BLE_v2_0\Library\gccCyBLEStack_BLE_SOC_PERIPHERAL.a
LOAD C:\Program Files (x86)\Cypress\PSoC Creator\3.2\PSoC Creator\psoc\content\cycomponentlibrary\CyComponentLibrary.cylib\CortexM0\ARM_GCC_484\Debug\CyComponentLibrary.a
END GROUP
START GROUP
LOAD c:/program files (x86)/cypress/psoc creator/3.2/psoc creator/import/gnu/arm/4.8.4/bin/../lib/gcc/arm-none-eabi/4.8.4/armv6-m\libgcc.a
LOAD c:/program files (x86)/cypress/psoc creator/3.2/psoc creator/import/gnu/arm/4.8.4/bin/../lib/gcc/arm-none-eabi/4.8.4/../../../../arm-none-eabi/lib/armv6-m\libg_s.a
LOAD c:/program files (x86)/cypress/psoc creator/3.2/psoc creator/import/gnu/arm/4.8.4/bin/../lib/gcc/arm-none-eabi/4.8.4/../../../../arm-none-eabi/lib/armv6-m\libc_s.a
END GROUP
START GROUP
LOAD c:/program files (x86)/cypress/psoc creator/3.2/psoc creator/import/gnu/arm/4.8.4/bin/../lib/gcc/arm-none-eabi/4.8.4/armv6-m\libgcc.a
LOAD c:/program files (x86)/cypress/psoc creator/3.2/psoc creator/import/gnu/arm/4.8.4/bin/../lib/gcc/arm-none-eabi/4.8.4/../../../../arm-none-eabi/lib/armv6-m\libc_s.a
END GROUP
LOAD c:/program files (x86)/cypress/psoc creator/3.2/psoc creator/import/gnu/arm/4.8.4/bin/../lib/gcc/arm-none-eabi/4.8.4/armv6-m/crtend.o
LOAD c:/program files (x86)/cypress/psoc creator/3.2/psoc creator/import/gnu/arm/4.8.4/bin/../lib/gcc/arm-none-eabi/4.8.4/armv6-m/crtn.o
START GROUP
LOAD c:/program files (x86)/cypress/psoc creator/3.2/psoc creator/import/gnu/arm/4.8.4/bin/../lib/gcc/arm-none-eabi/4.8.4/armv6-m\libgcc.a
LOAD c:/program files (x86)/cypress/psoc creator/3.2/psoc creator/import/gnu/arm/4.8.4/bin/../lib/gcc/arm-none-eabi/4.8.4/../../../../arm-none-eabi/lib/armv6-m\libc.a
LOAD c:/program files (x86)/cypress/psoc creator/3.2/psoc creator/import/gnu/arm/4.8.4/bin/../lib/gcc/arm-none-eabi/4.8.4/../../../../arm-none-eabi/lib/armv6-m\libnosys.a
END GROUP
                0x00000000                CY_APPL_ORIGIN = 0x0
                0x00000080                CY_FLASH_ROW_SIZE = 0x80
                0x00000001                CY_APPL_NUM = 0x1
                0x00000040                CY_METADATA_SIZE = 0x40
                0x20001d18                PROVIDE (__cy_heap_start, _end)
                0x00000001                PROVIDE (__cy_region_num, ((__cy_regions_end - __cy_regions) / 0x10))
                0x20004000                PROVIDE (__cy_stack, (ORIGIN (ram) + 0x4000))
                0x20003800                PROVIDE (__cy_heap_end, (__cy_stack - 0x800))

.cybootloader   0x00000000        0x0
 *(.cybootloader)
                0x00000000                appl1_start = CY_APPL_ORIGIN?CY_APPL_ORIGIN:ALIGN (CY_FLASH_ROW_SIZE)
                0x0000ff80                appl2_start = (appl1_start + ALIGN ((((0x20000 - appl1_start) - (0x2 * CY_FLASH_ROW_SIZE)) / 0x2), CY_FLASH_ROW_SIZE))
                0x00000000                appl_start = (CY_APPL_NUM == 0x1)?appl1_start:appl2_start

.text           0x00000000     0x131c
 CREATE_OBJECT_SYMBOLS
                0x00000000                PROVIDE (__cy_interrupt_vector, RomVectors)
 *(.romvectors)
 .romvectors    0x00000000       0x10 .\CortexM0\ARM_GCC_484\Debug\Cm0Start.o
                0x00000000                RomVectors
                0x00000001                ASSERT ((. != __cy_interrupt_vector), No interrupt vector)
                0x00000001                ASSERT (CY_APPL_ORIGIN?(SIZEOF (.cybootloader) <= CY_APPL_ORIGIN):0x1, Wrong image location)
                0x00000010                PROVIDE (__cy_reset, Reset)
 *(.text.Reset)
 .text.Reset    0x00000010        0x8 .\CortexM0\ARM_GCC_484\Debug\Cm0Start.o
                0x00000010                Reset
                0x00000001                ASSERT ((. != __cy_reset), No reset code)
 *(.psocinit)
 .psocinit      0x00000018      0x204 .\CortexM0\ARM_GCC_484\Debug\FindME.a(cyfitter_cfg.o)
                0x0000011c                cyfitter_cfg
                0x0000021c                . = MAX (., 0x100)
 *(.text .text.* .gnu.linkonce.t.*)
 .text          0x0000021c       0x60 c:/program files (x86)/cypress/psoc creator/3.2/psoc creator/import/gnu/arm/4.8.4/bin/../lib/gcc/arm-none-eabi/4.8.4/armv6-m/crtbegin.o
 .text.StackEventHandler
                0x0000027c       0x14 .\CortexM0\ARM_GCC_484\Debug\main.o
                0x0000027c                StackEventHandler
 .text.main     0x00000290       0x2c .\CortexM0\ARM_GCC_484\Debug\main.o
                0x00000290                main
 .text.HandleAlertLEDs
                0x000002bc       0x50 .\CortexM0\ARM_GCC_484\Debug\main.o
                0x000002bc                HandleAlertLEDs
 .text.IasEventHandler
                0x0000030c       0x24 .\CortexM0\ARM_GCC_484\Debug\main.o
                0x0000030c                IasEventHandler
 .text.IntDefaultHandler
                0x00000330        0x4 .\CortexM0\ARM_GCC_484\Debug\Cm0Start.o
                0x00000330                IntDefaultHandler
 .text.Start_c  0x00000334       0x48 .\CortexM0\ARM_GCC_484\Debug\Cm0Start.o
                0x00000334                Start_c
 .text.initialize_psoc
                0x0000037c       0x58 .\CortexM0\ARM_GCC_484\Debug\Cm0Start.o
                0x0000037c                initialize_psoc
 .text.cfg_write_bytes32
                0x000003d4       0x38 .\CortexM0\ARM_GCC_484\Debug\FindME.a(cyfitter_cfg.o)
 .text.AnalogSetDefault
                0x0000040c       0x20 .\CortexM0\ARM_GCC_484\Debug\FindME.a(cyfitter_cfg.o)
 .text.CYMEMZERO
                0x0000042c        0xc .\CortexM0\ARM_GCC_484\Debug\FindME.a(cyfitter_cfg.o)
 .text.CyBle_ServiceInit
                0x00000438        0x8 .\CortexM0\ARM_GCC_484\Debug\FindME.a(BLE.o)
                0x00000438                CyBle_ServiceInit
 .text.CyBle_Init
                0x00000440       0x2c .\CortexM0\ARM_GCC_484\Debug\FindME.a(BLE.o)
                0x00000440                CyBle_Init
 .text.CyBle_Start
                0x0000046c       0x74 .\CortexM0\ARM_GCC_484\Debug\FindME.a(BLE.o)
                0x0000046c                CyBle_Start
 .text.CyBle_GappStartAdvertisement
                0x000004e0       0x8c .\CortexM0\ARM_GCC_484\Debug\FindME.a(BLE.o)
                0x000004e0                CyBle_GappStartAdvertisement
 .text.CyBle_ChangeAdDeviceAddress
                0x0000056c        0x4 .\CortexM0\ARM_GCC_484\Debug\FindME.a(BLE.o)
                0x0000056c                CyBle_ChangeAdDeviceAddress
 .text.CyBle_Get16ByPtr
                0x00000570        0xc .\CortexM0\ARM_GCC_484\Debug\FindME.a(BLE.o)
                0x00000570                CyBle_Get16ByPtr
 .text.CyBle_GattsWriteEventHandler
                0x0000057c       0x58 .\CortexM0\ARM_GCC_484\Debug\FindME.a(BLE_gatt.o)
                0x0000057c                CyBle_GattsWriteEventHandler
 .text.CyBle_IasInit
                0x000005d4        0x4 .\CortexM0\ARM_GCC_484\Debug\FindME.a(BLE_ias.o)
                0x000005d4                CyBle_IasInit
 .text.CyBle_IasRegisterAttrCallback
                0x000005d8        0xc .\CortexM0\ARM_GCC_484\Debug\FindME.a(BLE_ias.o)
                0x000005d8                CyBle_IasRegisterAttrCallback
 .text.CyBle_IassDisconnectEventHandler
                0x000005e4       0x28 .\CortexM0\ARM_GCC_484\Debug\FindME.a(BLE_ias.o)
                0x000005e4                CyBle_IassDisconnectEventHandler
 .text.CyBle_IassWriteCmdEventHandler
                0x0000060c       0x64 .\CortexM0\ARM_GCC_484\Debug\FindME.a(BLE_ias.o)
                0x0000060c                CyBle_IassWriteCmdEventHandler
 .text.CyBle_IassGetCharacteristicValue
                0x00000670       0x3c .\CortexM0\ARM_GCC_484\Debug\FindME.a(BLE_ias.o)
                0x00000670                CyBle_IassGetCharacteristicValue
 .text.CyBle_IsDeviceAddressValid
                0x000006ac       0x24 .\CortexM0\ARM_GCC_484\Debug\FindME.a(BLE_eventHandler.o)
 .text.CyBle_GattDisconnectEventHandler
                0x000006d0       0x14 .\CortexM0\ARM_GCC_484\Debug\FindME.a(BLE_eventHandler.o)
 .text.CyBle_WriteReqHandler
                0x000006e4       0x38 .\CortexM0\ARM_GCC_484\Debug\FindME.a(BLE_eventHandler.o)
 .text.CyBle_EventHandler
                0x0000071c      0x22c .\CortexM0\ARM_GCC_484\Debug\FindME.a(BLE_eventHandler.o)
                0x0000071c                CyBle_EventHandler
 .text.PWM_1_WriteCounter
                0x00000948       0x10 .\CortexM0\ARM_GCC_484\Debug\FindME.a(PWM_1.o)
                0x00000948                PWM_1_WriteCounter
 .text.PWM_1_WritePeriod
                0x00000958       0x10 .\CortexM0\ARM_GCC_484\Debug\FindME.a(PWM_1.o)
                0x00000958                PWM_1_WritePeriod
 .text.PWM_1_WriteCompare
                0x00000968       0x10 .\CortexM0\ARM_GCC_484\Debug\FindME.a(PWM_1.o)
                0x00000968                PWM_1_WriteCompare
 .text.PWM_1_TriggerCommand
                0x00000978       0x1c .\CortexM0\ARM_GCC_484\Debug\FindME.a(PWM_1.o)
                0x00000978                PWM_1_TriggerCommand
 .text.PWM_1_Enable
                0x00000994       0x24 .\CortexM0\ARM_GCC_484\Debug\FindME.a(PWM_1.o)
                0x00000994                PWM_1_Enable
 .text.PWM_1_SetInterruptMode
                0x000009b8        0xc .\CortexM0\ARM_GCC_484\Debug\FindME.a(PWM_1.o)
                0x000009b8                PWM_1_SetInterruptMode
 .text.PWM_1_Init
                0x000009c4       0x48 .\CortexM0\ARM_GCC_484\Debug\FindME.a(PWM_1.o)
                0x000009c4                PWM_1_Init
 .text.PWM_1_Start
                0x00000a0c       0x20 .\CortexM0\ARM_GCC_484\Debug\FindME.a(PWM_1.o)
                0x00000a0c                PWM_1_Start
 *fill*         0x00000a2c        0x4 
 .text          0x00000a30       0x20 .\CortexM0\ARM_GCC_484\Debug\FindME.a(CyBootAsmGnu.o)
                0x00000a30                CyDelayCycles
                0x00000a42                CyEnterCriticalSection
                0x00000a4a                CyExitCriticalSection
 .text.CySysClkWriteImoFreq
                0x00000a50       0x64 .\CortexM0\ARM_GCC_484\Debug\FindME.a(CyLib.o)
                0x00000a50                CySysClkWriteImoFreq
 .text.CySysClkEcoReadStatus
                0x00000ab4       0x10 .\CortexM0\ARM_GCC_484\Debug\FindME.a(CyLib.o)
                0x00000ab4                CySysClkEcoReadStatus
 .text.CyIntEnable
                0x00000ac4       0x14 .\CortexM0\ARM_GCC_484\Debug\FindME.a(CyLib.o)
                0x00000ac4                CyIntEnable
 .text.CyHalt   0x00000ad8        0x4 .\CortexM0\ARM_GCC_484\Debug\FindME.a(CyLib.o)
                0x00000ad8                CyHalt
 .text.CyIntSetVector
                0x00000adc       0x20 .\CortexM0\ARM_GCC_484\Debug\FindME.a(CyLib.o)
                0x00000adc                CyIntSetVector
 .text.CyDelay  0x00000afc       0x30 .\CortexM0\ARM_GCC_484\Debug\FindME.a(CyLib.o)
                0x00000afc                CyDelay
 .text.CyDelayUs
                0x00000b2c       0x14 .\CortexM0\ARM_GCC_484\Debug\FindME.a(CyLib.o)
                0x00000b2c                CyDelayUs
 .text.CySysClkEcoStart
                0x00000b40       0x54 .\CortexM0\ARM_GCC_484\Debug\FindME.a(CyLib.o)
                0x00000b40                CySysClkEcoStart
 .text.CySysWdtLocked
                0x00000b94       0x18 .\CortexM0\ARM_GCC_484\Debug\FindME.a(CyLFClk.o)
 .text.CySysClkWcoStart
                0x00000bac       0x40 .\CortexM0\ARM_GCC_484\Debug\FindME.a(CyLFClk.o)
                0x00000bac                CySysClkWcoStart
 .text.CySysClkWcoSetPowerMode
                0x00000bec       0x84 .\CortexM0\ARM_GCC_484\Debug\FindME.a(CyLFClk.o)
                0x00000bec                CySysClkWcoSetPowerMode
 .text.CySysWdtLock
                0x00000c70       0x1c .\CortexM0\ARM_GCC_484\Debug\FindME.a(CyLFClk.o)
                0x00000c70                CySysWdtLock
 .text.CySysWdtUnlock
                0x00000c8c       0x30 .\CortexM0\ARM_GCC_484\Debug\FindME.a(CyLFClk.o)
                0x00000c8c                CySysWdtUnlock
 .text.CySysWdtClearInterrupt
                0x00000cbc       0x4c .\CortexM0\ARM_GCC_484\Debug\FindME.a(CyLFClk.o)
                0x00000cbc                CySysWdtClearInterrupt
 .text.CySysWdtIsr
                0x00000d08       0xa4 .\CortexM0\ARM_GCC_484\Debug\FindME.a(CyLFClk.o)
                0x00000d08                CySysWdtIsr
 .text.PWM_2_WriteCounter
                0x00000dac       0x10 .\CortexM0\ARM_GCC_484\Debug\FindME.a(PWM_2.o)
                0x00000dac                PWM_2_WriteCounter
 .text.PWM_2_WritePeriod
                0x00000dbc       0x10 .\CortexM0\ARM_GCC_484\Debug\FindME.a(PWM_2.o)
                0x00000dbc                PWM_2_WritePeriod
 .text.PWM_2_WriteCompare
                0x00000dcc       0x10 .\CortexM0\ARM_GCC_484\Debug\FindME.a(PWM_2.o)
                0x00000dcc                PWM_2_WriteCompare
 .text.PWM_2_TriggerCommand
                0x00000ddc       0x1c .\CortexM0\ARM_GCC_484\Debug\FindME.a(PWM_2.o)
                0x00000ddc                PWM_2_TriggerCommand
 .text.PWM_2_Enable
                0x00000df8       0x24 .\CortexM0\ARM_GCC_484\Debug\FindME.a(PWM_2.o)
                0x00000df8                PWM_2_Enable
 .text.PWM_2_SetInterruptMode
                0x00000e1c        0xc .\CortexM0\ARM_GCC_484\Debug\FindME.a(PWM_2.o)
                0x00000e1c                PWM_2_SetInterruptMode
 .text.PWM_2_Init
                0x00000e28       0x48 .\CortexM0\ARM_GCC_484\Debug\FindME.a(PWM_2.o)
                0x00000e28                PWM_2_Init
 .text.PWM_2_Start
                0x00000e70       0x20 .\CortexM0\ARM_GCC_484\Debug\FindME.a(PWM_2.o)
                0x00000e70                PWM_2_Start
 .text.PWM_3_WriteCounter
                0x00000e90       0x10 .\CortexM0\ARM_GCC_484\Debug\FindME.a(PWM_3.o)
                0x00000e90                PWM_3_WriteCounter
 .text.PWM_3_WritePeriod
                0x00000ea0       0x10 .\CortexM0\ARM_GCC_484\Debug\FindME.a(PWM_3.o)
                0x00000ea0                PWM_3_WritePeriod
 .text.PWM_3_WriteCompare
                0x00000eb0       0x10 .\CortexM0\ARM_GCC_484\Debug\FindME.a(PWM_3.o)
                0x00000eb0                PWM_3_WriteCompare
 .text.PWM_3_TriggerCommand
                0x00000ec0       0x1c .\CortexM0\ARM_GCC_484\Debug\FindME.a(PWM_3.o)
                0x00000ec0                PWM_3_TriggerCommand
 .text.PWM_3_Enable
                0x00000edc       0x24 .\CortexM0\ARM_GCC_484\Debug\FindME.a(PWM_3.o)
                0x00000edc                PWM_3_Enable
 .text.PWM_3_SetInterruptMode
                0x00000f00        0xc .\CortexM0\ARM_GCC_484\Debug\FindME.a(PWM_3.o)
                0x00000f00                PWM_3_SetInterruptMode
 .text.PWM_3_Init
                0x00000f0c       0x48 .\CortexM0\ARM_GCC_484\Debug\FindME.a(PWM_3.o)
                0x00000f0c                PWM_3_Init
 .text.PWM_3_Start
                0x00000f54       0x20 .\CortexM0\ARM_GCC_484\Debug\FindME.a(PWM_3.o)
                0x00000f54                PWM_3_Start
 .text.CyBLE_Bless_LlRegWrite
                0x00000f74        0x4 .\CortexM0\ARM_GCC_484\Debug\FindME.a(BLE_HAL_PVT.o)
                0x00000f74                CyBLE_Bless_LlRegWrite
 .text.CyBLE_Bless_RfRegWrite
                0x00000f78        0x4 .\CortexM0\ARM_GCC_484\Debug\FindME.a(BLE_HAL_PVT.o)
                0x00000f78                CyBLE_Bless_RfRegWrite
 .text.CyBLE_BlessDeviceConfig
                0x00000f7c       0xdc .\CortexM0\ARM_GCC_484\Debug\FindME.a(BLE_HAL_PVT.o)
                0x00000f7c                CyBLE_BlessDeviceConfig
 .text.CyBleHal_DelayUs
                0x00001058        0x8 .\CortexM0\ARM_GCC_484\Debug\FindME.a(BLE_HAL_PVT.o)
                0x00001058                CyBleHal_DelayUs
 .text.CyBleHal_DelayMs
                0x00001060        0x8 .\CortexM0\ARM_GCC_484\Debug\FindME.a(BLE_HAL_PVT.o)
                0x00001060                CyBleHal_DelayMs
 .text.CyBleHal_EnableGlobalInterrupts
                0x00001068        0x8 .\CortexM0\ARM_GCC_484\Debug\FindME.a(BLE_HAL_PVT.o)
                0x00001068                CyBleHal_EnableGlobalInterrupts
 .text.CyBleHal_DisableGlobalInterrupts
                0x00001070        0x8 .\CortexM0\ARM_GCC_484\Debug\FindME.a(BLE_HAL_PVT.o)
                0x00001070                CyBleHal_DisableGlobalInterrupts
 .text.CyBle_HalInit
                0x00001078       0x18 .\CortexM0\ARM_GCC_484\Debug\FindME.a(BLE_HAL_PVT.o)
                0x00001078                CyBle_HalInit
 .text.CYBLE_BlessStart
                0x00001090       0x10 .\CortexM0\ARM_GCC_484\Debug\FindME.a(BLE_HAL_PVT.o)
                0x00001090                CYBLE_BlessStart
 .text.BLE_bless_isr_SetVector
                0x000010a0        0xc .\CortexM0\ARM_GCC_484\Debug\FindME.a(BLE_bless_isr.o)
                0x000010a0                BLE_bless_isr_SetVector
 .text.BLE_bless_isr_SetPriority
                0x000010ac       0x24 .\CortexM0\ARM_GCC_484\Debug\FindME.a(BLE_bless_isr.o)
                0x000010ac                BLE_bless_isr_SetPriority
 .text.BLE_bless_isr_Enable
                0x000010d0       0x10 .\CortexM0\ARM_GCC_484\Debug\FindME.a(BLE_bless_isr.o)
                0x000010d0                BLE_bless_isr_Enable
 .text.BLE_bless_isr_Disable
                0x000010e0       0x10 .\CortexM0\ARM_GCC_484\Debug\FindME.a(BLE_bless_isr.o)
                0x000010e0                BLE_bless_isr_Disable
 .text.BLE_bless_isr_StartEx
                0x000010f0       0x1c .\CortexM0\ARM_GCC_484\Debug\FindME.a(BLE_bless_isr.o)
                0x000010f0                BLE_bless_isr_StartEx
 .text.CySysPmSleep
                0x0000110c       0x1c .\CortexM0\ARM_GCC_484\Debug\FindME.a(cyPm.o)
                0x0000110c                CySysPmSleep
 .text.CyBLE_Bless_Interrupt
                0x00001128        0x8 .\CortexM0\ARM_GCC_484\Debug\FindME.a(BLE_HAL_INT.o)
                0x00001128                CyBLE_Bless_Interrupt
 .text          0x00001130       0x9c c:/program files (x86)/cypress/psoc creator/3.2/psoc creator/import/gnu/arm/4.8.4/bin/../lib/gcc/arm-none-eabi/4.8.4/armv6-m\libgcc.a(_udivsi3.o)
                0x00001130                __aeabi_uidiv
                0x00001130                __udivsi3
                0x000011b8                __aeabi_uidivmod
 .text          0x000011cc       0xc0 c:/program files (x86)/cypress/psoc creator/3.2/psoc creator/import/gnu/arm/4.8.4/bin/../lib/gcc/arm-none-eabi/4.8.4/armv6-m\libgcc.a(_divsi3.o)
                0x000011cc                __divsi3
                0x000011cc                __aeabi_idiv
                0x00001278                __aeabi_idivmod
 .text          0x0000128c        0x4 c:/program files (x86)/cypress/psoc creator/3.2/psoc creator/import/gnu/arm/4.8.4/bin/../lib/gcc/arm-none-eabi/4.8.4/armv6-m\libgcc.a(_dvmd_tls.o)
                0x0000128c                __aeabi_idiv0
                0x0000128c                __aeabi_ldiv0
 .text.__libc_init_array
                0x00001290       0x4c c:/program files (x86)/cypress/psoc creator/3.2/psoc creator/import/gnu/arm/4.8.4/bin/../lib/gcc/arm-none-eabi/4.8.4/../../../../arm-none-eabi/lib/armv6-m\libg_s.a(lib_a-init.o)
                0x00001290                __libc_init_array
 .text.memcmp   0x000012dc       0x1e c:/program files (x86)/cypress/psoc creator/3.2/psoc creator/import/gnu/arm/4.8.4/bin/../lib/gcc/arm-none-eabi/4.8.4/../../../../arm-none-eabi/lib/armv6-m\libg_s.a(lib_a-memcmp.o)
                0x000012dc                memcmp
 .text.memcpy   0x000012fa       0x12 c:/program files (x86)/cypress/psoc creator/3.2/psoc creator/import/gnu/arm/4.8.4/bin/../lib/gcc/arm-none-eabi/4.8.4/../../../../arm-none-eabi/lib/armv6-m\libg_s.a(lib_a-memcpy-stub.o)
                0x000012fa                memcpy
 .text.memset   0x0000130c       0x10 c:/program files (x86)/cypress/psoc creator/3.2/psoc creator/import/gnu/arm/4.8.4/bin/../lib/gcc/arm-none-eabi/4.8.4/../../../../arm-none-eabi/lib/armv6-m\libg_s.a(lib_a-memset.o)
                0x0000130c                memset
 *(.plt)
 *(.gnu.warning)
 *(.glue_7t)
 .glue_7t       0x00000000        0x0 linker stubs
 *(.glue_7)
 .glue_7        0x00000000        0x0 linker stubs
 *(.vfp11_veneer)
 .vfp11_veneer  0x00000000        0x0 linker stubs
 *(.bootloader)
 *(.ARM.extab* .gnu.linkonce.armextab.*)
 *(.gcc_except_table)

.v4_bx          0x0000131c        0x0
 .v4_bx         0x00000000        0x0 linker stubs

.iplt           0x0000131c        0x0
 .iplt          0x00000000        0x0 c:/program files (x86)/cypress/psoc creator/3.2/psoc creator/import/gnu/arm/4.8.4/bin/../lib/gcc/arm-none-eabi/4.8.4/armv6-m/crtbegin.o

i.CyBle_ExitLPM
                0x0000131c        0x8
 i.CyBle_ExitLPM
                0x0000131c        0x8 C:\Program Files (x86)\Cypress\PSoC Creator\3.2\PSoC Creator\psoc\content\cycomponentlibrary\CyComponentLibrary.cylib\BLE_v2_0\Library\gccCyBLEStack_BLE_SOC_PERIPHERAL.a(CyBle.o)
                0x0000131c                CyBle_ExitLPM

i.CyBle_ProcessEvents
                0x00001324        0x8
 i.CyBle_ProcessEvents
                0x00001324        0x8 C:\Program Files (x86)\Cypress\PSoC Creator\3.2\PSoC Creator\psoc\content\cycomponentlibrary\CyComponentLibrary.cylib\BLE_v2_0\Library\gccCyBLEStack_BLE_SOC_PERIPHERAL.a(CyBle.o)
                0x00001324                CyBle_ProcessEvents

i.CyBle_SetDeviceAddress
                0x0000132c       0x24
 i.CyBle_SetDeviceAddress
                0x0000132c       0x24 C:\Program Files (x86)\Cypress\PSoC Creator\3.2\PSoC Creator\psoc\content\cycomponentlibrary\CyComponentLibrary.cylib\BLE_v2_0\Library\gccCyBLEStack_BLE_SOC_PERIPHERAL.a(CyBle.o)
                0x0000132c                CyBle_SetDeviceAddress

i.CyBle_StackInit
                0x00001350       0x80
 i.CyBle_StackInit
                0x00001350       0x80 C:\Program Files (x86)\Cypress\PSoC Creator\3.2\PSoC Creator\psoc\content\cycomponentlibrary\CyComponentLibrary.cylib\BLE_v2_0\Library\gccCyBLEStack_BLE_SOC_PERIPHERAL.a(CyBle.o)
                0x00001350                CyBle_StackInit

i.CyBleStackMgr_Init
                0x000013d0       0xb4
 i.CyBleStackMgr_Init
                0x000013d0       0xb4 C:\Program Files (x86)\Cypress\PSoC Creator\3.2\PSoC Creator\psoc\content\cycomponentlibrary\CyComponentLibrary.cylib\BLE_v2_0\Library\gccCyBLEStack_BLE_SOC_PERIPHERAL.a(CyBleStackMgrIP_Interface.o)
                0x000013d0                CyBleStackMgr_Init

i.CyBleStackMgr_ProcessBleEvents
                0x00001484       0x14
 i.CyBleStackMgr_ProcessBleEvents
                0x00001484       0x14 C:\Program Files (x86)\Cypress\PSoC Creator\3.2\PSoC Creator\psoc\content\cycomponentlibrary\CyComponentLibrary.cylib\BLE_v2_0\Library\gccCyBLEStack_BLE_SOC_PERIPHERAL.a(CyBleStackMgrIP_Interface.o)
                0x00001484                CyBleStackMgr_ProcessBleEvents

i.CyBle_GetHeapMemory
                0x00001498       0x28
 i.CyBle_GetHeapMemory
                0x00001498       0x28 C:\Program Files (x86)\Cypress\PSoC Creator\3.2\PSoC Creator\psoc\content\cycomponentlibrary\CyComponentLibrary.cylib\BLE_v2_0\Library\gccCyBLEStack_BLE_SOC_PERIPHERAL.a(CyBleStackMgrIP_Interface.o)
                0x00001498                CyBle_GetHeapMemory

i.CyBle_GetNumAppBufferPools
                0x000014c0        0xc
 i.CyBle_GetNumAppBufferPools
                0x000014c0        0xc C:\Program Files (x86)\Cypress\PSoC Creator\3.2\PSoC Creator\psoc\content\cycomponentlibrary\CyComponentLibrary.cylib\BLE_v2_0\Library\gccCyBLEStack_BLE_SOC_PERIPHERAL.a(CyBleStackMgrIP_Interface.o)
                0x000014c0                CyBle_GetNumAppBufferPools

i.CyBle_GetReservedPoolInfo
                0x000014cc       0x3c
 i.CyBle_GetReservedPoolInfo
                0x000014cc       0x3c C:\Program Files (x86)\Cypress\PSoC Creator\3.2\PSoC Creator\psoc\content\cycomponentlibrary\CyComponentLibrary.cylib\BLE_v2_0\Library\gccCyBLEStack_BLE_SOC_PERIPHERAL.a(CyBleStackMgrIP_Interface.o)
                0x000014cc                CyBle_GetReservedPoolInfo

i.CyBle_HostStackBufferPoolInit
                0x00001508       0x7c
 i.CyBle_HostStackBufferPoolInit
                0x00001508       0x7c C:\Program Files (x86)\Cypress\PSoC Creator\3.2\PSoC Creator\psoc\content\cycomponentlibrary\CyComponentLibrary.cylib\BLE_v2_0\Library\gccCyBLEStack_BLE_SOC_PERIPHERAL.a(CyBleStackMgrIP_Interface.o)

i.ble_stack_idle_task_callback
                0x00001584        0x2
 i.ble_stack_idle_task_callback
                0x00001584        0x2 C:\Program Files (x86)\Cypress\PSoC Creator\3.2\PSoC Creator\psoc\content\cycomponentlibrary\CyComponentLibrary.cylib\BLE_v2_0\Library\gccCyBLEStack_BLE_SOC_PERIPHERAL.a(CyBleStackMgrIP_Interface.o)
                0x00001584                ble_stack_idle_task_callback

i.BT_OSFreeBuf  0x00001588       0x20
 i.BT_OSFreeBuf
                0x00001588       0x20 C:\Program Files (x86)\Cypress\PSoC Creator\3.2\PSoC Creator\psoc\content\cycomponentlibrary\CyComponentLibrary.cylib\BLE_v2_0\Library\gccCyBLEStack_BLE_SOC_PERIPHERAL.a(BT_os.o)
                0x00001588                BT_OSFreeBuf

i.BT_OSGetBuF   0x000015a8       0x30
 i.BT_OSGetBuF  0x000015a8       0x30 C:\Program Files (x86)\Cypress\PSoC Creator\3.2\PSoC Creator\psoc\content\cycomponentlibrary\CyComponentLibrary.cylib\BLE_v2_0\Library\gccCyBLEStack_BLE_SOC_PERIPHERAL.a(BT_os.o)
                0x000015a8                BT_OSGetBuF

i.BT_OSMemCreate
                0x000015d8       0x3c
 i.BT_OSMemCreate
                0x000015d8       0x3c C:\Program Files (x86)\Cypress\PSoC Creator\3.2\PSoC Creator\psoc\content\cycomponentlibrary\CyComponentLibrary.cylib\BLE_v2_0\Library\gccCyBLEStack_BLE_SOC_PERIPHERAL.a(BT_os.o)
                0x000015d8                BT_OSMemCreate

i.BT_alloc_mem_ext
                0x00001614       0x40
 i.BT_alloc_mem_ext
                0x00001614       0x40 C:\Program Files (x86)\Cypress\PSoC Creator\3.2\PSoC Creator\psoc\content\cycomponentlibrary\CyComponentLibrary.cylib\BLE_v2_0\Library\gccCyBLEStack_BLE_SOC_PERIPHERAL.a(BT_os.o)
                0x00001614                BT_alloc_mem_ext

i.BT_buff_alloc_from_cfg_pool_ext
                0x00001654       0x18
 i.BT_buff_alloc_from_cfg_pool_ext
                0x00001654       0x18 C:\Program Files (x86)\Cypress\PSoC Creator\3.2\PSoC Creator\psoc\content\cycomponentlibrary\CyComponentLibrary.cylib\BLE_v2_0\Library\gccCyBLEStack_BLE_SOC_PERIPHERAL.a(BT_os.o)
                0x00001654                BT_buff_alloc_from_cfg_pool_ext

i.BT_free_mem   0x0000166c        0xc
 i.BT_free_mem  0x0000166c        0xc C:\Program Files (x86)\Cypress\PSoC Creator\3.2\PSoC Creator\psoc\content\cycomponentlibrary\CyComponentLibrary.cylib\BLE_v2_0\Library\gccCyBLEStack_BLE_SOC_PERIPHERAL.a(BT_os.o)
                0x0000166c                BT_free_mem

i.bt_stack_create_buffer_pool
                0x00001678       0x30
 i.bt_stack_create_buffer_pool
                0x00001678       0x30 C:\Program Files (x86)\Cypress\PSoC Creator\3.2\PSoC Creator\psoc\content\cycomponentlibrary\CyComponentLibrary.cylib\BLE_v2_0\Library\gccCyBLEStack_BLE_SOC_PERIPHERAL.a(BT_os.o)
                0x00001678                bt_stack_create_buffer_pool

i.CyBle_CheckBleStackTaskStatus
                0x000016a8        0x4
 i.CyBle_CheckBleStackTaskStatus
                0x000016a8        0x4 C:\Program Files (x86)\Cypress\PSoC Creator\3.2\PSoC Creator\psoc\content\cycomponentlibrary\CyComponentLibrary.cylib\BLE_v2_0\Library\gccCyBLEStack_BLE_SOC_PERIPHERAL.a(CyBleStackMgr_StackTaskHandler.o)
                0x000016a8                CyBle_CheckBleStackTaskStatus

i.CyBle_CreateBleStackTask
                0x000016ac       0x2c
 i.CyBle_CreateBleStackTask
                0x000016ac       0x2c C:\Program Files (x86)\Cypress\PSoC Creator\3.2\PSoC Creator\psoc\content\cycomponentlibrary\CyComponentLibrary.cylib\BLE_v2_0\Library\gccCyBLEStack_BLE_SOC_PERIPHERAL.a(CyBleStackMgr_StackTaskHandler.o)
                0x000016ac                CyBle_CreateBleStackTask

i.CyBle_SignalBleStackTask
                0x000016d8       0x50
 i.CyBle_SignalBleStackTask
                0x000016d8       0x50 C:\Program Files (x86)\Cypress\PSoC Creator\3.2\PSoC Creator\psoc\content\cycomponentlibrary\CyComponentLibrary.cylib\BLE_v2_0\Library\gccCyBLEStack_BLE_SOC_PERIPHERAL.a(CyBleStackMgr_StackTaskHandler.o)
                0x000016d8                CyBle_SignalBleStackTask

i.CyBle_StackTaskHandler
                0x00001728       0x5c
 i.CyBle_StackTaskHandler
                0x00001728       0x5c C:\Program Files (x86)\Cypress\PSoC Creator\3.2\PSoC Creator\psoc\content\cycomponentlibrary\CyComponentLibrary.cylib\BLE_v2_0\Library\gccCyBLEStack_BLE_SOC_PERIPHERAL.a(CyBleStackMgr_StackTaskHandler.o)
                0x00001728                CyBle_StackTaskHandler

i.__ARM_common_switch8
                0x00001784       0x1a
 i.__ARM_common_switch8
                0x00001784       0x1a C:\Program Files (x86)\Cypress\PSoC Creator\3.2\PSoC Creator\psoc\content\cycomponentlibrary\CyComponentLibrary.cylib\BLE_v2_0\Library\gccCyBLEStack_BLE_SOC_PERIPHERAL.a(CyBleStackMgr_StackTaskHandler.o)
                0x00001784                __ARM_common_switch8

i.hci_soft_transport_notify_data_received
                0x000017a0        0xc
 i.hci_soft_transport_notify_data_received
                0x000017a0        0xc C:\Program Files (x86)\Cypress\PSoC Creator\3.2\PSoC Creator\psoc\content\cycomponentlibrary\CyComponentLibrary.cylib\BLE_v2_0\Library\gccCyBLEStack_BLE_SOC_PERIPHERAL.a(transport_sf.o)
                0x000017a0                hci_soft_transport_notify_data_received

i.hci_soft_transport_rx_data
                0x000017ac       0x40
 i.hci_soft_transport_rx_data
                0x000017ac       0x40 C:\Program Files (x86)\Cypress\PSoC Creator\3.2\PSoC Creator\psoc\content\cycomponentlibrary\CyComponentLibrary.cylib\BLE_v2_0\Library\gccCyBLEStack_BLE_SOC_PERIPHERAL.a(transport_sf.o)
                0x000017ac                hci_soft_transport_rx_data

i.hci_transport_bt_init
                0x000017ec        0x2
 i.hci_transport_bt_init
                0x000017ec        0x2 C:\Program Files (x86)\Cypress\PSoC Creator\3.2\PSoC Creator\psoc\content\cycomponentlibrary\CyComponentLibrary.cylib\BLE_v2_0\Library\gccCyBLEStack_BLE_SOC_PERIPHERAL.a(transport_sf.o)
                0x000017ec                hci_transport_bt_init

i.hci_transport_init
                0x000017f0       0x10
 i.hci_transport_init
                0x000017f0       0x10 C:\Program Files (x86)\Cypress\PSoC Creator\3.2\PSoC Creator\psoc\content\cycomponentlibrary\CyComponentLibrary.cylib\BLE_v2_0\Library\gccCyBLEStack_BLE_SOC_PERIPHERAL.a(transport_sf.o)
                0x000017f0                hci_transport_init

i.hci_transport_write_data
                0x00001800       0xd4
 i.hci_transport_write_data
                0x00001800       0xd4 C:\Program Files (x86)\Cypress\PSoC Creator\3.2\PSoC Creator\psoc\content\cycomponentlibrary\CyComponentLibrary.cylib\BLE_v2_0\Library\gccCyBLEStack_BLE_SOC_PERIPHERAL.a(transport_sf.o)
                0x00001800                hci_transport_write_data

i.pf_hci_soft_transport_write
                0x000018d4       0x44
 i.pf_hci_soft_transport_write
                0x000018d4       0x44 C:\Program Files (x86)\Cypress\PSoC Creator\3.2\PSoC Creator\psoc\content\cycomponentlibrary\CyComponentLibrary.cylib\BLE_v2_0\Library\gccCyBLEStack_BLE_SOC_PERIPHERAL.a(transport_sf.o)
                0x000018d4                pf_hci_soft_transport_write

i.pf_soft_hci_transport_init
                0x00001918        0xc
 i.pf_soft_hci_transport_init
                0x00001918        0xc C:\Program Files (x86)\Cypress\PSoC Creator\3.2\PSoC Creator\psoc\content\cycomponentlibrary\CyComponentLibrary.cylib\BLE_v2_0\Library\gccCyBLEStack_BLE_SOC_PERIPHERAL.a(transport_sf.o)
                0x00001918                pf_soft_hci_transport_init

i.CyBleStackMgr_GetTime
                0x00001924       0x14
 i.CyBleStackMgr_GetTime
                0x00001924       0x14 C:\Program Files (x86)\Cypress\PSoC Creator\3.2\PSoC Creator\psoc\content\cycomponentlibrary\CyComponentLibrary.cylib\BLE_v2_0\Library\gccCyBLEStack_BLE_SOC_PERIPHERAL.a(CyBleStackMgr_PSoCHal.o)
                0x00001924                CyBleStackMgr_GetTime

i.CyBleStackMgr_HalInit
                0x00001938       0x24
 i.CyBleStackMgr_HalInit
                0x00001938       0x24 C:\Program Files (x86)\Cypress\PSoC Creator\3.2\PSoC Creator\psoc\content\cycomponentlibrary\CyComponentLibrary.cylib\BLE_v2_0\Library\gccCyBLEStack_BLE_SOC_PERIPHERAL.a(CyBleStackMgr_PSoCHal.o)
                0x00001938                CyBleStackMgr_HalInit

i.CyBleStackMgr_HalIntrEnable
                0x0000195c        0x8
 i.CyBleStackMgr_HalIntrEnable
                0x0000195c        0x8 C:\Program Files (x86)\Cypress\PSoC Creator\3.2\PSoC Creator\psoc\content\cycomponentlibrary\CyComponentLibrary.cylib\BLE_v2_0\Library\gccCyBLEStack_BLE_SOC_PERIPHERAL.a(CyBleStackMgr_PSoCHal.o)
                0x0000195c                CyBleStackMgr_HalIntrEnable

i.CyBleStackMgr_HandleLinkLayerTick
                0x00001964       0x5c
 i.CyBleStackMgr_HandleLinkLayerTick
                0x00001964       0x5c C:\Program Files (x86)\Cypress\PSoC Creator\3.2\PSoC Creator\psoc\content\cycomponentlibrary\CyComponentLibrary.cylib\BLE_v2_0\Library\gccCyBLEStack_BLE_SOC_PERIPHERAL.a(CyBleStackMgr_PSoCHal.o)
                0x00001964                CyBleStackMgr_HandleLinkLayerTick

i.CyBleStackMgr_HciPortInit
                0x000019c0        0xc
 i.CyBleStackMgr_HciPortInit
                0x000019c0        0xc C:\Program Files (x86)\Cypress\PSoC Creator\3.2\PSoC Creator\psoc\content\cycomponentlibrary\CyComponentLibrary.cylib\BLE_v2_0\Library\gccCyBLEStack_BLE_SOC_PERIPHERAL.a(CyBleStackMgr_PSoCHal.o)
                0x000019c0                CyBleStackMgr_HciPortInit

i.CyBleStackMgr_HciPortReset
                0x000019cc        0x2
 i.CyBleStackMgr_HciPortReset
                0x000019cc        0x2 C:\Program Files (x86)\Cypress\PSoC Creator\3.2\PSoC Creator\psoc\content\cycomponentlibrary\CyComponentLibrary.cylib\BLE_v2_0\Library\gccCyBLEStack_BLE_SOC_PERIPHERAL.a(CyBleStackMgr_PSoCHal.o)
                0x000019cc                CyBleStackMgr_HciPortReset

i.CyBleStackMgr_HciPortWrite
                0x000019ce        0x8
 i.CyBleStackMgr_HciPortWrite
                0x000019ce        0x8 C:\Program Files (x86)\Cypress\PSoC Creator\3.2\PSoC Creator\psoc\content\cycomponentlibrary\CyComponentLibrary.cylib\BLE_v2_0\Library\gccCyBLEStack_BLE_SOC_PERIPHERAL.a(CyBleStackMgr_PSoCHal.o)
                0x000019ce                CyBleStackMgr_HciPortWrite

i.CyBleStackMgr_ResetLinkLayerTimerEntity
                0x000019d8       0x14
 i.CyBleStackMgr_ResetLinkLayerTimerEntity
                0x000019d8       0x14 C:\Program Files (x86)\Cypress\PSoC Creator\3.2\PSoC Creator\psoc\content\cycomponentlibrary\CyComponentLibrary.cylib\BLE_v2_0\Library\gccCyBLEStack_BLE_SOC_PERIPHERAL.a(CyBleStackMgr_PSoCHal.o)
                0x000019d8                CyBleStackMgr_ResetLinkLayerTimerEntity

i.CyBleStackMgr_TimerStart
                0x000019ec       0x2c
 i.CyBleStackMgr_TimerStart
                0x000019ec       0x2c C:\Program Files (x86)\Cypress\PSoC Creator\3.2\PSoC Creator\psoc\content\cycomponentlibrary\CyComponentLibrary.cylib\BLE_v2_0\Library\gccCyBLEStack_BLE_SOC_PERIPHERAL.a(CyBleStackMgr_PSoCHal.o)
                0x000019ec                CyBleStackMgr_TimerStart

i.CyBleStackMgr_TimerStop
                0x00001a18       0x18
 i.CyBleStackMgr_TimerStop
                0x00001a18       0x18 C:\Program Files (x86)\Cypress\PSoC Creator\3.2\PSoC Creator\psoc\content\cycomponentlibrary\CyComponentLibrary.cylib\BLE_v2_0\Library\gccCyBLEStack_BLE_SOC_PERIPHERAL.a(CyBleStackMgr_PSoCHal.o)
                0x00001a18                CyBleStackMgr_TimerStop

i.CyBleStackMgr_isTimerRunning
                0x00001a30       0x10
 i.CyBleStackMgr_isTimerRunning
                0x00001a30       0x10 C:\Program Files (x86)\Cypress\PSoC Creator\3.2\PSoC Creator\psoc\content\cycomponentlibrary\CyComponentLibrary.cylib\BLE_v2_0\Library\gccCyBLEStack_BLE_SOC_PERIPHERAL.a(CyBleStackMgr_PSoCHal.o)
                0x00001a30                CyBleStackMgr_isTimerRunning

i.CyBleAtlantisRadioInit
                0x00001a40      0x150
 i.CyBleAtlantisRadioInit
                0x00001a40      0x150 C:\Program Files (x86)\Cypress\PSoC Creator\3.2\PSoC Creator\psoc\content\cycomponentlibrary\CyComponentLibrary.cylib\BLE_v2_0\Library\gccCyBLEStack_BLE_SOC_PERIPHERAL.a(CyBleStackMgr_BleSSDriver.o)

i.CyBleStackMgr_BleSSFifoRead
                0x00001b90       0x38
 i.CyBleStackMgr_BleSSFifoRead
                0x00001b90       0x38 C:\Program Files (x86)\Cypress\PSoC Creator\3.2\PSoC Creator\psoc\content\cycomponentlibrary\CyComponentLibrary.cylib\BLE_v2_0\Library\gccCyBLEStack_BLE_SOC_PERIPHERAL.a(CyBleStackMgr_BleSSDriver.o)
                0x00001b90                CyBleStackMgr_BleSSFifoRead

i.CyBleStackMgr_BleSSFifoWrite
                0x00001bc8       0x30
 i.CyBleStackMgr_BleSSFifoWrite
                0x00001bc8       0x30 C:\Program Files (x86)\Cypress\PSoC Creator\3.2\PSoC Creator\psoc\content\cycomponentlibrary\CyComponentLibrary.cylib\BLE_v2_0\Library\gccCyBLEStack_BLE_SOC_PERIPHERAL.a(CyBleStackMgr_BleSSDriver.o)
                0x00001bc8                CyBleStackMgr_BleSSFifoWrite

i.CyBleStackMgr_BleSSInit
                0x00001bf8       0x50
 i.CyBleStackMgr_BleSSInit
                0x00001bf8       0x50 C:\Program Files (x86)\Cypress\PSoC Creator\3.2\PSoC Creator\psoc\content\cycomponentlibrary\CyComponentLibrary.cylib\BLE_v2_0\Library\gccCyBLEStack_BLE_SOC_PERIPHERAL.a(CyBleStackMgr_BleSSDriver.o)
                0x00001bf8                CyBleStackMgr_BleSSInit

i.CyBleStackMgr_BleSSMemRead
                0x00001c48       0x26
 i.CyBleStackMgr_BleSSMemRead
                0x00001c48       0x26 C:\Program Files (x86)\Cypress\PSoC Creator\3.2\PSoC Creator\psoc\content\cycomponentlibrary\CyComponentLibrary.cylib\BLE_v2_0\Library\gccCyBLEStack_BLE_SOC_PERIPHERAL.a(CyBleStackMgr_BleSSDriver.o)
                0x00001c48                CyBleStackMgr_BleSSMemRead

i.CyBleStackMgr_BleSSMemWrite
                0x00001c70       0x34
 i.CyBleStackMgr_BleSSMemWrite
                0x00001c70       0x34 C:\Program Files (x86)\Cypress\PSoC Creator\3.2\PSoC Creator\psoc\content\cycomponentlibrary\CyComponentLibrary.cylib\BLE_v2_0\Library\gccCyBLEStack_BLE_SOC_PERIPHERAL.a(CyBleStackMgr_BleSSDriver.o)
                0x00001c70                CyBleStackMgr_BleSSMemWrite

i.CyBleStackMgr_BleSSRegRead
                0x00001ca4        0xc
 i.CyBleStackMgr_BleSSRegRead
                0x00001ca4        0xc C:\Program Files (x86)\Cypress\PSoC Creator\3.2\PSoC Creator\psoc\content\cycomponentlibrary\CyComponentLibrary.cylib\BLE_v2_0\Library\gccCyBLEStack_BLE_SOC_PERIPHERAL.a(CyBleStackMgr_BleSSDriver.o)
                0x00001ca4                CyBleStackMgr_BleSSRegRead

i.CyBleStackMgr_BleSSRegWrite
                0x00001cb0        0xc
 i.CyBleStackMgr_BleSSRegWrite
                0x00001cb0        0xc C:\Program Files (x86)\Cypress\PSoC Creator\3.2\PSoC Creator\psoc\content\cycomponentlibrary\CyComponentLibrary.cylib\BLE_v2_0\Library\gccCyBLEStack_BLE_SOC_PERIPHERAL.a(CyBleStackMgr_BleSSDriver.o)
                0x00001cb0                CyBleStackMgr_BleSSRegWrite

i.CyBleStackMgr_BleSSReset
                0x00001cbc       0x38
 i.CyBleStackMgr_BleSSReset
                0x00001cbc       0x38 C:\Program Files (x86)\Cypress\PSoC Creator\3.2\PSoC Creator\psoc\content\cycomponentlibrary\CyComponentLibrary.cylib\BLE_v2_0\Library\gccCyBLEStack_BLE_SOC_PERIPHERAL.a(CyBleStackMgr_BleSSDriver.o)
                0x00001cbc                CyBleStackMgr_BleSSReset

i.CyBleStackMgr_GenericIface
                0x00001cf4       0x3c
 i.CyBleStackMgr_GenericIface
                0x00001cf4       0x3c C:\Program Files (x86)\Cypress\PSoC Creator\3.2\PSoC Creator\psoc\content\cycomponentlibrary\CyComponentLibrary.cylib\BLE_v2_0\Library\gccCyBLEStack_BLE_SOC_PERIPHERAL.a(CyBleStackMgr_BleSSDriver.o)
                0x00001cf4                CyBleStackMgr_GenericIface

i.CyBleStackMgr_HandleBleSSIntr
                0x00001d30       0x90
 i.CyBleStackMgr_HandleBleSSIntr
                0x00001d30       0x90 C:\Program Files (x86)\Cypress\PSoC Creator\3.2\PSoC Creator\psoc\content\cycomponentlibrary\CyComponentLibrary.cylib\BLE_v2_0\Library\gccCyBLEStack_BLE_SOC_PERIPHERAL.a(CyBleStackMgr_BleSSDriver.o)
                0x00001d30                CyBleStackMgr_HandleBleSSIntr

i.CyBleStackMgr_SetClockParam
                0x00001dc0       0xb4
 i.CyBleStackMgr_SetClockParam
                0x00001dc0       0xb4 C:\Program Files (x86)\Cypress\PSoC Creator\3.2\PSoC Creator\psoc\content\cycomponentlibrary\CyComponentLibrary.cylib\BLE_v2_0\Library\gccCyBLEStack_BLE_SOC_PERIPHERAL.a(CyBleStackMgr_BleSSDriver.o)

i.CyBle_ExitDsmMode
                0x00001e74       0x2c
 i.CyBle_ExitDsmMode
                0x00001e74       0x2c C:\Program Files (x86)\Cypress\PSoC Creator\3.2\PSoC Creator\psoc\content\cycomponentlibrary\CyComponentLibrary.cylib\BLE_v2_0\Library\gccCyBLEStack_BLE_SOC_PERIPHERAL.a(CyBleStackMgr_BleSSDriver.o)
                0x00001e74                CyBle_ExitDsmMode

i.CyBle_GetBleSsOperationalMode
                0x00001ea0        0xc
 i.CyBle_GetBleSsOperationalMode
                0x00001ea0        0xc C:\Program Files (x86)\Cypress\PSoC Creator\3.2\PSoC Creator\psoc\content\cycomponentlibrary\CyComponentLibrary.cylib\BLE_v2_0\Library\gccCyBLEStack_BLE_SOC_PERIPHERAL.a(CyBleStackMgr_BleSSDriver.o)
                0x00001ea0                CyBle_GetBleSsOperationalMode

i.CyBle_GetLpMode
                0x00001eac       0x26
 i.CyBle_GetLpMode
                0x00001eac       0x26 C:\Program Files (x86)\Cypress\PSoC Creator\3.2\PSoC Creator\psoc\content\cycomponentlibrary\CyComponentLibrary.cylib\BLE_v2_0\Library\gccCyBLEStack_BLE_SOC_PERIPHERAL.a(CyBleStackMgr_BleSSDriver.o)
                0x00001eac                CyBle_GetLpMode

i.CyBle_GetTxGainMode
                0x00001ed4       0x2c
 i.CyBle_GetTxGainMode
                0x00001ed4       0x2c C:\Program Files (x86)\Cypress\PSoC Creator\3.2\PSoC Creator\psoc\content\cycomponentlibrary\CyComponentLibrary.cylib\BLE_v2_0\Library\gccCyBLEStack_BLE_SOC_PERIPHERAL.a(CyBleStackMgr_BleSSDriver.o)
                0x00001ed4                CyBle_GetTxGainMode

i.CyBle_SetBleSsOperationalMode
                0x00001f00       0x20
 i.CyBle_SetBleSsOperationalMode
                0x00001f00       0x20 C:\Program Files (x86)\Cypress\PSoC Creator\3.2\PSoC Creator\psoc\content\cycomponentlibrary\CyComponentLibrary.cylib\BLE_v2_0\Library\gccCyBLEStack_BLE_SOC_PERIPHERAL.a(CyBleStackMgr_BleSSDriver.o)
                0x00001f00                CyBle_SetBleSsOperationalMode

i.CyBle_SetEventCloseState
                0x00001f20        0xc
 i.CyBle_SetEventCloseState
                0x00001f20        0xc C:\Program Files (x86)\Cypress\PSoC Creator\3.2\PSoC Creator\psoc\content\cycomponentlibrary\CyComponentLibrary.cylib\BLE_v2_0\Library\gccCyBLEStack_BLE_SOC_PERIPHERAL.a(CyBleStackMgr_BleSSDriver.o)
                0x00001f20                CyBle_SetEventCloseState

i.CyBle_SetRxGainMode
                0x00001f2c       0x20
 i.CyBle_SetRxGainMode
                0x00001f2c       0x20 C:\Program Files (x86)\Cypress\PSoC Creator\3.2\PSoC Creator\psoc\content\cycomponentlibrary\CyComponentLibrary.cylib\BLE_v2_0\Library\gccCyBLEStack_BLE_SOC_PERIPHERAL.a(CyBleStackMgr_BleSSDriver.o)
                0x00001f2c                CyBle_SetRxGainMode

i.CyBle_SetTxGainMode
                0x00001f4c       0x38
 i.CyBle_SetTxGainMode
                0x00001f4c       0x38 C:\Program Files (x86)\Cypress\PSoC Creator\3.2\PSoC Creator\psoc\content\cycomponentlibrary\CyComponentLibrary.cylib\BLE_v2_0\Library\gccCyBLEStack_BLE_SOC_PERIPHERAL.a(CyBleStackMgr_BleSSDriver.o)
                0x00001f4c                CyBle_SetTxGainMode

i.pf_rf_get_abs_rssi
                0x00001f84       0x24
 i.pf_rf_get_abs_rssi
                0x00001f84       0x24 C:\Program Files (x86)\Cypress\PSoC Creator\3.2\PSoC Creator\psoc\content\cycomponentlibrary\CyComponentLibrary.cylib\BLE_v2_0\Library\gccCyBLEStack_BLE_SOC_PERIPHERAL.a(CyBleStackMgr_BleSSDriver.o)
                0x00001f84                pf_rf_get_abs_rssi

i.OS_init       0x00001fa8       0x64
 i.OS_init      0x00001fa8       0x64 C:\Program Files (x86)\Cypress\PSoC Creator\3.2\PSoC Creator\psoc\content\cycomponentlibrary\CyComponentLibrary.cylib\BLE_v2_0\Library\gccCyBLEStack_BLE_SOC_PERIPHERAL.a(mint_os.o)
                0x00001fa8                OS_init

i.mintos_malloc
                0x0000200c       0x34
 i.mintos_malloc
                0x0000200c       0x34 C:\Program Files (x86)\Cypress\PSoC Creator\3.2\PSoC Creator\psoc\content\cycomponentlibrary\CyComponentLibrary.cylib\BLE_v2_0\Library\gccCyBLEStack_BLE_SOC_PERIPHERAL.a(mint_os.o)
                0x0000200c                mintos_malloc

i.OS_create_queue
                0x00002040       0x64
 i.OS_create_queue
                0x00002040       0x64 C:\Program Files (x86)\Cypress\PSoC Creator\3.2\PSoC Creator\psoc\content\cycomponentlibrary\CyComponentLibrary.cylib\BLE_v2_0\Library\gccCyBLEStack_BLE_SOC_PERIPHERAL.a(mint_os_queue.o)
                0x00002040                OS_create_queue

i.OS_enqueue_item
                0x000020a4       0x8c
 i.OS_enqueue_item
                0x000020a4       0x8c C:\Program Files (x86)\Cypress\PSoC Creator\3.2\PSoC Creator\psoc\content\cycomponentlibrary\CyComponentLibrary.cylib\BLE_v2_0\Library\gccCyBLEStack_BLE_SOC_PERIPHERAL.a(mint_os_queue.o)
                0x000020a4                OS_enqueue_item

i.OS_queue_get_num_of_items
                0x00002130       0x28
 i.OS_queue_get_num_of_items
                0x00002130       0x28 C:\Program Files (x86)\Cypress\PSoC Creator\3.2\PSoC Creator\psoc\content\cycomponentlibrary\CyComponentLibrary.cylib\BLE_v2_0\Library\gccCyBLEStack_BLE_SOC_PERIPHERAL.a(mint_os_queue.o)
                0x00002130                OS_queue_get_num_of_items

i.OS_queue_mgmt_init
                0x00002158       0x40
 i.OS_queue_mgmt_init
                0x00002158       0x40 C:\Program Files (x86)\Cypress\PSoC Creator\3.2\PSoC Creator\psoc\content\cycomponentlibrary\CyComponentLibrary.cylib\BLE_v2_0\Library\gccCyBLEStack_BLE_SOC_PERIPHERAL.a(mint_os_queue.o)
                0x00002158                OS_queue_mgmt_init

i.OS_remove_item
                0x00002198       0xa0
 i.OS_remove_item
                0x00002198       0xa0 C:\Program Files (x86)\Cypress\PSoC Creator\3.2\PSoC Creator\psoc\content\cycomponentlibrary\CyComponentLibrary.cylib\BLE_v2_0\Library\gccCyBLEStack_BLE_SOC_PERIPHERAL.a(mint_os_queue.o)
                0x00002198                OS_remove_item

i.OS_create_task
                0x00002238       0x88
 i.OS_create_task
                0x00002238       0x88 C:\Program Files (x86)\Cypress\PSoC Creator\3.2\PSoC Creator\psoc\content\cycomponentlibrary\CyComponentLibrary.cylib\BLE_v2_0\Library\gccCyBLEStack_BLE_SOC_PERIPHERAL.a(mint_os_task.o)
                0x00002238                OS_create_task

i.OS_isr_send_signal_to_task
                0x000022c0        0xc
 i.OS_isr_send_signal_to_task
                0x000022c0        0xc C:\Program Files (x86)\Cypress\PSoC Creator\3.2\PSoC Creator\psoc\content\cycomponentlibrary\CyComponentLibrary.cylib\BLE_v2_0\Library\gccCyBLEStack_BLE_SOC_PERIPHERAL.a(mint_os_task.o)
                0x000022c0                OS_isr_send_signal_to_task

i.OS_scheduler  0x000022cc       0x64
 i.OS_scheduler
                0x000022cc       0x64 C:\Program Files (x86)\Cypress\PSoC Creator\3.2\PSoC Creator\psoc\content\cycomponentlibrary\CyComponentLibrary.cylib\BLE_v2_0\Library\gccCyBLEStack_BLE_SOC_PERIPHERAL.a(mint_os_task.o)
                0x000022cc                OS_scheduler

i.OS_send_signal_to_task
                0x00002330        0xc
 i.OS_send_signal_to_task
                0x00002330        0xc C:\Program Files (x86)\Cypress\PSoC Creator\3.2\PSoC Creator\psoc\content\cycomponentlibrary\CyComponentLibrary.cylib\BLE_v2_0\Library\gccCyBLEStack_BLE_SOC_PERIPHERAL.a(mint_os_task.o)
                0x00002330                OS_send_signal_to_task

i.OS_send_signal_to_task_context
                0x0000233c       0x3c
 i.OS_send_signal_to_task_context
                0x0000233c       0x3c C:\Program Files (x86)\Cypress\PSoC Creator\3.2\PSoC Creator\psoc\content\cycomponentlibrary\CyComponentLibrary.cylib\BLE_v2_0\Library\gccCyBLEStack_BLE_SOC_PERIPHERAL.a(mint_os_task.o)

i.OS_task_mgmt_init
                0x00002378       0x50
 i.OS_task_mgmt_init
                0x00002378       0x50 C:\Program Files (x86)\Cypress\PSoC Creator\3.2\PSoC Creator\psoc\content\cycomponentlibrary\CyComponentLibrary.cylib\BLE_v2_0\Library\gccCyBLEStack_BLE_SOC_PERIPHERAL.a(mint_os_task.o)
                0x00002378                OS_task_mgmt_init

i.mint_buf_mgmt_allocate_buffer
                0x000023c8       0x4c
 i.mint_buf_mgmt_allocate_buffer
                0x000023c8       0x4c C:\Program Files (x86)\Cypress\PSoC Creator\3.2\PSoC Creator\psoc\content\cycomponentlibrary\CyComponentLibrary.cylib\BLE_v2_0\Library\gccCyBLEStack_BLE_SOC_PERIPHERAL.a(mint_buf_mgmt.o)
                0x000023c8                mint_buf_mgmt_allocate_buffer

i.mint_buf_mgmt_create_pool
                0x00002414       0xd0
 i.mint_buf_mgmt_create_pool
                0x00002414       0xd0 C:\Program Files (x86)\Cypress\PSoC Creator\3.2\PSoC Creator\psoc\content\cycomponentlibrary\CyComponentLibrary.cylib\BLE_v2_0\Library\gccCyBLEStack_BLE_SOC_PERIPHERAL.a(mint_buf_mgmt.o)
                0x00002414                mint_buf_mgmt_create_pool

i.mint_buf_mgmt_free_buffer
                0x000024e4       0xa4
 i.mint_buf_mgmt_free_buffer
                0x000024e4       0xa4 C:\Program Files (x86)\Cypress\PSoC Creator\3.2\PSoC Creator\psoc\content\cycomponentlibrary\CyComponentLibrary.cylib\BLE_v2_0\Library\gccCyBLEStack_BLE_SOC_PERIPHERAL.a(mint_buf_mgmt.o)
                0x000024e4                mint_buf_mgmt_free_buffer

i.mint_buf_mgmt_init
                0x00002588       0x44
 i.mint_buf_mgmt_init
                0x00002588       0x44 C:\Program Files (x86)\Cypress\PSoC Creator\3.2\PSoC Creator\psoc\content\cycomponentlibrary\CyComponentLibrary.cylib\BLE_v2_0\Library\gccCyBLEStack_BLE_SOC_PERIPHERAL.a(mint_buf_mgmt.o)
                0x00002588                mint_buf_mgmt_init

i.mint_buf_mgmt_malloc
                0x000025cc       0x2c
 i.mint_buf_mgmt_malloc
                0x000025cc       0x2c C:\Program Files (x86)\Cypress\PSoC Creator\3.2\PSoC Creator\psoc\content\cycomponentlibrary\CyComponentLibrary.cylib\BLE_v2_0\Library\gccCyBLEStack_BLE_SOC_PERIPHERAL.a(mint_buf_mgmt.o)
                0x000025cc                mint_buf_mgmt_malloc

i.mint_buf_mgmt_pl_init
                0x000025f8       0x40
 i.mint_buf_mgmt_pl_init
                0x000025f8       0x40 C:\Program Files (x86)\Cypress\PSoC Creator\3.2\PSoC Creator\psoc\content\cycomponentlibrary\CyComponentLibrary.cylib\BLE_v2_0\Library\gccCyBLEStack_BLE_SOC_PERIPHERAL.a(mint_buf_mgmt.o)
                0x000025f8                mint_buf_mgmt_pl_init

i.mint_buf_mgmt_reset_pool
                0x00002638       0x70
 i.mint_buf_mgmt_reset_pool
                0x00002638       0x70 C:\Program Files (x86)\Cypress\PSoC Creator\3.2\PSoC Creator\psoc\content\cycomponentlibrary\CyComponentLibrary.cylib\BLE_v2_0\Library\gccCyBLEStack_BLE_SOC_PERIPHERAL.a(mint_buf_mgmt.o)
                0x00002638                mint_buf_mgmt_reset_pool

i.mint_buf_mgmt_stack_init
                0x000026a8       0x24
 i.mint_buf_mgmt_stack_init
                0x000026a8       0x24 C:\Program Files (x86)\Cypress\PSoC Creator\3.2\PSoC Creator\psoc\content\cycomponentlibrary\CyComponentLibrary.cylib\BLE_v2_0\Library\gccCyBLEStack_BLE_SOC_PERIPHERAL.a(mint_buf_mgmt.o)
                0x000026a8                mint_buf_mgmt_stack_init

i.mint_buf_mgmt_stack_pop
                0x000026cc       0x36
 i.mint_buf_mgmt_stack_pop
                0x000026cc       0x36 C:\Program Files (x86)\Cypress\PSoC Creator\3.2\PSoC Creator\psoc\content\cycomponentlibrary\CyComponentLibrary.cylib\BLE_v2_0\Library\gccCyBLEStack_BLE_SOC_PERIPHERAL.a(mint_buf_mgmt.o)
                0x000026cc                mint_buf_mgmt_stack_pop

i.mint_buf_mgmt_stack_push
                0x00002702       0x36
 i.mint_buf_mgmt_stack_push
                0x00002702       0x36 C:\Program Files (x86)\Cypress\PSoC Creator\3.2\PSoC Creator\psoc\content\cycomponentlibrary\CyComponentLibrary.cylib\BLE_v2_0\Library\gccCyBLEStack_BLE_SOC_PERIPHERAL.a(mint_buf_mgmt.o)
                0x00002702                mint_buf_mgmt_stack_push

i.mint_buf_mgmt_stack_reset
                0x00002738       0x1e
 i.mint_buf_mgmt_stack_reset
                0x00002738       0x1e C:\Program Files (x86)\Cypress\PSoC Creator\3.2\PSoC Creator\psoc\content\cycomponentlibrary\CyComponentLibrary.cylib\BLE_v2_0\Library\gccCyBLEStack_BLE_SOC_PERIPHERAL.a(mint_buf_mgmt.o)
                0x00002738                mint_buf_mgmt_stack_reset

i.mint_buf_mgmt_stack_search_item
                0x00002756       0x30
 i.mint_buf_mgmt_stack_search_item
                0x00002756       0x30 C:\Program Files (x86)\Cypress\PSoC Creator\3.2\PSoC Creator\psoc\content\cycomponentlibrary\CyComponentLibrary.cylib\BLE_v2_0\Library\gccCyBLEStack_BLE_SOC_PERIPHERAL.a(mint_buf_mgmt.o)
                0x00002756                mint_buf_mgmt_stack_search_item

i.CyBleControllerIP_GetPingState
                0x00002788        0xc
 i.CyBleControllerIP_GetPingState
                0x00002788        0xc C:\Program Files (x86)\Cypress\PSoC Creator\3.2\PSoC Creator\psoc\content\cycomponentlibrary\CyComponentLibrary.cylib\BLE_v2_0\Library\gccCyBLEStack_BLE_SOC_PERIPHERAL.a(CyBleControllerIP_Interface.o)
                0x00002788                CyBleControllerIP_GetPingState

i.CyBleController_AddDeviceToWhiteList
                0x00002794       0x40
 i.CyBleController_AddDeviceToWhiteList
                0x00002794       0x40 C:\Program Files (x86)\Cypress\PSoC Creator\3.2\PSoC Creator\psoc\content\cycomponentlibrary\CyComponentLibrary.cylib\BLE_v2_0\Library\gccCyBLEStack_BLE_SOC_PERIPHERAL.a(CyBleControllerIP_Interface.o)
                0x00002794                CyBleController_AddDeviceToWhiteList

i.CyBleController_ExitLowPowerMode
                0x000027d4       0x10
 i.CyBleController_ExitLowPowerMode
                0x000027d4       0x10 C:\Program Files (x86)\Cypress\PSoC Creator\3.2\PSoC Creator\psoc\content\cycomponentlibrary\CyComponentLibrary.cylib\BLE_v2_0\Library\gccCyBLEStack_BLE_SOC_PERIPHERAL.a(CyBleControllerIP_Interface.o)
                0x000027d4                CyBleController_ExitLowPowerMode

i.CyBleController_Init
                0x000027e4       0x32
 i.CyBleController_Init
                0x000027e4       0x32 C:\Program Files (x86)\Cypress\PSoC Creator\3.2\PSoC Creator\psoc\content\cycomponentlibrary\CyComponentLibrary.cylib\BLE_v2_0\Library\gccCyBLEStack_BLE_SOC_PERIPHERAL.a(CyBleControllerIP_Interface.o)
                0x000027e4                CyBleController_Init

i.CyBleController_SetDeviceAddress
                0x00002816       0x2e
 i.CyBleController_SetDeviceAddress
                0x00002816       0x2e C:\Program Files (x86)\Cypress\PSoC Creator\3.2\PSoC Creator\psoc\content\cycomponentlibrary\CyComponentLibrary.cylib\BLE_v2_0\Library\gccCyBLEStack_BLE_SOC_PERIPHERAL.a(CyBleControllerIP_Interface.o)
                0x00002816                CyBleController_SetDeviceAddress

i.CyBle_GetTxPowerLevel
                0x00002844       0x4e
 i.CyBle_GetTxPowerLevel
                0x00002844       0x4e C:\Program Files (x86)\Cypress\PSoC Creator\3.2\PSoC Creator\psoc\content\cycomponentlibrary\CyComponentLibrary.cylib\BLE_v2_0\Library\gccCyBLEStack_BLE_SOC_PERIPHERAL.a(CyBleControllerIP_Interface.o)
                0x00002844                CyBle_GetTxPowerLevel

i.CyBle_SetTxPowerLevel
                0x00002892       0x56
 i.CyBle_SetTxPowerLevel
                0x00002892       0x56 C:\Program Files (x86)\Cypress\PSoC Creator\3.2\PSoC Creator\psoc\content\cycomponentlibrary\CyComponentLibrary.cylib\BLE_v2_0\Library\gccCyBLEStack_BLE_SOC_PERIPHERAL.a(CyBleControllerIP_Interface.o)
                0x00002892                CyBle_SetTxPowerLevel

i.ll_check_and_mark_packet_ready_for_transmission
                0x000028e8       0x28
 i.ll_check_and_mark_packet_ready_for_transmission
                0x000028e8       0x28 C:\Program Files (x86)\Cypress\PSoC Creator\3.2\PSoC Creator\psoc\content\cycomponentlibrary\CyComponentLibrary.cylib\BLE_v2_0\Library\gccCyBLEStack_BLE_SOC_PERIPHERAL.a(ll.o)
                0x000028e8                ll_check_and_mark_packet_ready_for_transmission

i.ll_cleanup_pending_data_pdu
                0x00002910       0x38
 i.ll_cleanup_pending_data_pdu
                0x00002910       0x38 C:\Program Files (x86)\Cypress\PSoC Creator\3.2\PSoC Creator\psoc\content\cycomponentlibrary\CyComponentLibrary.cylib\BLE_v2_0\Library\gccCyBLEStack_BLE_SOC_PERIPHERAL.a(ll.o)
                0x00002910                ll_cleanup_pending_data_pdu

i.ll_exit_low_power_mode
                0x00002948       0xac
 i.ll_exit_low_power_mode
                0x00002948       0xac C:\Program Files (x86)\Cypress\PSoC Creator\3.2\PSoC Creator\psoc\content\cycomponentlibrary\CyComponentLibrary.cylib\BLE_v2_0\Library\gccCyBLEStack_BLE_SOC_PERIPHERAL.a(ll.o)
                0x00002948                ll_exit_low_power_mode

i.ll_get_ack_status
                0x000029f4       0x3c
 i.ll_get_ack_status
                0x000029f4       0x3c C:\Program Files (x86)\Cypress\PSoC Creator\3.2\PSoC Creator\psoc\content\cycomponentlibrary\CyComponentLibrary.cylib\BLE_v2_0\Library\gccCyBLEStack_BLE_SOC_PERIPHERAL.a(ll.o)
                0x000029f4                ll_get_ack_status

i.ll_get_adv_ch_tx_power
                0x00002a30       0x20
 i.ll_get_adv_ch_tx_power
                0x00002a30       0x20 C:\Program Files (x86)\Cypress\PSoC Creator\3.2\PSoC Creator\psoc\content\cycomponentlibrary\CyComponentLibrary.cylib\BLE_v2_0\Library\gccCyBLEStack_BLE_SOC_PERIPHERAL.a(ll.o)
                0x00002a30                ll_get_adv_ch_tx_power

i.ll_get_data_channel_map
                0x00002a50       0x24
 i.ll_get_data_channel_map
                0x00002a50       0x24 C:\Program Files (x86)\Cypress\PSoC Creator\3.2\PSoC Creator\psoc\content\cycomponentlibrary\CyComponentLibrary.cylib\BLE_v2_0\Library\gccCyBLEStack_BLE_SOC_PERIPHERAL.a(ll.o)
                0x00002a50                ll_get_data_channel_map

i.ll_get_max_white_list_size
                0x00002a74        0xc
 i.ll_get_max_white_list_size
                0x00002a74        0xc C:\Program Files (x86)\Cypress\PSoC Creator\3.2\PSoC Creator\psoc\content\cycomponentlibrary\CyComponentLibrary.cylib\BLE_v2_0\Library\gccCyBLEStack_BLE_SOC_PERIPHERAL.a(ll.o)
                0x00002a74                ll_get_max_white_list_size

i.ll_get_my_role
                0x00002a80        0xc
 i.ll_get_my_role
                0x00002a80        0xc C:\Program Files (x86)\Cypress\PSoC Creator\3.2\PSoC Creator\psoc\content\cycomponentlibrary\CyComponentLibrary.cylib\BLE_v2_0\Library\gccCyBLEStack_BLE_SOC_PERIPHERAL.a(ll.o)
                0x00002a80                ll_get_my_role

i.ll_get_next_available_fifo_for_data_pdu
                0x00002a8c        0x8
 i.ll_get_next_available_fifo_for_data_pdu
                0x00002a8c        0x8 C:\Program Files (x86)\Cypress\PSoC Creator\3.2\PSoC Creator\psoc\content\cycomponentlibrary\CyComponentLibrary.cylib\BLE_v2_0\Library\gccCyBLEStack_BLE_SOC_PERIPHERAL.a(ll.o)
                0x00002a8c                ll_get_next_available_fifo_for_data_pdu

i.ll_get_next_available_fifo_for_ll_pdu
                0x00002a94       0x24
 i.ll_get_next_available_fifo_for_ll_pdu
                0x00002a94       0x24 C:\Program Files (x86)\Cypress\PSoC Creator\3.2\PSoC Creator\psoc\content\cycomponentlibrary\CyComponentLibrary.cylib\BLE_v2_0\Library\gccCyBLEStack_BLE_SOC_PERIPHERAL.a(ll.o)
                0x00002a94                ll_get_next_available_fifo_for_ll_pdu

i.ll_get_rssi_value
                0x00002ab8       0x26
 i.ll_get_rssi_value
                0x00002ab8       0x26 C:\Program Files (x86)\Cypress\PSoC Creator\3.2\PSoC Creator\psoc\content\cycomponentlibrary\CyComponentLibrary.cylib\BLE_v2_0\Library\gccCyBLEStack_BLE_SOC_PERIPHERAL.a(ll.o)
                0x00002ab8                ll_get_rssi_value

i.ll_get_transmit_power_level
                0x00002ae0       0x2c
 i.ll_get_transmit_power_level
                0x00002ae0       0x2c C:\Program Files (x86)\Cypress\PSoC Creator\3.2\PSoC Creator\psoc\content\cycomponentlibrary\CyComponentLibrary.cylib\BLE_v2_0\Library\gccCyBLEStack_BLE_SOC_PERIPHERAL.a(ll.o)
                0x00002ae0                ll_get_transmit_power_level

i.ll_handle_ack_received
                0x00002b0c       0x74
 i.ll_handle_ack_received
                0x00002b0c       0x74 C:\Program Files (x86)\Cypress\PSoC Creator\3.2\PSoC Creator\psoc\content\cycomponentlibrary\CyComponentLibrary.cylib\BLE_v2_0\Library\gccCyBLEStack_BLE_SOC_PERIPHERAL.a(ll.o)
                0x00002b0c                ll_handle_ack_received

i.ll_handle_add_device_in_whitelist
                0x00002b80       0x3a
 i.ll_handle_add_device_in_whitelist
                0x00002b80       0x3a C:\Program Files (x86)\Cypress\PSoC Creator\3.2\PSoC Creator\psoc\content\cycomponentlibrary\CyComponentLibrary.cylib\BLE_v2_0\Library\gccCyBLEStack_BLE_SOC_PERIPHERAL.a(ll.o)
                0x00002b80                ll_handle_add_device_in_whitelist

i.ll_handle_clear_whitelist
                0x00002bba       0x16
 i.ll_handle_clear_whitelist
                0x00002bba       0x16 C:\Program Files (x86)\Cypress\PSoC Creator\3.2\PSoC Creator\psoc\content\cycomponentlibrary\CyComponentLibrary.cylib\BLE_v2_0\Library\gccCyBLEStack_BLE_SOC_PERIPHERAL.a(ll.o)
                0x00002bba                ll_handle_clear_whitelist

i.ll_handle_encrypt_host_data
                0x00002bd0       0x36
 i.ll_handle_encrypt_host_data
                0x00002bd0       0x36 C:\Program Files (x86)\Cypress\PSoC Creator\3.2\PSoC Creator\psoc\content\cycomponentlibrary\CyComponentLibrary.cylib\BLE_v2_0\Library\gccCyBLEStack_BLE_SOC_PERIPHERAL.a(ll.o)
                0x00002bd0                ll_handle_encrypt_host_data

i.ll_handle_host_data_packet
                0x00002c06       0x54
 i.ll_handle_host_data_packet
                0x00002c06       0x54 C:\Program Files (x86)\Cypress\PSoC Creator\3.2\PSoC Creator\psoc\content\cycomponentlibrary\CyComponentLibrary.cylib\BLE_v2_0\Library\gccCyBLEStack_BLE_SOC_PERIPHERAL.a(ll.o)
                0x00002c06                ll_handle_host_data_packet

i.ll_handle_read_host_channel_map
                0x00002c5a        0x4
 i.ll_handle_read_host_channel_map
                0x00002c5a        0x4 C:\Program Files (x86)\Cypress\PSoC Creator\3.2\PSoC Creator\psoc\content\cycomponentlibrary\CyComponentLibrary.cylib\BLE_v2_0\Library\gccCyBLEStack_BLE_SOC_PERIPHERAL.a(ll.o)
                0x00002c5a                ll_handle_read_host_channel_map

i.ll_handle_remove_device_in_whitelist
                0x00002c5e       0x2a
 i.ll_handle_remove_device_in_whitelist
                0x00002c5e       0x2a C:\Program Files (x86)\Cypress\PSoC Creator\3.2\PSoC Creator\psoc\content\cycomponentlibrary\CyComponentLibrary.cylib\BLE_v2_0\Library\gccCyBLEStack_BLE_SOC_PERIPHERAL.a(ll.o)
                0x00002c5e                ll_handle_remove_device_in_whitelist

i.ll_handle_reset
                0x00002c88        0xe
 i.ll_handle_reset
                0x00002c88        0xe C:\Program Files (x86)\Cypress\PSoC Creator\3.2\PSoC Creator\psoc\content\cycomponentlibrary\CyComponentLibrary.cylib\BLE_v2_0\Library\gccCyBLEStack_BLE_SOC_PERIPHERAL.a(ll.o)
                0x00002c88                ll_handle_reset

i.ll_handle_set_random_address
                0x00002c96       0x36
 i.ll_handle_set_random_address
                0x00002c96       0x36 C:\Program Files (x86)\Cypress\PSoC Creator\3.2\PSoC Creator\psoc\content\cycomponentlibrary\CyComponentLibrary.cylib\BLE_v2_0\Library\gccCyBLEStack_BLE_SOC_PERIPHERAL.a(ll.o)
                0x00002c96                ll_handle_set_random_address

i.ll_init       0x00002ccc       0x18
 i.ll_init      0x00002ccc       0x18 C:\Program Files (x86)\Cypress\PSoC Creator\3.2\PSoC Creator\psoc\content\cycomponentlibrary\CyComponentLibrary.cylib\BLE_v2_0\Library\gccCyBLEStack_BLE_SOC_PERIPHERAL.a(ll.o)
                0x00002ccc                ll_init

i.ll_initialize_device_attributes
                0x00002ce4       0x4c
 i.ll_initialize_device_attributes
                0x00002ce4       0x4c C:\Program Files (x86)\Cypress\PSoC Creator\3.2\PSoC Creator\psoc\content\cycomponentlibrary\CyComponentLibrary.cylib\BLE_v2_0\Library\gccCyBLEStack_BLE_SOC_PERIPHERAL.a(ll.o)
                0x00002ce4                ll_initialize_device_attributes

i.ll_is_pkt_pending
                0x00002d30       0x2a
 i.ll_is_pkt_pending
                0x00002d30       0x2a C:\Program Files (x86)\Cypress\PSoC Creator\3.2\PSoC Creator\psoc\content\cycomponentlibrary\CyComponentLibrary.cylib\BLE_v2_0\Library\gccCyBLEStack_BLE_SOC_PERIPHERAL.a(ll.o)
                0x00002d30                ll_is_pkt_pending

i.ll_is_sent_pkt_pending
                0x00002d5a       0x1a
 i.ll_is_sent_pkt_pending
                0x00002d5a       0x1a C:\Program Files (x86)\Cypress\PSoC Creator\3.2\PSoC Creator\psoc\content\cycomponentlibrary\CyComponentLibrary.cylib\BLE_v2_0\Library\gccCyBLEStack_BLE_SOC_PERIPHERAL.a(ll.o)
                0x00002d5a                ll_is_sent_pkt_pending

i.ll_isr_exit_low_power_mode
                0x00002d74       0x16
 i.ll_isr_exit_low_power_mode
                0x00002d74       0x16 C:\Program Files (x86)\Cypress\PSoC Creator\3.2\PSoC Creator\psoc\content\cycomponentlibrary\CyComponentLibrary.cylib\BLE_v2_0\Library\gccCyBLEStack_BLE_SOC_PERIPHERAL.a(ll.o)
                0x00002d74                ll_isr_exit_low_power_mode

i.ll_load_host_data_packet
                0x00002d8a       0x4a
 i.ll_load_host_data_packet
                0x00002d8a       0x4a C:\Program Files (x86)\Cypress\PSoC Creator\3.2\PSoC Creator\psoc\content\cycomponentlibrary\CyComponentLibrary.cylib\BLE_v2_0\Library\gccCyBLEStack_BLE_SOC_PERIPHERAL.a(ll.o)
                0x00002d8a                ll_load_host_data_packet

i.ll_load_packet_to_fifo
                0x00002dd4       0x6e
 i.ll_load_packet_to_fifo
                0x00002dd4       0x6e C:\Program Files (x86)\Cypress\PSoC Creator\3.2\PSoC Creator\psoc\content\cycomponentlibrary\CyComponentLibrary.cylib\BLE_v2_0\Library\gccCyBLEStack_BLE_SOC_PERIPHERAL.a(ll.o)
                0x00002dd4                ll_load_packet_to_fifo

i.ll_process_acks
                0x00002e42       0x3c
 i.ll_process_acks
                0x00002e42       0x3c C:\Program Files (x86)\Cypress\PSoC Creator\3.2\PSoC Creator\psoc\content\cycomponentlibrary\CyComponentLibrary.cylib\BLE_v2_0\Library\gccCyBLEStack_BLE_SOC_PERIPHERAL.a(ll.o)
                0x00002e42                ll_process_acks

i.ll_reset      0x00002e7e       0x12
 i.ll_reset     0x00002e7e       0x12 C:\Program Files (x86)\Cypress\PSoC Creator\3.2\PSoC Creator\psoc\content\cycomponentlibrary\CyComponentLibrary.cylib\BLE_v2_0\Library\gccCyBLEStack_BLE_SOC_PERIPHERAL.a(ll.o)
                0x00002e7e                ll_reset

i.ll_update_active_features
                0x00002e90       0x58
 i.ll_update_active_features
                0x00002e90       0x58 C:\Program Files (x86)\Cypress\PSoC Creator\3.2\PSoC Creator\psoc\content\cycomponentlibrary\CyComponentLibrary.cylib\BLE_v2_0\Library\gccCyBLEStack_BLE_SOC_PERIPHERAL.a(ll.o)
                0x00002e90                ll_update_active_features

i.ll_update_device_fsm
                0x00002ee8        0x8
 i.ll_update_device_fsm
                0x00002ee8        0x8 C:\Program Files (x86)\Cypress\PSoC Creator\3.2\PSoC Creator\psoc\content\cycomponentlibrary\CyComponentLibrary.cylib\BLE_v2_0\Library\gccCyBLEStack_BLE_SOC_PERIPHERAL.a(ll.o)
                0x00002ee8                ll_update_device_fsm

i.pf_le_start_timer
                0x00002ef0       0x16
 i.pf_le_start_timer
                0x00002ef0       0x16 C:\Program Files (x86)\Cypress\PSoC Creator\3.2\PSoC Creator\psoc\content\cycomponentlibrary\CyComponentLibrary.cylib\BLE_v2_0\Library\gccCyBLEStack_BLE_SOC_PERIPHERAL.a(ll.o)
                0x00002ef0                pf_le_start_timer

i.pf_le_stop_timer
                0x00002f06       0x12
 i.pf_le_stop_timer
                0x00002f06       0x12 C:\Program Files (x86)\Cypress\PSoC Creator\3.2\PSoC Creator\psoc\content\cycomponentlibrary\CyComponentLibrary.cylib\BLE_v2_0\Library\gccCyBLEStack_BLE_SOC_PERIPHERAL.a(ll.o)
                0x00002f06                pf_le_stop_timer

i.CyBleControllerIP_TuneAdvEventInterPktSlots
                0x00002f18       0x44
 i.CyBleControllerIP_TuneAdvEventInterPktSlots
                0x00002f18       0x44 C:\Program Files (x86)\Cypress\PSoC Creator\3.2\PSoC Creator\psoc\content\cycomponentlibrary\CyComponentLibrary.cylib\BLE_v2_0\Library\gccCyBLEStack_BLE_SOC_PERIPHERAL.a(ll_advertiser.o)
                0x00002f18                CyBleControllerIP_TuneAdvEventInterPktSlots

i.ll_adv_is_configured_connection_adv
                0x00002f5c       0x1e
 i.ll_adv_is_configured_connection_adv
                0x00002f5c       0x1e C:\Program Files (x86)\Cypress\PSoC Creator\3.2\PSoC Creator\psoc\content\cycomponentlibrary\CyComponentLibrary.cylib\BLE_v2_0\Library\gccCyBLEStack_BLE_SOC_PERIPHERAL.a(ll_advertiser.o)
                0x00002f5c                ll_adv_is_configured_connection_adv

i.ll_check_random_address_in_use_by_advertiser
                0x00002f7a       0x10
 i.ll_check_random_address_in_use_by_advertiser
                0x00002f7a       0x10 C:\Program Files (x86)\Cypress\PSoC Creator\3.2\PSoC Creator\psoc\content\cycomponentlibrary\CyComponentLibrary.cylib\BLE_v2_0\Library\gccCyBLEStack_BLE_SOC_PERIPHERAL.a(ll_advertiser.o)
                0x00002f7a                ll_check_random_address_in_use_by_advertiser

i.ll_check_whitelist_in_use_by_advertiser
                0x00002f8a       0x10
 i.ll_check_whitelist_in_use_by_advertiser
                0x00002f8a       0x10 C:\Program Files (x86)\Cypress\PSoC Creator\3.2\PSoC Creator\psoc\content\cycomponentlibrary\CyComponentLibrary.cylib\BLE_v2_0\Library\gccCyBLEStack_BLE_SOC_PERIPHERAL.a(ll_advertiser.o)
                0x00002f8a                ll_check_whitelist_in_use_by_advertiser

i.ll_get_adv_status
                0x00002f9a        0xc
 i.ll_get_adv_status
                0x00002f9a        0xc C:\Program Files (x86)\Cypress\PSoC Creator\3.2\PSoC Creator\psoc\content\cycomponentlibrary\CyComponentLibrary.cylib\BLE_v2_0\Library\gccCyBLEStack_BLE_SOC_PERIPHERAL.a(ll_advertiser.o)
                0x00002f9a                ll_get_adv_status

i.ll_get_adv_type
                0x00002fa6       0x16
 i.ll_get_adv_type
                0x00002fa6       0x16 C:\Program Files (x86)\Cypress\PSoC Creator\3.2\PSoC Creator\psoc\content\cycomponentlibrary\CyComponentLibrary.cylib\BLE_v2_0\Library\gccCyBLEStack_BLE_SOC_PERIPHERAL.a(ll_advertiser.o)
                0x00002fa6                ll_get_adv_type

i.ll_handle_adv_intr
                0x00002fbc       0x50
 i.ll_handle_adv_intr
                0x00002fbc       0x50 C:\Program Files (x86)\Cypress\PSoC Creator\3.2\PSoC Creator\psoc\content\cycomponentlibrary\CyComponentLibrary.cylib\BLE_v2_0\Library\gccCyBLEStack_BLE_SOC_PERIPHERAL.a(ll_advertiser.o)
                0x00002fbc                ll_handle_adv_intr

i.ll_handle_set_adv_data
                0x0000300c       0x14
 i.ll_handle_set_adv_data
                0x0000300c       0x14 C:\Program Files (x86)\Cypress\PSoC Creator\3.2\PSoC Creator\psoc\content\cycomponentlibrary\CyComponentLibrary.cylib\BLE_v2_0\Library\gccCyBLEStack_BLE_SOC_PERIPHERAL.a(ll_advertiser.o)
                0x0000300c                ll_handle_set_adv_data

i.ll_handle_set_adv_parameters
                0x00003020       0x84
 i.ll_handle_set_adv_parameters
                0x00003020       0x84 C:\Program Files (x86)\Cypress\PSoC Creator\3.2\PSoC Creator\psoc\content\cycomponentlibrary\CyComponentLibrary.cylib\BLE_v2_0\Library\gccCyBLEStack_BLE_SOC_PERIPHERAL.a(ll_advertiser.o)
                0x00003020                ll_handle_set_adv_parameters

i.ll_handle_set_advertise_enable
                0x000030a4       0x70
 i.ll_handle_set_advertise_enable
                0x000030a4       0x70 C:\Program Files (x86)\Cypress\PSoC Creator\3.2\PSoC Creator\psoc\content\cycomponentlibrary\CyComponentLibrary.cylib\BLE_v2_0\Library\gccCyBLEStack_BLE_SOC_PERIPHERAL.a(ll_advertiser.o)
                0x000030a4                ll_handle_set_advertise_enable

i.ll_handle_set_scan_resp_data
                0x00003114       0x14
 i.ll_handle_set_scan_resp_data
                0x00003114       0x14 C:\Program Files (x86)\Cypress\PSoC Creator\3.2\PSoC Creator\psoc\content\cycomponentlibrary\CyComponentLibrary.cylib\BLE_v2_0\Library\gccCyBLEStack_BLE_SOC_PERIPHERAL.a(ll_advertiser.o)
                0x00003114                ll_handle_set_scan_resp_data

i.ll_init_advertiser
                0x00003128       0x68
 i.ll_init_advertiser
                0x00003128       0x68 C:\Program Files (x86)\Cypress\PSoC Creator\3.2\PSoC Creator\psoc\content\cycomponentlibrary\CyComponentLibrary.cylib\BLE_v2_0\Library\gccCyBLEStack_BLE_SOC_PERIPHERAL.a(ll_advertiser.o)
                0x00003128                ll_init_advertiser

i.is_le_connection_handle
                0x00003190       0x28
 i.is_le_connection_handle
                0x00003190       0x28 C:\Program Files (x86)\Cypress\PSoC Creator\3.2\PSoC Creator\psoc\content\cycomponentlibrary\CyComponentLibrary.cylib\BLE_v2_0\Library\gccCyBLEStack_BLE_SOC_PERIPHERAL.a(ll_connection.o)
                0x00003190                is_le_connection_handle

i.le_assign_connection_handle
                0x000031b8       0x28
 i.le_assign_connection_handle
                0x000031b8       0x28 C:\Program Files (x86)\Cypress\PSoC Creator\3.2\PSoC Creator\psoc\content\cycomponentlibrary\CyComponentLibrary.cylib\BLE_v2_0\Library\gccCyBLEStack_BLE_SOC_PERIPHERAL.a(ll_connection.o)
                0x000031b8                le_assign_connection_handle

i.le_get_connection_index
                0x000031e0        0x6
 i.le_get_connection_index
                0x000031e0        0x6 C:\Program Files (x86)\Cypress\PSoC Creator\3.2\PSoC Creator\psoc\content\cycomponentlibrary\CyComponentLibrary.cylib\BLE_v2_0\Library\gccCyBLEStack_BLE_SOC_PERIPHERAL.a(ll_connection.o)
                0x000031e0                le_get_connection_index

i.ll_allocate_connection
                0x000031e8       0x44
 i.ll_allocate_connection
                0x000031e8       0x44 C:\Program Files (x86)\Cypress\PSoC Creator\3.2\PSoC Creator\psoc\content\cycomponentlibrary\CyComponentLibrary.cylib\BLE_v2_0\Library\gccCyBLEStack_BLE_SOC_PERIPHERAL.a(ll_connection.o)
                0x000031e8                ll_allocate_connection

i.ll_calculate_and_program_def_win_widen_drift
                0x0000322c       0x14
 i.ll_calculate_and_program_def_win_widen_drift
                0x0000322c       0x14 C:\Program Files (x86)\Cypress\PSoC Creator\3.2\PSoC Creator\psoc\content\cycomponentlibrary\CyComponentLibrary.cylib\BLE_v2_0\Library\gccCyBLEStack_BLE_SOC_PERIPHERAL.a(ll_connection.o)
                0x0000322c                ll_calculate_and_program_def_win_widen_drift

i.ll_calculate_drift
                0x00003240       0x2c
 i.ll_calculate_drift
                0x00003240       0x2c C:\Program Files (x86)\Cypress\PSoC Creator\3.2\PSoC Creator\psoc\content\cycomponentlibrary\CyComponentLibrary.cylib\BLE_v2_0\Library\gccCyBLEStack_BLE_SOC_PERIPHERAL.a(ll_connection.o)
                0x00003240                ll_calculate_drift

i.ll_check_and_decrypt_ll_pdu
                0x0000326c       0x68
 i.ll_check_and_decrypt_ll_pdu
                0x0000326c       0x68 C:\Program Files (x86)\Cypress\PSoC Creator\3.2\PSoC Creator\psoc\content\cycomponentlibrary\CyComponentLibrary.cylib\BLE_v2_0\Library\gccCyBLEStack_BLE_SOC_PERIPHERAL.a(ll_connection.o)
                0x0000326c                ll_check_and_decrypt_ll_pdu

i.ll_check_and_decrypt_packet
                0x000032d4       0x6a
 i.ll_check_and_decrypt_packet
                0x000032d4       0x6a C:\Program Files (x86)\Cypress\PSoC Creator\3.2\PSoC Creator\psoc\content\cycomponentlibrary\CyComponentLibrary.cylib\BLE_v2_0\Library\gccCyBLEStack_BLE_SOC_PERIPHERAL.a(ll_connection.o)
                0x000032d4                ll_check_and_decrypt_packet

i.ll_check_and_encrypt_ll_pdu
                0x0000333e       0x72
 i.ll_check_and_encrypt_ll_pdu
                0x0000333e       0x72 C:\Program Files (x86)\Cypress\PSoC Creator\3.2\PSoC Creator\psoc\content\cycomponentlibrary\CyComponentLibrary.cylib\BLE_v2_0\Library\gccCyBLEStack_BLE_SOC_PERIPHERAL.a(ll_connection.o)
                0x0000333e                ll_check_and_encrypt_ll_pdu

i.ll_check_and_encrypt_packet
                0x000033b0       0x8a
 i.ll_check_and_encrypt_packet
                0x000033b0       0x8a C:\Program Files (x86)\Cypress\PSoC Creator\3.2\PSoC Creator\psoc\content\cycomponentlibrary\CyComponentLibrary.cylib\BLE_v2_0\Library\gccCyBLEStack_BLE_SOC_PERIPHERAL.a(ll_connection.o)
                0x000033b0                ll_check_and_encrypt_packet

i.ll_check_for_allowing_incoming_connection_update
                0x0000343a       0x42
 i.ll_check_for_allowing_incoming_connection_update
                0x0000343a       0x42 C:\Program Files (x86)\Cypress\PSoC Creator\3.2\PSoC Creator\psoc\content\cycomponentlibrary\CyComponentLibrary.cylib\BLE_v2_0\Library\gccCyBLEStack_BLE_SOC_PERIPHERAL.a(ll_connection.o)
                0x0000343a                ll_check_for_allowing_incoming_connection_update

i.ll_check_if_pdu_is_loaded_to_hardware
                0x0000347c       0x1c
 i.ll_check_if_pdu_is_loaded_to_hardware
                0x0000347c       0x1c C:\Program Files (x86)\Cypress\PSoC Creator\3.2\PSoC Creator\psoc\content\cycomponentlibrary\CyComponentLibrary.cylib\BLE_v2_0\Library\gccCyBLEStack_BLE_SOC_PERIPHERAL.a(ll_connection.o)
                0x0000347c                ll_check_if_pdu_is_loaded_to_hardware

i.ll_check_random_address_in_use_by_initiator
                0x00003498       0x30
 i.ll_check_random_address_in_use_by_initiator
                0x00003498       0x30 C:\Program Files (x86)\Cypress\PSoC Creator\3.2\PSoC Creator\psoc\content\cycomponentlibrary\CyComponentLibrary.cylib\BLE_v2_0\Library\gccCyBLEStack_BLE_SOC_PERIPHERAL.a(ll_connection.o)
                0x00003498                ll_check_random_address_in_use_by_initiator

i.ll_check_white_list_in_use_by_initiator
                0x000034c8       0x30
 i.ll_check_white_list_in_use_by_initiator
                0x000034c8       0x30 C:\Program Files (x86)\Cypress\PSoC Creator\3.2\PSoC Creator\psoc\content\cycomponentlibrary\CyComponentLibrary.cylib\BLE_v2_0\Library\gccCyBLEStack_BLE_SOC_PERIPHERAL.a(ll_connection.o)
                0x000034c8                ll_check_white_list_in_use_by_initiator

i.ll_conn_free_enc_txn_buffer
                0x000034f8       0x16
 i.ll_conn_free_enc_txn_buffer
                0x000034f8       0x16 C:\Program Files (x86)\Cypress\PSoC Creator\3.2\PSoC Creator\psoc\content\cycomponentlibrary\CyComponentLibrary.cylib\BLE_v2_0\Library\gccCyBLEStack_BLE_SOC_PERIPHERAL.a(ll_connection.o)
                0x000034f8                ll_conn_free_enc_txn_buffer

i.ll_conn_fsm_update_channel_state
                0x0000350e        0x6
 i.ll_conn_fsm_update_channel_state
                0x0000350e        0x6 C:\Program Files (x86)\Cypress\PSoC Creator\3.2\PSoC Creator\psoc\content\cycomponentlibrary\CyComponentLibrary.cylib\BLE_v2_0\Library\gccCyBLEStack_BLE_SOC_PERIPHERAL.a(ll_connection.o)
                0x0000350e                ll_conn_fsm_update_channel_state

i.ll_conn_fsm_update_conn_update_state
                0x00003514        0x6
 i.ll_conn_fsm_update_conn_update_state
                0x00003514        0x6 C:\Program Files (x86)\Cypress\PSoC Creator\3.2\PSoC Creator\psoc\content\cycomponentlibrary\CyComponentLibrary.cylib\BLE_v2_0\Library\gccCyBLEStack_BLE_SOC_PERIPHERAL.a(ll_connection.o)
                0x00003514                ll_conn_fsm_update_conn_update_state

i.ll_conn_fsm_update_enc_state
                0x0000351a        0x6
 i.ll_conn_fsm_update_enc_state
                0x0000351a        0x6 C:\Program Files (x86)\Cypress\PSoC Creator\3.2\PSoC Creator\psoc\content\cycomponentlibrary\CyComponentLibrary.cylib\BLE_v2_0\Library\gccCyBLEStack_BLE_SOC_PERIPHERAL.a(ll_connection.o)
                0x0000351a                ll_conn_fsm_update_enc_state

i.ll_conn_fsm_update_state
                0x00003520        0x4
 i.ll_conn_fsm_update_state
                0x00003520        0x4 C:\Program Files (x86)\Cypress\PSoC Creator\3.2\PSoC Creator\psoc\content\cycomponentlibrary\CyComponentLibrary.cylib\BLE_v2_0\Library\gccCyBLEStack_BLE_SOC_PERIPHERAL.a(ll_connection.o)
                0x00003520                ll_conn_fsm_update_state

i.ll_conn_handle_data_pdu_from_host_when_data_paused
                0x00003524        0x8
 i.ll_conn_handle_data_pdu_from_host_when_data_paused
                0x00003524        0x8 C:\Program Files (x86)\Cypress\PSoC Creator\3.2\PSoC Creator\psoc\content\cycomponentlibrary\CyComponentLibrary.cylib\BLE_v2_0\Library\gccCyBLEStack_BLE_SOC_PERIPHERAL.a(ll_connection.o)
                0x00003524                ll_conn_handle_data_pdu_from_host_when_data_paused

i.ll_conn_handle_direct_adv_timeout
                0x0000352c       0x2a
 i.ll_conn_handle_direct_adv_timeout
                0x0000352c       0x2a C:\Program Files (x86)\Cypress\PSoC Creator\3.2\PSoC Creator\psoc\content\cycomponentlibrary\CyComponentLibrary.cylib\BLE_v2_0\Library\gccCyBLEStack_BLE_SOC_PERIPHERAL.a(ll_connection.o)
                0x0000352c                ll_conn_handle_direct_adv_timeout

i.ll_conn_handle_ping_timer_expired_interrupt
                0x00003558       0x1c
 i.ll_conn_handle_ping_timer_expired_interrupt
                0x00003558       0x1c C:\Program Files (x86)\Cypress\PSoC Creator\3.2\PSoC Creator\psoc\content\cycomponentlibrary\CyComponentLibrary.cylib\BLE_v2_0\Library\gccCyBLEStack_BLE_SOC_PERIPHERAL.a(ll_connection.o)
                0x00003558                ll_conn_handle_ping_timer_expired_interrupt

i.ll_conn_handle_ping_timer_nearly_expired_interrupt
                0x00003574       0x20
 i.ll_conn_handle_ping_timer_nearly_expired_interrupt
                0x00003574       0x20 C:\Program Files (x86)\Cypress\PSoC Creator\3.2\PSoC Creator\psoc\content\cycomponentlibrary\CyComponentLibrary.cylib\BLE_v2_0\Library\gccCyBLEStack_BLE_SOC_PERIPHERAL.a(ll_connection.o)
                0x00003574                ll_conn_handle_ping_timer_nearly_expired_interrupt

i.ll_conn_handle_stop_connectable_adv
                0x00003594       0x12
 i.ll_conn_handle_stop_connectable_adv
                0x00003594       0x12 C:\Program Files (x86)\Cypress\PSoC Creator\3.2\PSoC Creator\psoc\content\cycomponentlibrary\CyComponentLibrary.cylib\BLE_v2_0\Library\gccCyBLEStack_BLE_SOC_PERIPHERAL.a(ll_connection.o)
                0x00003594                ll_conn_handle_stop_connectable_adv

i.ll_conn_process_pending_transactions
                0x000035a6        0x4
 i.ll_conn_process_pending_transactions
                0x000035a6        0x4 C:\Program Files (x86)\Cypress\PSoC Creator\3.2\PSoC Creator\psoc\content\cycomponentlibrary\CyComponentLibrary.cylib\BLE_v2_0\Library\gccCyBLEStack_BLE_SOC_PERIPHERAL.a(ll_connection.o)
                0x000035a6                ll_conn_process_pending_transactions

i.ll_conn_program_authenticated_payload_timer
                0x000035ac       0x50
 i.ll_conn_program_authenticated_payload_timer
                0x000035ac       0x50 C:\Program Files (x86)\Cypress\PSoC Creator\3.2\PSoC Creator\psoc\content\cycomponentlibrary\CyComponentLibrary.cylib\BLE_v2_0\Library\gccCyBLEStack_BLE_SOC_PERIPHERAL.a(ll_connection.o)
                0x000035ac                ll_conn_program_authenticated_payload_timer

i.ll_conn_read_data_pdu_from_hardware
                0x000035fc       0x14
 i.ll_conn_read_data_pdu_from_hardware
                0x000035fc       0x14 C:\Program Files (x86)\Cypress\PSoC Creator\3.2\PSoC Creator\psoc\content\cycomponentlibrary\CyComponentLibrary.cylib\BLE_v2_0\Library\gccCyBLEStack_BLE_SOC_PERIPHERAL.a(ll_connection.o)
                0x000035fc                ll_conn_read_data_pdu_from_hardware

i.ll_conn_send_ping_req_pdu
                0x00003610       0x40
 i.ll_conn_send_ping_req_pdu
                0x00003610       0x40 C:\Program Files (x86)\Cypress\PSoC Creator\3.2\PSoC Creator\psoc\content\cycomponentlibrary\CyComponentLibrary.cylib\BLE_v2_0\Library\gccCyBLEStack_BLE_SOC_PERIPHERAL.a(ll_connection.o)
                0x00003610                ll_conn_send_ping_req_pdu

i.ll_conn_store_pending_tx_pdu
                0x00003650       0x1a
 i.ll_conn_store_pending_tx_pdu
                0x00003650       0x1a C:\Program Files (x86)\Cypress\PSoC Creator\3.2\PSoC Creator\psoc\content\cycomponentlibrary\CyComponentLibrary.cylib\BLE_v2_0\Library\gccCyBLEStack_BLE_SOC_PERIPHERAL.a(ll_connection.o)
                0x00003650                ll_conn_store_pending_tx_pdu

i.ll_conn_update_rssi
                0x0000366a       0x16
 i.ll_conn_update_rssi
                0x0000366a       0x16 C:\Program Files (x86)\Cypress\PSoC Creator\3.2\PSoC Creator\psoc\content\cycomponentlibrary\CyComponentLibrary.cylib\BLE_v2_0\Library\gccCyBLEStack_BLE_SOC_PERIPHERAL.a(ll_connection.o)
                0x0000366a                ll_conn_update_rssi

i.ll_convert_hci_llid_to_ll_llid_host_to_controller
                0x00003680        0x8
 i.ll_convert_hci_llid_to_ll_llid_host_to_controller
                0x00003680        0x8 C:\Program Files (x86)\Cypress\PSoC Creator\3.2\PSoC Creator\psoc\content\cycomponentlibrary\CyComponentLibrary.cylib\BLE_v2_0\Library\gccCyBLEStack_BLE_SOC_PERIPHERAL.a(ll_connection.o)
                0x00003680                ll_convert_hci_llid_to_ll_llid_host_to_controller

i.ll_convert_ll_llid_to_hci_llid_controller_to_host
                0x00003688        0x2
 i.ll_convert_ll_llid_to_hci_llid_controller_to_host
                0x00003688        0x2 C:\Program Files (x86)\Cypress\PSoC Creator\3.2\PSoC Creator\psoc\content\cycomponentlibrary\CyComponentLibrary.cylib\BLE_v2_0\Library\gccCyBLEStack_BLE_SOC_PERIPHERAL.a(ll_connection.o)
                0x00003688                ll_convert_ll_llid_to_hci_llid_controller_to_host

i.ll_decode_and_program_connect_req
                0x0000368c       0xec
 i.ll_decode_and_program_connect_req
                0x0000368c       0xec C:\Program Files (x86)\Cypress\PSoC Creator\3.2\PSoC Creator\psoc\content\cycomponentlibrary\CyComponentLibrary.cylib\BLE_v2_0\Library\gccCyBLEStack_BLE_SOC_PERIPHERAL.a(ll_connection.o)
                0x0000368c                ll_decode_and_program_connect_req

i.ll_enc_fsm_derive_session_key
                0x00003778       0x46
 i.ll_enc_fsm_derive_session_key
                0x00003778       0x46 C:\Program Files (x86)\Cypress\PSoC Creator\3.2\PSoC Creator\psoc\content\cycomponentlibrary\CyComponentLibrary.cylib\BLE_v2_0\Library\gccCyBLEStack_BLE_SOC_PERIPHERAL.a(ll_connection.o)
                0x00003778                ll_enc_fsm_derive_session_key

i.ll_enc_handle_enc_complete
                0x000037be       0x68
 i.ll_enc_handle_enc_complete
                0x000037be       0x68 C:\Program Files (x86)\Cypress\PSoC Creator\3.2\PSoC Creator\psoc\content\cycomponentlibrary\CyComponentLibrary.cylib\BLE_v2_0\Library\gccCyBLEStack_BLE_SOC_PERIPHERAL.a(ll_connection.o)
                0x000037be                ll_enc_handle_enc_complete

i.ll_enc_handle_enc_failure
                0x00003828       0xa4
 i.ll_enc_handle_enc_failure
                0x00003828       0xa4 C:\Program Files (x86)\Cypress\PSoC Creator\3.2\PSoC Creator\psoc\content\cycomponentlibrary\CyComponentLibrary.cylib\BLE_v2_0\Library\gccCyBLEStack_BLE_SOC_PERIPHERAL.a(ll_connection.o)
                0x00003828                ll_enc_handle_enc_failure

i.ll_enc_handle_ll_reject_pdu_cb
                0x000038cc       0x24
 i.ll_enc_handle_ll_reject_pdu_cb
                0x000038cc       0x24 C:\Program Files (x86)\Cypress\PSoC Creator\3.2\PSoC Creator\psoc\content\cycomponentlibrary\CyComponentLibrary.cylib\BLE_v2_0\Library\gccCyBLEStack_BLE_SOC_PERIPHERAL.a(ll_connection.o)
                0x000038cc                ll_enc_handle_ll_reject_pdu_cb

i.ll_enc_handle_ll_terminate_pdu
                0x000038f0       0x16
 i.ll_enc_handle_ll_terminate_pdu
                0x000038f0       0x16 C:\Program Files (x86)\Cypress\PSoC Creator\3.2\PSoC Creator\psoc\content\cycomponentlibrary\CyComponentLibrary.cylib\BLE_v2_0\Library\gccCyBLEStack_BLE_SOC_PERIPHERAL.a(ll_connection.o)
                0x000038f0                ll_enc_handle_ll_terminate_pdu

i.ll_enc_handle_ll_unknown_resp_pdu_cb
                0x00003906       0x24
 i.ll_enc_handle_ll_unknown_resp_pdu_cb
                0x00003906       0x24 C:\Program Files (x86)\Cypress\PSoC Creator\3.2\PSoC Creator\psoc\content\cycomponentlibrary\CyComponentLibrary.cylib\BLE_v2_0\Library\gccCyBLEStack_BLE_SOC_PERIPHERAL.a(ll_connection.o)
                0x00003906                ll_enc_handle_ll_unknown_resp_pdu_cb

i.ll_enc_handle_slave_await_to_start_cb
                0x0000392c       0x80
 i.ll_enc_handle_slave_await_to_start_cb
                0x0000392c       0x80 C:\Program Files (x86)\Cypress\PSoC Creator\3.2\PSoC Creator\psoc\content\cycomponentlibrary\CyComponentLibrary.cylib\BLE_v2_0\Library\gccCyBLEStack_BLE_SOC_PERIPHERAL.a(ll_connection.o)
                0x0000392c                ll_enc_handle_slave_await_to_start_cb

i.ll_enc_handle_slave_enc_resp_ack_cb
                0x000039ac       0x28
 i.ll_enc_handle_slave_enc_resp_ack_cb
                0x000039ac       0x28 C:\Program Files (x86)\Cypress\PSoC Creator\3.2\PSoC Creator\psoc\content\cycomponentlibrary\CyComponentLibrary.cylib\BLE_v2_0\Library\gccCyBLEStack_BLE_SOC_PERIPHERAL.a(ll_connection.o)
                0x000039ac                ll_enc_handle_slave_enc_resp_ack_cb

i.ll_enc_handle_slave_ltk_neg_reply_cb
                0x000039d4       0x60
 i.ll_enc_handle_slave_ltk_neg_reply_cb
                0x000039d4       0x60 C:\Program Files (x86)\Cypress\PSoC Creator\3.2\PSoC Creator\psoc\content\cycomponentlibrary\CyComponentLibrary.cylib\BLE_v2_0\Library\gccCyBLEStack_BLE_SOC_PERIPHERAL.a(ll_connection.o)
                0x000039d4                ll_enc_handle_slave_ltk_neg_reply_cb

i.ll_enc_handle_slave_pause_enc_req_cb
                0x00003a34       0x46
 i.ll_enc_handle_slave_pause_enc_req_cb
                0x00003a34       0x46 C:\Program Files (x86)\Cypress\PSoC Creator\3.2\PSoC Creator\psoc\content\cycomponentlibrary\CyComponentLibrary.cylib\BLE_v2_0\Library\gccCyBLEStack_BLE_SOC_PERIPHERAL.a(ll_connection.o)
                0x00003a34                ll_enc_handle_slave_pause_enc_req_cb

i.ll_enc_handle_slave_pause_enc_resp_cb
                0x00003a7a       0x10
 i.ll_enc_handle_slave_pause_enc_resp_cb
                0x00003a7a       0x10 C:\Program Files (x86)\Cypress\PSoC Creator\3.2\PSoC Creator\psoc\content\cycomponentlibrary\CyComponentLibrary.cylib\BLE_v2_0\Library\gccCyBLEStack_BLE_SOC_PERIPHERAL.a(ll_connection.o)
                0x00003a7a                ll_enc_handle_slave_pause_enc_resp_cb

i.ll_enc_handle_slave_reject_ind_ack_cb